12-01 08:50:23.227 W/ActivityManager( 2118): Scheduling restart of crashed service com.google.android.gms/com.google.android.location.internal.GoogleLocationManagerService in 1000ms
12-01 08:50:23.227 W/ActivityManager( 2118): Scheduling restart of crashed service com.google.android.gms/.deviceconnection.service.DeviceConnectionWatcherService in 11000ms
12-01 08:50:23.227 W/ActivityManager( 2118): Scheduling restart of crashed service com.google.android.gms/.auth.setup.devicesignals.LockScreenService in 21000ms
12-01 08:50:23.227 W/ActivityManager( 2118): Scheduling restart of crashed service com.google.android.gms/com.google.android.location.geocode.GeocodeService in 31000ms
12-01 08:50:23.228 W/ActivityManager( 2118): Scheduling restart of crashed service com.google.android.gms/.location.persistent.LocationPersistentService in 41000ms
12-01 08:50:23.228 W/ActivityManager( 2118): Scheduling restart of crashed service com.google.android.gms/.gcm.GcmService in 51000ms
12-01 08:50:23.228 W/ActivityManager( 2118): Scheduling restart of crashed service com.google.android.gms/com.google.android.location.internal.PendingIntentCallbackService in 61000ms
12-01 08:50:23.228 W/ActivityManager( 2118): Scheduling restart of crashed service com.google.android.gms/com.google.android.location.internal.server.HardwareArProviderService in 61000ms
12-01 08:50:23.228 W/ActivityManager( 2118): Scheduling restart of crashed service com.google.android.gms/.common.stats.GmsCoreStatsService in 71000ms
12-01 08:50:23.228 W/ActivityManager( 2118): Scheduling restart of crashed service com.google.android.gms/.chimera.PersistentIntentOperationService in 81000ms
12-01 08:50:23.228 W/ActivityManager( 2118): Scheduling restart of crashed service com.google.android.gms/com.google.android.location.geofencer.service.GeofenceProviderService in 91000ms
12-01 08:50:23.228 W/ActivityManager( 2118): Scheduling restart of crashed service com.google.android.gms/com.google.android.location.fused.FusedLocationService in 100999ms
12-01 08:50:23.228 W/ActivityManager( 2118): Scheduling restart of crashed service com.google.android.gms/.gcm.http.GoogleHttpService in 110999ms
12-01 08:50:23.229 W/ActivityManager( 2118): Scheduling restart of crashed service com.google.android.gms/com.google.android.location.network.NetworkLocationService in 120999ms
12-01 08:50:23.229 W/ActivityManager( 2118): Scheduling restart of crashed service com.google.android.gms/.gcm.nts.SchedulerService in 130999ms
12-01 08:50:23.229 W/ActivityManager( 2118): Scheduling restart of crashed service com.google.android.gms/com.google.android.location.internal.server.GoogleLocationService in 140999ms
12-01 08:50:23.229 W/ActivityManager( 2118): Scheduling restart of crashed service com.google.android.gms/.nearby.sharing.ReceiveSurfaceService in 150999ms
12-01 08:50:23.229 W/ActivityManager( 2118): Scheduling restart of crashed service com.google.android.gms/com.google.android.contextmanager.service.ContextManagerService in 160999ms
12-01 08:50:23.229 W/ActivityManager( 2118): Scheduling restart of crashed service com.google.android.gms/.fido.fido2.pollux.CableAuthenticatorService in 170999ms
12-01 08:50:23.229 W/ActivityManager( 2118): Scheduling restart of crashed service com.google.android.gms/.chimera.PersistentApiService in 180999ms
12-01 08:50:23.229 W/ActivityManager( 2118): Scheduling restart of crashed service com.google.android.gms/.thunderbird.EmergencyPersistentService in 190999ms
12-01 08:50:23.229 W/ActivityManager( 2118): Scheduling restart of crashed service com.google.android.gms/.clearcut.debug.ClearcutDebugDumpService in 200998ms
12-01 08:50:23.229 W/ActivityManager( 2118): Scheduling restart of crashed service com.google.android.gms/.nearby.exposurenotification.service.ExposureMatchingService in 210998ms
12-01 08:50:23.229 W/ActivityManager( 2118): Scheduling restart of crashed service com.google.android.gms/.chimera.PersistentDirectBootAwareApiService in 220998ms
12-01 08:50:23.230 I/ActivityThread(13427): Removing dead content provider:android.content.ContentProviderProxy@60984c5
12-01 08:50:23.231 I/ActivityManager( 2118): Killing 13059:com.google.android.gms.unstable/u0a165 (adj 100): change com.google.android.gms
12-01 08:50:23.231 W/ActivityManager( 2118): Scheduling restart of crashed service com.google.android.gms/.droidguard.DroidGuardService in 230996ms
12-01 08:50:23.232 I/ActivityManager( 2118): Killing 14215:com.google.android.gms.ui/u0a165 (adj 915): change com.google.android.gms
12-01 08:50:23.233 I/ActivityManager( 2118): Killing 13427:com.google.android.gms/u0a165 (adj 100): change com.google.android.gms
12-01 08:50:23.234 W/ActivityManager( 2118): Scheduling restart of crashed service com.google.android.gms/.chimera.GmsIntentOperationService in 240993ms
12-01 08:50:23.246 I/RoleManagerService( 2118): Granting default permissions...
12-01 08:50:23.306 I/ActivityManager( 2118): Start proc 14696:com.google.android.gms.persistent/u0a165 for service {com.google.android.gms/com.google.android.location.network.NetworkLocationService}
12-01 08:50:23.327 I/Telecom ( 2118): DefaultDialerCache: Refreshing default dialer for user 0: now com.android.dialer: DDC.oR@AOk
12-01 08:50:23.343 W/VoiceInteractionManagerService( 2118): no available voice interaction services found for user 0
12-01 08:50:23.349 W/ActivityManager( 2118): Slow operation: 81ms so far, now at startProcess: returned from zygote!
12-01 08:50:23.350 W/ActivityManager( 2118): Slow operation: 81ms so far, now at startProcess: done updating battery stats
12-01 08:50:23.350 W/ActivityManager( 2118): Slow operation: 81ms so far, now at startProcess: building log message
12-01 08:50:23.350 I/ActivityManager( 2118): Start proc 14709:com.google.android.gms/u0a165 for content provider {com.google.android.gms/com.google.android.gms.people.service.galprovider.PeopleGalProvider}
12-01 08:50:23.350 W/ActivityManager( 2118): Slow operation: 81ms so far, now at startProcess: starting to update pids map
12-01 08:50:23.350 W/ActivityManager( 2118): Slow operation: 81ms so far, now at startProcess: done updating pids map
12-01 08:50:23.367 I/ActivityManager( 2118): Start proc 14715:com.android.permissioncontroller/u0a125 for service {com.android.permissioncontroller/com.android.packageinstaller.role.service.RoleControllerServiceImpl}
12-01 08:50:23.423 D/ConnectivityService( 2118): ConnectivityService NetworkRequestInfo binderDied(NetworkRequest [ LISTEN id=25, [ Capabilities: NOT_RESTRICTED Uid: 10165] ], android.os.BinderProxy@bda2662)
12-01 08:50:23.844 I/ActivityManager( 2118): Start proc 14794:com.google.android.gms.unstable/u0a165 for service {com.google.android.gms/com.google.android.gms.droidguard.DroidGuardService}
12-01 08:50:23.882 I/RoleUserState( 2118): Wrote roles.xml successfully
12-01 08:50:26.175 D/TextClassifierService( 6381): No configured system TextClassifierService
12-01 08:50:26.189 D/TextClassifierService( 6381): No configured system TextClassifierService
12-01 08:50:28.773 W/ActivityManager( 2118): Unable to start service Intent { act=com.android.launcher3.WINDOW_OVERLAY dat=app://com.android.launcher3:10168?v=9&cv=14 pkg=com.google.android.googlequicksearchbox } U=0: not found
12-01 08:50:29.263 V/AppLockService( 2118): setForegroundApp(com.android.launcher3)
12-01 08:50:29.634 I/ActivityManager( 2118): Killing 5457:org.telegram.plus/u0a709 (adj 905): remove task
12-01 08:50:29.679 W/ActivityManager( 2118): Unable to start service Intent { act=com.google.android.gms.drive.ApiService.RESET_AFTER_BOOT flg=0x4 cmp=com.google.android.gms/.drive.api.ApiService (has extras) } U=0: not found
12-01 08:50:29.822 I/ActivityManager( 2118): Start proc 14886:com.google.android.apps.wellbeing/u0a99 for broadcast {com.google.android.apps.wellbeing/com.google.android.apps.wellbeing.autodnd.impl.ContextManagerRestartBroadcastReceiver_Receiver}
12-01 08:50:29.854 D/ConnectivityService( 2118): ConnectivityService NetworkRequestInfo binderDied(NetworkRequest [ LISTEN id=32, [ Capabilities: INTERNET&NOT_RESTRICTED&TRUSTED&NOT_VPN&FOREGROUND Uid: 10709] ], android.os.BinderProxy@c0b9e01)
12-01 08:50:29.855 I/WindowManager( 2118): WIN DEATH: Window{f4d9923 u0 org.telegram.plus/org.telegram.ui.LaunchActivity}
12-01 08:50:29.870 W/ActivityManager( 2118): setHasOverlayUi called on <private info omitted> pid: 5457
12-01 08:50:30.105 I/ActivityManager( 2118): Killing 5418:com.android.settings/1000 (adj 905): remove task
12-01 08:50:30.171 I/WindowManager( 2118): WIN DEATH: Window{fd761ab u0 com.android.settings/com.android.settings.SubSettings}
12-01 08:50:30.184 W/ActivityManager( 2118): setHasOverlayUi called on <private info omitted> pid: 5418
12-01 08:50:31.701 I/ActivityTaskManager( 2118): START u0 {act=android.intent.action.MAIN cat=[android.intent.category.LAUNCHER] flg=0x10200000 cmp=moe.shizuku.redirectstorage/.MainActivity bnds=[30,744][234,1098]} from uid 10168
12-01 08:50:31.741 I/ActivityManager( 2118): Start proc 5480:moe.shizuku.redirectstorage/u0a699 for pre-top-activity {moe.shizuku.redirectstorage/moe.shizuku.redirectstorage.MainActivity}
12-01 08:50:31.986 V/AppLockService( 2118): setForegroundApp(moe.shizuku.redirectstorage)
12-01 08:50:33.956 W/ActivityManager( 2118): Unable to start service Intent { act=com.android.launcher3.WINDOW_OVERLAY dat=app://com.android.launcher3:10168?v=9&cv=14 pkg=com.google.android.googlequicksearchbox } U=0: not found
12-01 08:50:35.202 V/AppLockService( 2118): setForegroundApp(com.android.launcher3)
12-01 08:50:35.601 I/ActivityManager( 2118): Killing 14038:com.google.android.apps.turbo:ssb/u0a147 (adj 975): empty #17
12-01 08:50:35.604 I/ActivityManager( 2118): Killing 5480:moe.shizuku.redirectstorage/u0a699 (adj 905): remove task
12-01 08:50:35.671 D/ConnectivityService( 2118): ConnectivityService NetworkRequestInfo binderDied(NetworkRequest [ LISTEN id=45, [ Capabilities: INTERNET&NOT_RESTRICTED&TRUSTED&NOT_VPN&FOREGROUND Uid: 10699] ], android.os.BinderProxy@6459cae)
12-01 08:50:35.672 I/WindowManager( 2118): WIN DEATH: Window{4fcfa11 u0 moe.shizuku.redirectstorage/moe.shizuku.redirectstorage.MainActivity}
12-01 08:50:35.684 W/ActivityManager( 2118): setHasOverlayUi called on <private info omitted> pid: 5480
12-01 08:50:36.311 I/ActivityTaskManager( 2118): START u0 {act=android.intent.action.MAIN cat=[android.intent.category.LAUNCHER] flg=0x10200000 cmp=com.coolapk.market/.view.main.MainActivity bnds=[635,1300][825,1520]} from uid 10168
12-01 08:50:36.348 I/ActivityManager( 2118): Start proc 5483:com.coolapk.market/u0a714 for pre-top-activity {com.coolapk.market/com.coolapk.market.view.main.MainActivity}
12-01 08:50:36.864 I/ActivityTaskManager( 2118): START u0 {act=android.content.pm.action.REQUEST_PERMISSIONS pkg=com.android.permissioncontroller cmp=com.android.permissioncontroller/com.android.packageinstaller.permission.ui.GrantPermissionsActivity (has extras)} from uid 10714
12-01 08:50:36.982 V/AppLockService( 2118): setForegroundApp(com.coolapk.market)
12-01 08:50:37.167 V/AppLockService( 2118): setForegroundApp(com.android.permissioncontroller)
12-01 08:50:37.171 V/AppLockService( 2118): setForegroundApp(com.coolapk.market)
12-01 08:50:37.862 I/RoleManagerService( 2118): Granting default permissions...
12-01 08:50:37.894 I/Telecom ( 2118): DefaultDialerCache: Refreshing default dialer for user 0: now com.android.dialer: DDC.oR@AOo
12-01 08:50:37.901 W/VoiceInteractionManagerService( 2118): no available voice interaction services found for user 0
12-01 08:50:38.233 I/RoleUserState( 2118): Wrote roles.xml successfully
12-01 08:50:38.849 I/ActivityTaskManager( 2118): START u0 {cmp=com.coolapk.market/.view.notification.NotificationActivity (has extras)} from uid 10714
12-01 08:50:38.934 V/AppLockService( 2118): setForegroundApp(com.coolapk.market)
12-01 08:50:39.071 I/RoleManagerService( 2118): Granting default permissions...
12-01 08:50:39.138 I/Telecom ( 2118): DefaultDialerCache: Refreshing default dialer for user 0: now com.android.dialer: DDC.oR@AOs
12-01 08:50:39.203 W/VoiceInteractionManagerService( 2118): no available voice interaction services found for user 0
12-01 08:50:39.602 I/RoleUserState( 2118): Wrote roles.xml successfully
12-01 08:50:40.305 I/ActivityTaskManager( 2118): START u0 {cmp=com.coolapk.market/.view.feed.FeedDetailActivityV8 (has extras)} from uid 10714
12-01 08:50:40.426 V/AppLockService( 2118): setForegroundApp(com.coolapk.market)
12-01 08:50:44.053 I/ActivityTaskManager( 2118): START u0 {flg=0x10000 cmp=com.coolapk.market/.view.feed.ReplyActivity (has extras)} from uid 10714
12-01 08:50:44.210 V/AppLockService( 2118): setForegroundApp(com.coolapk.market)
12-01 08:50:44.341 I/DropBoxManagerService( 2118): add tag=system_server_wtf isTagEnabled=true flags=0x2
12-01 08:50:44.351 D/ConnectivityService( 2118): Blocked status changed to false for 10226(18) on netId 100
12-01 08:50:44.351 D/ConnectivityService( 2118): Blocked status changed to false for 10226(19) on netId 100
12-01 08:50:44.351 D/ConnectivityService( 2118): Blocked status changed to false for 10226(19) on netId 101
12-01 08:50:44.712 D/ConnectivityService( 2118): reportNetworkConnectivity(100, false) by 10165
12-01 08:50:45.044 D/ConnectivityService( 2118): Blocked status changed to true for 10226(18) on netId 100
12-01 08:50:45.044 D/ConnectivityService( 2118): Blocked status changed to true for 10226(19) on netId 100
12-01 08:50:45.045 D/ConnectivityService( 2118): Blocked status changed to true for 10226(19) on netId 101
12-01 08:50:45.129 W/BroadcastQueue( 2118): Background execution not allowed: receiving Intent { act=android.net.conn.NETWORK_CONDITIONS_MEASURED flg=0x10 (has extras) } to com.google.android.gms/.chimera.GmsIntentOperationService$PersistentTrustedReceiver
12-01 08:50:45.132 D/ConnectivityService( 2118): NetworkAgentInfo [MOBILE (LTE) - 100] validation passed
12-01 08:50:46.352 W/BroadcastQueue( 2118): Background execution not allowed: receiving Intent { act=android.intent.action.DROPBOX_ENTRY_ADDED flg=0x10 (has extras) } to com.google.android.gms/.stats.service.DropBoxEntryAddedReceiver
12-01 08:50:46.352 W/BroadcastQueue( 2118): Background execution not allowed: receiving Intent { act=android.intent.action.DROPBOX_ENTRY_ADDED flg=0x10 (has extras) } to com.google.android.gms/.chimera.GmsIntentOperationService$PersistentTrustedReceiver
12-01 08:50:46.934 D/ConnectivityService( 2118): Blocked status changed to false for 10226(18) on netId 100
12-01 08:50:46.935 D/ConnectivityService( 2118): Blocked status changed to false for 10226(19) on netId 100
12-01 08:50:46.935 D/ConnectivityService( 2118): Blocked status changed to false for 10226(19) on netId 101
12-01 08:50:47.591 W/ActivityManager( 2118): Unable to start service Intent { act=com.android.launcher3.WINDOW_OVERLAY dat=app://com.android.launcher3:10168?v=9&cv=14 pkg=com.google.android.googlequicksearchbox } U=0: not found
12-01 08:50:49.217 W/ActivityManager( 2118): Unable to start service Intent { act=com.android.launcher3.WINDOW_OVERLAY dat=app://com.android.launcher3:10168?v=9&cv=14 pkg=com.google.android.googlequicksearchbox } U=0: not found
12-01 08:50:50.200 E/KernelCpuUidUserSysTimeReader( 2118): Negative user/sys time delta for UID=10657
12-01 08:50:50.200 E/KernelCpuUidUserSysTimeReader( 2118): Prev times: u=410000 s=170000 Curr times: u=490000 s=160000
12-01 08:50:50.201 E/KernelCpuUidUserSysTimeReader( 2118): Negative user/sys time delta for UID=10209
12-01 08:50:50.201 E/KernelCpuUidUserSysTimeReader( 2118): Prev times: u=180000 s=180000 Curr times: u=140000 s=110000
12-01 08:50:50.260 E/BatteryExternalStatsWorker( 2118): no controller energy info supplied for bluetooth
12-01 08:50:53.950 W/ActivityManager( 2118): Unable to start service Intent { act=com.android.launcher3.WINDOW_OVERLAY dat=app://com.android.launcher3:10168?v=9&cv=14 pkg=com.google.android.googlequicksearchbox } U=0: not found
12-01 08:50:54.169 W/ActivityManager( 2118): Unable to start service Intent { act=com.android.launcher3.WINDOW_OVERLAY dat=app://com.android.launcher3:10168?v=9&cv=14 pkg=com.google.android.googlequicksearchbox } U=0: not found
12-01 08:50:54.470 E/WindowManager( 2118): Performed 6 layouts in a row. Skipping
12-01 08:50:54.484 E/WindowManager( 2118): Performed 6 layouts in a row. Skipping
12-01 08:50:54.485 I/ActivityTaskManager( 2118): Activity reported stop, but no longer stopping: ActivityRecord{c22477d u0 com.android.launcher3/.lineage.LineageLauncher t2}
12-01 08:50:54.498 E/WindowManager( 2118): Performed 6 layouts in a row. Skipping
12-01 08:50:54.512 E/WindowManager( 2118): Performed 6 layouts in a row. Skipping
12-01 08:50:54.515 W/ActivityManager( 2118): Unable to start service Intent { act=com.android.launcher3.WINDOW_OVERLAY dat=app://com.android.launcher3:10168?v=9&cv=14 pkg=com.google.android.googlequicksearchbox } U=0: not found
12-01 08:50:54.527 E/WindowManager( 2118): Performed 6 layouts in a row. Skipping
12-01 08:50:54.539 E/WindowManager( 2118): Performed 6 layouts in a row. Skipping
12-01 08:51:00.020 I/ActivityManager( 2118): Killing 5440:com.android.providers.calendar/u0a129 (adj 975): empty #17
12-01 08:51:09.983 I/ActivityManager( 2118): Killing 12512:com.microsoft.todos/u0a587 (adj 975): empty #17
12-01 08:51:10.153 I/ActivityManager( 2118): Start proc 15193:com.google.android.apps.turbo:aab/u0a147 for service {com.google.android.apps.turbo/com.google.android.libraries.smartbattery.appusage.library.InferAppBucketsJob}
12-01 08:51:10.761 I/ActivityManager( 2118): Killing 13887:com.android.webview:sandboxed_process1:org.chromium.content.app.SandboxedProcessService1:0/u0a203i2 (adj 965): empty #17
12-01 08:51:10.799 W/ActivityManager( 2118): Scheduling restart of crashed service com.tencent.mm/org.chromium.content.app.SandboxedProcessService1:0 in 1000ms
12-01 08:51:10.869 D/ConnectivityService( 2118): ConnectivityService NetworkRequestInfo binderDied(NetworkRequest [ TRACK_DEFAULT id=40, [ Capabilities: INTERNET&NOT_RESTRICTED&TRUSTED Uid: 10203] ], android.os.BinderProxy@c423457)
12-01 08:51:10.869 D/ConnectivityService( 2118): ConnectivityService NetworkRequestInfo binderDied(NetworkRequest [ LISTEN id=41, [ Capabilities: INTERNET&NOT_RESTRICTED&TRUSTED Uid: 10203] ], android.os.BinderProxy@66cfb44)
12-01 08:51:10.869 D/ConnectivityService( 2118): releasing NetworkRequest [ TRACK_DEFAULT id=40, [ Capabilities: INTERNET&NOT_RESTRICTED&TRUSTED Uid: 10203] ] (release request)
12-01 08:51:10.874 I/ActivityManager( 2118): Process com.tencent.mm:toolsmp (pid 13500) has died: cch+65 CEM 
12-01 08:51:14.756 D/ConnectivityService( 2118): reportNetworkConnectivity(100, false) by 10165
12-01 08:51:15.165 W/BroadcastQueue( 2118): Background execution not allowed: receiving Intent { act=android.net.conn.NETWORK_CONDITIONS_MEASURED flg=0x10 (has extras) } to com.google.android.gms/.chimera.GmsIntentOperationService$PersistentTrustedReceiver
12-01 08:51:15.172 D/ConnectivityService( 2118): NetworkAgentInfo [MOBILE (LTE) - 100] validation passed
12-01 08:51:15.897 W/ActivityManager( 2118): Unable to start service Intent { act=com.android.launcher3.WINDOW_OVERLAY dat=app://com.android.launcher3:10168?v=9&cv=14 pkg=com.google.android.googlequicksearchbox } U=0: not found
12-01 08:51:28.166 V/AppLockService( 2118): setForegroundApp(com.coolapk.market)
12-01 08:51:28.207 D/ConnectivityService( 2118): Blocked status changed to true for 10226(18) on netId 100
12-01 08:51:28.207 D/ConnectivityService( 2118): Blocked status changed to true for 10226(19) on netId 100
12-01 08:51:28.208 D/ConnectivityService( 2118): Blocked status changed to true for 10226(19) on netId 101
12-01 08:51:38.744 V/AppLockService( 2118): setForegroundApp(com.coolapk.market)
12-01 08:51:39.833 W/ActivityTaskManager( 2118): Duplicate finish request for ActivityRecord{2f46081 u0 com.coolapk.market/.view.notification.NotificationActivity t6 f}
12-01 08:51:39.867 V/AppLockService( 2118): setForegroundApp(com.coolapk.market)
12-01 08:51:41.495 D/ConnectivityService( 2118): requestNetwork for uid/pid:10165/14696 NetworkRequest [ TRACK_DEFAULT id=46, [ Capabilities: INTERNET&NOT_RESTRICTED&TRUSTED Uid: 10165] ]
12-01 08:51:46.896 I/ActivityManager( 2118): Start proc 15315:com.android.cellbroadcastreceiver/u0a126 for broadcast {com.android.cellbroadcastreceiver/com.android.cellbroadcastreceiver.CellBroadcastReceiver}
12-01 08:51:46.900 W/TelecomFramework( 6084): AccountEntry: registerMmTelCapabilityCallback: registration failed, no ImsService available. Exception: CapabilityCallbackManager - MmTelFeature binder is dead. (code: 1)
12-01 08:51:48.846 W/ActivityManager( 2118): Unable to start service Intent { act=com.android.launcher3.WINDOW_OVERLAY dat=app://com.android.launcher3:10168?v=9&cv=14 pkg=com.google.android.googlequicksearchbox } U=0: not found
12-01 08:51:50.130 V/AppLockService( 2118): setForegroundApp(com.android.launcher3)
12-01 08:51:50.878 I/ActivityManager( 2118): Killing 14286:com.tencent.mm:hotpot../u0a203 (adj 975): empty #17
12-01 08:51:50.886 I/ActivityManager( 2118): Killing 5483:com.coolapk.market/u0a714 (adj 905): remove task
12-01 08:51:50.957 W/ActivityManager( 2118): setHasOverlayUi called on <private info omitted> pid: 5483
12-01 08:51:53.295 D/ConnectivityService( 2118): NetworkAgentInfo [MOBILE (LTE) - 100] EVENT_NETWORK_INFO_CHANGED, going from CONNECTED to DISCONNECTED
12-01 08:51:53.296 D/ConnectivityService( 2118): NetworkAgentInfo [MOBILE (LTE) - 100] got DISCONNECTED, was satisfying 25
12-01 08:51:53.305 I/ActivityManager( 2118): Start proc 15337:com.android.carrierdefaultapp/u0a146 for broadcast {com.android.carrierdefaultapp/com.android.carrierdefaultapp.CarrierDefaultBroadcastReceiver}
12-01 08:51:53.368 D/ConnectivityService( 2118): Sending DISCONNECTED broadcast for type 0 NetworkAgentInfo [MOBILE (LTE) - 100] isDefaultNetwork=true
12-01 08:51:53.686 W/ContextImpl( 2118): Calling a method in the system process without a qualified user: android.app.ContextImpl.startService:1570 com.android.server.smartpixels.SmartPixelsReceiver$SettingsObserver.update:123 com.android.server.smartpixels.SmartPixelsReceiver.onReceive:153 android.app.LoadedApk$ReceiverDispatcher$Args.lambda$getRunnable$0$LoadedApk$ReceiverDispatcher$Args:1555 android.app.-$$Lambda$LoadedApk$ReceiverDispatcher$Args$YBWo_pyjHgkQEJgfA2r9yWoWRQA.run:2 
12-01 08:51:53.723 D/ConnectivityService( 2118): Blocked status changed to true for 10203(42) on netId 101
12-01 08:51:53.723 D/ConnectivityService( 2118): Blocked status changed to true for 10203(43) on netId 101
12-01 08:51:56.623 I/PowerManagerService( 2118): Going to sleep due to application (uid 10168)...
12-01 08:51:56.625 W/UsageStatsService( 2118): Event reported without a package name, eventType:16
12-01 08:51:56.640 V/DisplayPowerController( 2118): Brightness [6] reason changing to: 'automatic [ dim ]', previous reason: 'automatic'.
12-01 08:51:56.643 I/DreamManagerService( 2118): Entering dreamland.
12-01 08:51:56.644 I/PowerManagerService( 2118): Dozing...
12-01 08:51:56.645 I/DreamController( 2118): Starting dream: name=ComponentInfo{com.android.systemui/com.android.systemui.doze.DozeService}, isTest=false, canDoze=true, userId=0
12-01 08:51:56.792 V/DisplayPowerController( 2118): Brightness [45] reason changing to: 'automatic', previous reason: 'automatic [ dim ]'.
12-01 08:51:56.812 V/DisplayPowerController( 2118): Brightness [17] reason changing to: 'doze', previous reason: 'automatic'.
12-01 08:51:57.214 I/DisplayPowerController( 2118): Blocking screen off
12-01 08:51:57.216 I/DisplayPowerController( 2118): Unblocked screen off after 1 ms
12-01 08:51:57.240 D/ActivityTaskManager( 2118): Top Process State changed to PROCESS_STATE_TOP_SLEEPING
12-01 08:51:57.246 E/KernelCpuUidUserSysTimeReader( 2118): Negative user/sys time delta for UID=99002
12-01 08:51:57.246 E/KernelCpuUidUserSysTimeReader( 2118): Prev times: u=12150000 s=3600000 Curr times: u=12130000 s=3570000
12-01 08:51:57.298 V/DisplayPowerController( 2118): Brightness [0] reason changing to: 'screen_off', previous reason: 'doze'.
12-01 08:51:57.317 I/DisplayManagerService( 2118): Display device changed state: "Built-in Screen", OFF
12-01 08:51:57.357 D/QMI_FW  ( 1239): chen-screen off: is_screen_off = 1 
12-01 08:51:57.364 D/QMI_FW  ( 1290): chen-screen off: is_screen_off = 1 
12-01 08:51:57.559 W/UsageStatsService( 2118): Event reported without a package name, eventType:17
12-01 08:51:57.595 W/BroadcastQueue( 2118): Background execution not allowed: receiving Intent { act=android.location.PROVIDERS_CHANGED flg=0x10 (has extras) } to com.google.android.gms/com.google.android.location.internal.NlpNetworkProviderSettingsUpdateReceiver
12-01 08:51:57.597 W/BroadcastQueue( 2118): Background execution not allowed: receiving Intent { act=android.location.PROVIDERS_CHANGED flg=0x10 (has extras) } to com.google.android.gms/.chimera.GmsIntentOperationService$PersistentTrustedReceiver
12-01 08:51:57.599 W/BroadcastQueue( 2118): Background execution not allowed: receiving Intent { act=android.location.PROVIDERS_CHANGED flg=0x10 (has extras) } to com.google.android.gms/com.google.android.location.internal.NlpNetworkProviderSettingsUpdateReceiver
12-01 08:51:57.599 W/BroadcastQueue( 2118): Background execution not allowed: receiving Intent { act=android.location.PROVIDERS_CHANGED flg=0x10 (has extras) } to com.google.android.gms/.chimera.GmsIntentOperationService$PersistentTrustedReceiver
12-01 08:51:57.603 W/BroadcastQueue( 2118): Background execution not allowed: receiving Intent { act=android.location.MODE_CHANGED flg=0x10 } to com.google.android.gms/.chimera.GmsIntentOperationService$PersistentTrustedReceiver
12-01 08:51:57.692 V/FingerprintService( 2118): startAuthentication(com.android.systemui)
12-01 08:51:57.692 V/FingerprintService( 2118): starting client AuthenticationClientImpl(com.android.systemui) targetUserId: 0 currentUserId: 0 cookie: 0/0
12-01 08:51:57.734 W/FingerprintService( 2118): client com.android.systemui is authenticating...
12-01 08:51:57.745 D/BluetoothManagerService( 2118): Trying to bind to profile: 1, while Bluetooth was disabled
12-01 08:51:57.862 I/ActivityManager( 2118): Start proc 15413:com.franco.doze/u0a657 for content provider {com.franco.doze/a.d}
12-01 08:51:58.048 I/DropBoxManagerService( 2118): add tag=keymaster isTagEnabled=true flags=0x0
12-01 08:51:58.241 I/DropBoxManagerService( 2118): add tag=keymaster isTagEnabled=true flags=0x0
12-01 08:51:58.869 V/FingerprintService( 2118): Stopping client com.android.systemui, fromClient: true
12-01 08:51:58.902 E/ActivityThread(14696): Service com.google.android.gms.nearby.discovery.service.DiscoveryService has leaked ServiceConnection android.bluetooth.BluetoothProfileConnector$2@14cac0d that was originally bound here
12-01 08:51:58.902 E/ActivityThread(14696): android.app.ServiceConnectionLeaked: Service com.google.android.gms.nearby.discovery.service.DiscoveryService has leaked ServiceConnection android.bluetooth.BluetoothProfileConnector$2@14cac0d that was originally bound here
12-01 08:51:58.902 E/ActivityThread(14696): 	at android.app.LoadedApk$ServiceDispatcher.<init>(LoadedApk.java:1810)
12-01 08:51:58.902 E/ActivityThread(14696): 	at android.app.LoadedApk.getServiceDispatcherCommon(LoadedApk.java:1682)
12-01 08:51:58.902 E/ActivityThread(14696): 	at android.app.LoadedApk.getServiceDispatcher(LoadedApk.java:1661)
12-01 08:51:58.902 E/ActivityThread(14696): 	at android.app.ContextImpl.bindServiceCommon(ContextImpl.java:1721)
12-01 08:51:58.902 E/ActivityThread(14696): 	at android.app.ContextImpl.bindServiceAsUser(ContextImpl.java:1675)
12-01 08:51:58.902 E/ActivityThread(14696): 	at android.content.ContextWrapper.bindServiceAsUser(ContextWrapper.java:724)
12-01 08:51:58.902 E/ActivityThread(14696): 	at android.content.ContextWrapper.bindServiceAsUser(ContextWrapper.java:724)
12-01 08:51:58.902 E/ActivityThread(14696): 	at android.content.ContextWrapper.bindServiceAsUser(ContextWrapper.java:724)
12-01 08:51:58.902 E/ActivityThread(14696): 	at android.content.ContextWrapper.bindServiceAsUser(ContextWrapper.java:724)
12-01 08:51:58.902 E/ActivityThread(14696): 	at android.content.ContextWrapper.bindServiceAsUser(ContextWrapper.java:724)
12-01 08:51:58.902 E/ActivityThread(14696): 	at android.bluetooth.BluetoothProfileConnector.doBind(BluetoothProfileConnector.java:90)
12-01 08:51:58.902 E/ActivityThread(14696): 	at android.bluetooth.BluetoothProfileConnector.connect(BluetoothProfileConnector.java:130)
12-01 08:51:58.902 E/ActivityThread(14696): 	at android.bluetooth.BluetoothA2dp.<init>(BluetoothA2dp.java:221)
12-01 08:51:58.902 E/ActivityThread(14696): 	at android.bluetooth.BluetoothAdapter.getProfileProxy(BluetoothAdapter.java:2527)
12-01 08:51:58.902 E/ActivityThread(14696): 	at byug.<init>(:com.google.android.gms@204217037@20.42.17 (120400-342117392):6)
12-01 08:51:58.902 E/ActivityThread(14696): 	at ajes.a(:com.google.android.gms@204217037@20.42.17 (120400-342117392):64)
12-01 08:51:58.902 E/ActivityThread(14696): 	at aitq.i(:com.google.android.gms@204217037@20.42.17 (120400-342117392):3)
12-01 08:51:58.902 E/ActivityThread(14696): 	at aitq.b(:com.google.android.gms@204217037@20.42.17 (120400-342117392):0)
12-01 08:51:58.902 E/ActivityThread(14696): 	at aitq.a(:com.google.android.gms@204217037@20.42.17 (120400-342117392):1)
12-01 08:51:58.902 E/ActivityThread(14696): 	at aitq.e(:com.google.android.gms@204217037@20.42.17 (120400-342117392):3)
12-01 08:51:58.902 E/ActivityThread(14696): 	at ajjq.<init>(:com.google.android.gms@204217037@20.42.17 (120400-342117392):6)
12-01 08:51:58.902 E/ActivityThread(14696): 	at ajes.a(:com.google.android.gms@204217037@20.42.17 (120400-342117392):35)
12-01 08:51:58.902 E/ActivityThread(14696): 	at aitq.i(:com.google.android.gms@204217037@20.42.17 (120400-342117392):3)
12-01 08:51:58.902 E/ActivityThread(14696): 	at aitq.b(:com.google.android.gms@204217037@20.42.17 (120400-342117392):0)
12-01 08:51:58.902 E/ActivityThread(14696): 	at aitq.a(:com.google.android.gms@204217037@20.42.17 (120400-342117392):1)
12-01 08:51:58.902 E/ActivityThread(14696): 	at aitq.e(:com.google.android.gms@204217037@20.42.17 (120400-342117392):3)
12-01 08:51:58.902 E/ActivityThread(14696): 	at ajso.<init>(:com.google.android.gms@204217037@20.42.17 (120400-342117392):7)
12-01 08:51:58.902 E/ActivityThread(14696): 	at ajes.a(:com.google.android.gms@204217037@20.42.17 (120400-342117392):66)
12-01 08:51:58.902 E/ActivityThread(14696): 	at aitq.i(:com.google.android.gms@204217037@20.42.17 (120400-342117392):3)
12-01 08:51:58.902 E/ActivityThread(14696): 	at aitq.b(:com.google.android.gms@204217037@20.42.17 (120400-342117392):0)
12-01 08:51:58.902 E/ActivityThread(14696): 	at aitq.a(:com.google.android.gms@204217037@20.42.17 (120400-342117392):1)
12-01 08:51:58.902 E/ActivityThread(14696): 	at aitq.e(:com.google.android.gms@204217037@20.42.17 (120400-342117392):3)
12-01 08:51:58.902 E/ActivityThread(14696): 	at com.google.android.gms.nearby.discovery.service.DiscoveryChimeraService.onCreate(:com.google.android.gms@204217037@20.42.17 (120400-342117392):2)
12-01 08:51:58.902 E/ActivityThread(14696): 	at cxu.onCreate(:com.google.android.gms@204217037@20.42.17 (120400-342117392):1)
12-01 08:51:58.902 E/ActivityThread(14696): 	at qxf.onCreate(:com.google.android.gms@204217037@20.42.17 (120400-342117392):4)
12-01 08:51:58.902 E/ActivityThread(14696): 	at android.app.ActivityThread.handleCreateService(ActivityThread.java:3953)
12-01 08:51:58.902 E/ActivityThread(14696): 	at android.app.ActivityThread.access$1500(ActivityThread.java:219)
12-01 08:51:58.902 E/ActivityThread(14696): 	at android.app.ActivityThread$H.handleMessage(ActivityThread.java:1875)
12-01 08:51:58.902 E/ActivityThread(14696): 	at android.os.Handler.dispatchMessage(Handler.java:107)
12-01 08:51:58.902 E/ActivityThread(14696): 	at android.os.Looper.loop(Looper.java:214)
12-01 08:51:58.902 E/ActivityThread(14696): 	at android.app.ActivityThread.main(ActivityThread.java:7356)
12-01 08:51:58.902 E/ActivityThread(14696): 	at java.lang.reflect.Method.invoke(Native Method)
12-01 08:51:58.902 E/ActivityThread(14696): 	at com.android.internal.os.RuntimeInit$MethodAndArgsCaller.run(RuntimeInit.java:493)
12-01 08:51:58.902 E/ActivityThread(14696): 	at com.android.internal.os.ZygoteInit.main(ZygoteInit.java:940)
12-01 08:51:58.915 W/FingerprintService( 2118): client com.android.systemui is no longer authenticating
12-01 08:51:58.919 V/FingerprintService( 2118): handleError(client=com.android.systemui, error = 5)
12-01 08:51:58.919 V/BiometricStats( 2118): Error latency: -1
12-01 08:51:58.919 V/FingerprintService( 2118): Done with client: com.android.systemui
12-01 08:51:59.008 V/AppLockService_AppLock( 2118): ACTION_SCREEN_OFF
12-01 08:51:59.008 V/AppLockService_AppLock( 2118): clearOpenedAppsList()
12-01 08:51:59.008 V/AppLockService( 2118): stopBiometricPrompt()
12-01 08:51:59.008 V/AppLockService_AppLock( 2118): fallbackToHomeActivity()
12-01 08:51:59.037 I/ActivityManager( 2118): Start proc 15537:com.topjohnwu.magisk/u0a715 for content provider {com.topjohnwu.magisk/a.p}
12-01 08:51:59.216 I/ActivityManager( 2118): Killing 13789:com.tencent.mm:sandbox/u0a203 (adj 975): empty #17
12-01 08:51:59.253 D/ConnectivityService( 2118): ConnectivityService NetworkRequestInfo binderDied(NetworkRequest [ TRACK_DEFAULT id=42, [ Capabilities: INTERNET&NOT_RESTRICTED&TRUSTED Uid: 10203] ], android.os.BinderProxy@18299e)
12-01 08:51:59.253 D/ConnectivityService( 2118): ConnectivityService NetworkRequestInfo binderDied(NetworkRequest [ LISTEN id=43, [ Capabilities: INTERNET&NOT_RESTRICTED&TRUSTED Uid: 10203] ], android.os.BinderProxy@52c0c7f)
12-01 08:51:59.254 D/ConnectivityService( 2118): releasing NetworkRequest [ TRACK_DEFAULT id=42, [ Capabilities: INTERNET&NOT_RESTRICTED&TRUSTED Uid: 10203] ] (release request)
12-01 08:51:59.823 V/FingerprintService( 2118): startAuthentication(com.android.systemui)
12-01 08:51:59.823 V/FingerprintService( 2118): starting client AuthenticationClientImpl(com.android.systemui) targetUserId: 0 currentUserId: 0 cookie: 0/0
12-01 08:51:59.865 W/FingerprintService( 2118): client com.android.systemui is authenticating...
12-01 08:52:00.055 W/BroadcastQueue( 2118): Background execution not allowed: receiving Intent { act=android.intent.action.DROPBOX_ENTRY_ADDED flg=0x10 (has extras) } to com.google.android.gms/.stats.service.DropBoxEntryAddedReceiver
12-01 08:52:00.056 W/BroadcastQueue( 2118): Background execution not allowed: receiving Intent { act=android.intent.action.DROPBOX_ENTRY_ADDED flg=0x10 (has extras) } to com.google.android.gms/.chimera.GmsIntentOperationService$PersistentTrustedReceiver
12-01 08:52:01.259 W/NotificationService( 2118): Toast already killed. pkg=com.topjohnwu.magisk callback=android.app.ITransientNotification$Stub$Proxy@e7c94d
12-01 08:52:02.022 I/ActivityManager( 2118): Killing 14664:com.google.process.gapps/u0a165 (adj 975): empty #17
12-01 08:52:03.430 W/BroadcastQueue( 2118): Firewall blocked: broadcasting Intent { act=com.tencent.mm.plugin.report.service.KVCommCrossProcessReceiver flg=0x10 cmp=com.tencent.mm/.plugin.report.service.KVCommCrossProcessReceiver (has extras) } from com.tencent.mm (pid=13604, uid=10203) to com.tencent.mm/.plugin.report.service.KVCommCrossProcessReceiver
12-01 08:52:12.235 W/WindowManager( 2118): removeWindowToken: Attempted to remove non-existing token: android.os.Binder@2486edd
12-01 08:52:13.821 W/BroadcastQueue( 2118): Firewall blocked: broadcasting Intent { act=com.tencent.mm.plugin.report.service.KVCommCrossProcessReceiver flg=0x10 cmp=com.tencent.mm/.plugin.report.service.KVCommCrossProcessReceiver (has extras) } from com.tencent.mm (pid=13604, uid=10203) to com.tencent.mm/.plugin.report.service.KVCommCrossProcessReceiver
12-01 08:52:17.575 W/ActivityManager( 2118): stopServiceToken startId 171 is last, but have 3 remaining args
12-01 08:52:17.605 I/ActivityManager( 2118): Killing 10599:com.android.settings.intelligence/u0a167 (adj 975): empty #17
12-01 08:52:17.654 W/ActivityManager( 2118): setHasOverlayUi called on <private info omitted> pid: 10599
12-01 08:52:23.583 I/ActivityManager( 2118): Killing 14886:com.google.android.apps.wellbeing/u0a99 (adj 975): empty #17
12-01 08:52:25.944 W/BroadcastQueue( 2118): Firewall blocked: broadcasting Intent { act=com.tencent.mm.plugin.report.service.KVCommCrossProcessReceiver flg=0x10 cmp=com.tencent.mm/.plugin.report.service.KVCommCrossProcessReceiver (has extras) } from com.tencent.mm (pid=13604, uid=10203) to com.tencent.mm/.plugin.report.service.KVCommCrossProcessReceiver
12-01 08:52:48.573 I/ActivityManager( 2118): Killing 8853:android.process.acore/u0a112 (adj 975): empty #17
12-01 08:52:48.624 D/CountryDetector( 2118): No listener is left
12-01 08:52:56.911 D/DevicePolicyManager( 2118): updateSystemUpdateFreezePeriodsRecord
12-01 08:52:56.915 D/ConditionProviders.SCP( 2118): onReceive android.intent.action.TIME_SET
12-01 08:52:56.916 D/ConditionProviders.SCP( 2118): evaluateSubscriptionLocked cal=ScheduleCalendar[mDays={1, 2, 3, 4, 5, 6, 7}, mSchedule=ScheduleInfo{days=[1, 2, 3, 4, 5, 6, 7], startHour=22, startMinute=0, endHour=7, endMinute=0, exitAtAlarm=true, nextAlarm=Thu Jan 01 08:00:00 GMT+08:00 1970 (0)}], now=Tue Dec 01 08:52:56 GMT+08:00 2020 (1606783976915), nextUserAlarmTime=Thu Jan 01 08:00:00 GMT+08:00 1970 (0)
12-01 08:52:56.917 D/ConditionProviders.SCP( 2118): notifyCondition condition://android/schedule?days=1.2.3.4.5.6.7&start=22.0&end=7.0&exitAtAlarm=true STATE_FALSE reason=!meetsSchedule
12-01 08:52:56.920 D/ConditionProviders.SCP( 2118): Scheduling evaluate for Tue Dec 01 22:00:00 GMT+08:00 2020 (1606831200000), in +13h7m3s85ms, now=Tue Dec 01 08:52:56 GMT+08:00 2020 (1606783976915)
12-01 08:52:56.998 I/ActivityManager( 2118): Start proc 15604:com.android.deskclock/u0a181 for broadcast {com.android.deskclock/com.android.deskclock.AlarmInitReceiver}
12-01 08:52:57.036 I/ActivityManager( 2118): Start proc 15616:com.android.providers.calendar/u0a129 for content provider {com.android.providers.calendar/com.android.providers.calendar.CalendarProvider2}
12-01 08:52:57.202 I/ActivityManager( 2118): Killing 12992:rikka.appops/u0a637 (adj 975): empty #17
12-01 08:52:57.220 I/ActivityManager( 2118): Start proc 15646:com.google.android.apps.wellbeing/u0a99 for broadcast {com.google.android.apps.wellbeing/com.google.android.apps.wellbeing.appconfig.limit.impl.TimeChangeBroadcastReceiver_Receiver}
12-01 08:53:01.547 D/ConnectivityService( 2118): ConnectivityService NetworkRequestInfo binderDied(NetworkRequest [ LISTEN id=39, [ Capabilities: INTERNET&NOT_RESTRICTED&TRUSTED&NOT_VPN&FOREGROUND Uid: 10637] ], android.os.BinderProxy@f39c44f)
12-01 08:53:15.168 D/ColorDisplayService( 2118): Setting saturation level: 100
12-01 08:53:36.924 I/ActivityManager( 2118): Start proc 15692:com.qualcomm.timeservice/u0a155 for broadcast {com.qualcomm.timeservice/com.qualcomm.timeservice.TimeServiceBroadcastReceiver}
12-01 08:53:38.956 I/ActivityManager( 2118): Start proc 15714:com.microsoft.todos/u0a587 for broadcast {com.microsoft.todos/androidx.work.impl.background.systemalarm.RescheduleReceiver}
12-01 08:53:40.859 I/ActivityManager( 2118): Killing 14318:com.google.android.apps.turbo/u0a147 (adj 975): empty #17
12-01 08:53:40.878 I/ActivityManager( 2118): Start proc 15768:com.tencent.qqlite:MSF/u0a438 for broadcast {com.tencent.qqlite/com.tencent.mobileqq.msf.core.NetConnInfoCenter}
12-01 08:53:40.968 I/PowerManagerService( 2118): Waking up from Dozing (uid=1000, reason=WAKE_REASON_POWER_BUTTON, details=android.policy:POWER)...
12-01 08:53:40.969 W/UsageStatsService( 2118): Event reported without a package name, eventType:15
12-01 08:53:40.984 D/WindowManager( 2118): powerPress: eventTime=274543 interactive=false count=1 beganFromNonInteractive=true mShortPressOnPowerBehavior=1
12-01 08:53:40.990 I/DisplayPowerController( 2118): Blocking screen on until initial contents have been drawn.
12-01 08:53:41.010 D/KernelCpuUidUserSysTimeReader( 2118): Removing uids 1037-1037
12-01 08:53:41.021 V/DisplayPowerController( 2118): Brightness [45] reason changing to: 'manual', previous reason: 'screen_off'.
12-01 08:53:41.023 I/DisplayManagerService( 2118): Display device changed state: "Built-in Screen", ON
12-01 08:53:41.033 V/DisplayPowerController( 2118): Brightness [31] reason changing to: 'automatic', previous reason: 'manual'.
12-01 08:53:41.051 D/QMI_FW  ( 1290): chen-screen on: is_screen_off = 0 
12-01 08:53:41.051 D/QMI_FW  ( 1239): chen-screen on: is_screen_off = 0 
12-01 08:53:41.056 V/FaceService( 2118): startAuthentication(com.android.systemui)
12-01 08:53:41.056 V/FaceService( 2118): starting client AuthenticationClientImpl(com.android.systemui) targetUserId: 0 currentUserId: 0 cookie: 0/0
12-01 08:53:41.056 W/FaceService( 2118): client com.android.systemui is authenticating...
12-01 08:53:41.104 D/ConnectivityService( 2118): Blocked status changed to true for 10008(28) on netId 101
12-01 08:53:41.104 D/ConnectivityService( 2118): Blocked status changed to true for 10008(29) on netId 101
12-01 08:53:41.108 D/ConnectivityService( 2118): Blocked status changed to true for 10165(44) on netId 101
12-01 08:53:41.108 D/ConnectivityService( 2118): Blocked status changed to true for 10165(46) on netId 101
12-01 08:53:41.108 D/ConnectivityService( 2118): Blocked status changed to true for 10165(47) on netId 101
12-01 08:53:41.129 D/ConnectivityService( 2118): Blocked status changed to false for 10008(28) on netId 101
12-01 08:53:41.129 D/ConnectivityService( 2118): Blocked status changed to false for 10008(29) on netId 101
12-01 08:53:41.131 D/ConnectivityService( 2118): Blocked status changed to false for 10165(44) on netId 101
12-01 08:53:41.132 D/ConnectivityService( 2118): Blocked status changed to false for 10165(46) on netId 101
12-01 08:53:41.132 D/ConnectivityService( 2118): Blocked status changed to false for 10165(47) on netId 101
12-01 08:53:41.147 I/DisplayPowerController( 2118): Unblocked screen on after 157 ms
12-01 08:53:41.148 I/DreamManagerService( 2118): Gently waking up from dream.
12-01 08:53:41.148 I/DreamManagerService( 2118): Performing gentle wake from dream.
12-01 08:53:41.156 I/DreamManagerService( 2118): Leaving dreamland.
12-01 08:53:41.164 I/DreamManagerService( 2118): Performing gentle wake from dream.
12-01 08:53:41.164 I/DreamController( 2118): Stopping dream: name=ComponentInfo{com.android.systemui/com.android.systemui.doze.DozeService}, isTest=false, canDoze=true, userId=0
12-01 08:53:41.182 D/ColorDisplayService( 2118): GlobalSaturationTintController Animation cancelled: false to matrix: 
12-01 08:53:41.182 D/ColorDisplayService( 2118):        1.000000 0.000000 0.000000 0.000000 0.000000 1.000000 0.000000 0.000000 0.000000 0.000000 1.000000 0.000000 0.000000 0.000000 0.000000 1.000000 min matrix coefficients: 
12-01 08:53:41.182 D/ColorDisplayService( 2118):        1.000000 0.000000 0.000000 0.000000 0.000000 1.000000 0.000000 0.000000 0.000000 0.000000 1.000000 0.000000 0.000000 0.000000 0.000000 1.000000 max matrix coefficients: 
12-01 08:53:41.182 D/ColorDisplayService( 2118):        1.000000 0.000000 0.000000 0.000000 0.000000 1.000000 0.000000 0.000000 0.000000 0.000000 1.000000 0.000000 0.000000 0.000000 0.000000 1.000000
12-01 08:53:41.192 W/ActivityManager( 2118): Background start not allowed: service Intent { cmp=com.tencent.qqlite/com.tencent.mobileqq.msf.service.MsfService } to com.tencent.qqlite/com.tencent.mobileqq.msf.service.MsfService from pid=15768 uid=10438 pkg=com.tencent.qqlite startFg?=false
12-01 08:53:41.194 E/AndroidRuntime(15768): FATAL EXCEPTION: main
12-01 08:53:41.194 E/AndroidRuntime(15768): Process: com.tencent.qqlite:MSF, PID: 15768
12-01 08:53:41.194 E/AndroidRuntime(15768): java.lang.RuntimeException: Unable to start receiver com.tencent.mobileqq.msf.core.NetConnInfoCenter: java.lang.IllegalStateException: Not allowed to start service Intent { cmp=com.tencent.qqlite/com.tencent.mobileqq.msf.service.MsfService }: app is in background uid UidRecord{ac7abcf u0a438 RCVR idle change:uncached procs:1 seq(0,0,0)}
12-01 08:53:41.194 E/AndroidRuntime(15768): 	at android.app.ActivityThread.handleReceiver(ActivityThread.java:3797)
12-01 08:53:41.194 E/AndroidRuntime(15768): 	at android.app.ActivityThread.access$1400(ActivityThread.java:219)
12-01 08:53:41.194 E/AndroidRuntime(15768): 	at android.app.ActivityThread$H.handleMessage(ActivityThread.java:1870)
12-01 08:53:41.194 E/AndroidRuntime(15768): 	at android.os.Handler.dispatchMessage(Handler.java:107)
12-01 08:53:41.194 E/AndroidRuntime(15768): 	at android.os.Looper.loop(Looper.java:214)
12-01 08:53:41.194 E/AndroidRuntime(15768): 	at android.app.ActivityThread.main(ActivityThread.java:7356)
12-01 08:53:41.194 E/AndroidRuntime(15768): 	at java.lang.reflect.Method.invoke(Native Method)
12-01 08:53:41.194 E/AndroidRuntime(15768): 	at com.android.internal.os.RuntimeInit$MethodAndArgsCaller.run(RuntimeInit.java:493)
12-01 08:53:41.194 E/AndroidRuntime(15768): 	at com.android.internal.os.ZygoteInit.main(ZygoteInit.java:940)
12-01 08:53:41.194 E/AndroidRuntime(15768): Caused by: java.lang.IllegalStateException: Not allowed to start service Intent { cmp=com.tencent.qqlite/com.tencent.mobileqq.msf.service.MsfService }: app is in background uid UidRecord{ac7abcf u0a438 RCVR idle change:uncached procs:1 seq(0,0,0)}
12-01 08:53:41.194 E/AndroidRuntime(15768): 	at android.app.ContextImpl.startServiceCommon(ContextImpl.java:1616)
12-01 08:53:41.194 E/AndroidRuntime(15768): 	at android.app.ContextImpl.startService(ContextImpl.java:1571)
12-01 08:53:41.194 E/AndroidRuntime(15768): 	at android.content.ContextWrapper.startService(ContextWrapper.java:669)
12-01 08:53:41.194 E/AndroidRuntime(15768): 	at android.content.ContextWrapper.startService(ContextWrapper.java:669)
12-01 08:53:41.194 E/AndroidRuntime(15768): 	at com.tencent.mobileqq.msf.core.NetConnInfoCenter.onReceive(NetConnInfoCenter.java:134)
12-01 08:53:41.194 E/AndroidRuntime(15768): 	at android.app.ActivityThread.handleReceiver(ActivityThread.java:3788)
12-01 08:53:41.194 E/AndroidRuntime(15768): 	... 8 more
12-01 08:53:41.214 I/ActivityManager( 2118): Killing 14715:com.android.permissioncontroller/u0a125 (adj 975): empty #17
12-01 08:53:41.215 I/DropBoxManagerService( 2118): add tag=data_app_crash isTagEnabled=true flags=0x2
12-01 08:53:41.217 I/ActivityManager( 2118): Start proc 15854:eu.kanade.tachiyomi.debug/u0a538 for broadcast {eu.kanade.tachiyomi.debug/androidx.work.impl.background.systemalarm.RescheduleReceiver}
12-01 08:53:41.278 I/ActivityManager( 2118): Process com.tencent.qqlite:MSF (pid 15768) has died: cch+5 CEM 
12-01 08:53:41.348 D/BluetoothManagerService( 2118): Trying to bind to profile: 1, while Bluetooth was disabled
12-01 08:53:41.662 V/BiometricStats( 2118): Authentication latency: -1
12-01 08:53:41.666 V/FaceService( 2118): onAuthenticated(true), ID:1, Owner: com.android.systemui, isBP: false, listener: com.android.server.biometrics.face.FaceService$ServiceListenerImpl@1866f38, requireConfirmation: false, user: 0
12-01 08:53:41.669 V/FaceService( 2118): Done with client: com.android.systemui
12-01 08:53:41.705 I/ActivityManager( 2118): Start proc 15917:com.android.externalstorage/u0a113 for content provider {com.android.externalstorage/com.android.externalstorage.ExternalStorageProvider}
12-01 08:53:42.050 D/ActivityTaskManager( 2118): Top Process State changed to PROCESS_STATE_TOP
12-01 08:53:42.066 W/ActivityManager( 2118): Unable to start service Intent { act=com.android.launcher3.WINDOW_OVERLAY dat=app://com.android.launcher3:10168?v=9&cv=14 pkg=com.google.android.googlequicksearchbox } U=0: not found
12-01 08:53:42.072 V/AppLockService( 2118): setForegroundApp(com.android.launcher3)
12-01 08:53:42.116 W/UsageStatsService( 2118): Event reported without a package name, eventType:18
12-01 08:53:42.250 V/FingerprintService( 2118): Stopping client com.android.systemui, fromClient: true
12-01 08:53:42.284 I/ActivityManager( 2118): Start proc 15975:wangdaye.com.geometricweather/u0a201 for broadcast {wangdaye.com.geometricweather/androidx.work.impl.background.systemalarm.RescheduleReceiver}
12-01 08:53:42.300 W/FingerprintService( 2118): client com.android.systemui is no longer authenticating
12-01 08:53:42.300 V/FingerprintService( 2118): handleError(client=com.android.systemui, error = 5)
12-01 08:53:42.300 V/BiometricStats( 2118): Error latency: -1
12-01 08:53:42.300 V/FingerprintService( 2118): Done with client: com.android.systemui
12-01 08:53:42.328 W/ActivityManager( 2118): Unable to start service Intent { act=com.google.android.gms.measurement.START pkg=com.google.android.gms } U=0: not found
12-01 08:53:42.329 W/ActivityManager( 2118): Unbind failed: could not find connection for android.os.BinderProxy@dbc934f
12-01 08:53:42.358 W/ActivityManager( 2118): Unable to start service Intent { act=com.google.android.gms.measurement.START pkg=com.google.android.gms } U=0: not found
12-01 08:53:42.360 W/ActivityManager( 2118): Unbind failed: could not find connection for android.os.BinderProxy@cd007e5
12-01 08:53:42.404 W/ActivityManager( 2118): Unable to start service Intent { act=com.google.android.gms.measurement.START pkg=com.google.android.gms } U=0: not found
12-01 08:53:42.404 W/ActivityManager( 2118): Unbind failed: could not find connection for android.os.BinderProxy@71952ba
12-01 08:53:42.461 D/BluetoothManagerService( 2118): Trying to bind to profile: 1, while Bluetooth was disabled
12-01 08:53:42.511 E/ActivityThread(14696): Service com.google.android.gms.nearby.discovery.service.DiscoveryService has leaked ServiceConnection android.bluetooth.BluetoothProfileConnector$2@1d52f2f that was originally bound here
