12-01 08:55:25.727 V/HttpClientFactory$CoolMarketCookieJar( 5497): Add cookies, host: api.coolapk.com, at HttpClientFactory$CoolMarketCookieJar.loadForRequest(null:49)
12-01 08:55:26.034 V/CoolMarketApplication( 5497): Send broadcast check for network state, at CoolMarketApplication.call(null:5)
12-01 08:55:26.036 V/ConnectivityReceiver( 5497): Start check for network state, at ConnectivityReceiver.onReceive(null:53)
12-01 08:55:26.038 D/EventBus( 5497): No subscribers registered for event class com.coolapk.market.event.WifiEvent
12-01 08:55:26.038 D/EventBus( 5497): No subscribers registered for event class org.greenrobot.eventbus.NoSubscriberEvent
12-01 08:55:26.370 D/ItemViewBindingInterceptor( 5497): Bind: UserSpaceCountViewHolder => USER_SPACE_COUNT, at ItemViewBindingInterceptor.onBindData(null:134)
12-01 08:55:28.446 I/ActivityTaskManager( 2118): START u0 {cmp=com.coolapk.market/.view.feed.FeedDetailActivityV8 (has extras)} from uid 10714
12-01 08:55:28.462 D/ActivityLifecycle( 5497): application is in foreground: false, at ActivityLifecycle.onActivityPaused(null:39)
12-01 08:55:28.473 W/ActivityThread( 5497): handleWindowVisibility: no activity for token android.os.BinderProxy@b4a04a9
12-01 08:55:28.524 D/InstallQueue( 5497): App, at InstallQueue.onApplicationVisibleEventChanged(null:16)
12-01 08:55:28.527 D/NATIVE-LIB( 5497): time 1606784128
12-01 08:55:28.527 D/NATIVE-LIB( 5497): time 5fc59480
12-01 08:55:28.534 V/HttpClientFactory$CoolMarketCookieJar( 5497): Add cookies, host: api.coolapk.com, at HttpClientFactory$CoolMarketCookieJar.loadForRequest(null:49)
12-01 08:55:28.550 V/AppLockService( 2118): setForegroundApp(com.coolapk.market)
12-01 08:55:28.600 V/PackageService( 5497): PackageService create, at PackageService.onCreate(null:8)
12-01 08:55:28.601 V/TaskService( 5497): Action: ACTION_INSTALL_QUEUEKey: ACTION_INSTALL_QUEUE, at TaskService.removeRepeatedIntentAction(null:46)
12-01 08:55:28.602 I/TaskService( 5497): (ACTION_INSTALL_QUEUE), at TaskService.removeRepeatedIntentAction(null:81)
12-01 08:55:28.603 V/TaskService( 5497): (ACTION_INSTALL_QUEUE), at TaskService.onHandleIntent(null:51)
12-01 08:55:28.613 V/PackageService( 5497): PackageService destroy, at PackageService.onDestroy(null:15)
12-01 08:55:28.615 I/GoogleInputMethodService( 6424): GoogleInputMethodService.onFinishInput():3308 
12-01 08:55:28.616 I/GoogleInputMethodService( 6424): GoogleInputMethodService.onStartInput():1887 
12-01 08:55:28.816 D/StatisticHelper( 5497): recordCustomEvent feed_click {feed_type=}, at StatisticHelper.recordCustomKVEvent(null:104)
12-01 08:55:28.836 D/NATIVE-LIB( 5497): time 1606784128
12-01 08:55:28.836 D/NATIVE-LIB( 5497): time 5fc59480
12-01 08:55:28.843 D/NATIVE-LIB( 5497): time 1606784128
12-01 08:55:28.843 D/NATIVE-LIB( 5497): time 5fc59480
12-01 08:55:28.849 V/HttpClientFactory$CoolMarketCookieJar( 5497): Add cookies, host: api.coolapk.com, at HttpClientFactory$CoolMarketCookieJar.loadForRequest(null:49)
12-01 08:55:28.919 D/ItemViewBindingInterceptor( 5497): Bind: FeedDetailViewHolderV8 => ENTITY_TYPE_DETAIL_TOP, at ItemViewBindingInterceptor.onBindData(null:134)
12-01 08:55:28.928 D/ItemViewBindingInterceptor( 5497): Bind: FeedShareActionViewHolder => ENTITY_TYPE_SHARE_ACTION, at ItemViewBindingInterceptor.onBindData(null:134)
12-01 08:55:28.930 D/ItemViewBindingInterceptor( 5497): Bind: FeedReplyTitleViewHolder => COMMENT_COUNT, at ItemViewBindingInterceptor.onBindData(null:134)
12-01 08:55:28.933 D/ItemViewBindingInterceptor( 5497): Bind: ProgressHintViewHolder => REFRESH_PROGRESS_BAR, at ItemViewBindingInterceptor.onBindData(null:134)
12-01 08:55:28.963 D/ActivityLifecycle( 5497): application is visible: true, at ActivityLifecycle.onActivityStopped(null:39)
12-01 08:55:29.379 D/ItemViewBindingInterceptor( 5497): Bind: FeedShareActionViewHolder => ENTITY_TYPE_SHARE_ACTION, at ItemViewBindingInterceptor.onBindData(null:134)
12-01 08:55:29.383 D/ItemViewBindingInterceptor( 5497): Bind: FeedReplyTitleViewHolder => COMMENT_COUNT, at ItemViewBindingInterceptor.onBindData(null:134)
12-01 08:55:29.397 D/ItemViewBindingInterceptor( 5497): Bind: MultiFeedReplyViewHolder => feed_reply -> , at ItemViewBindingInterceptor.onBindData(null:134)
12-01 08:55:29.446 I/chatty  ( 5497): uid=10714(com.coolapk.market) identical 8 lines
12-01 08:55:31.305 D/ItemViewBindingInterceptor( 5497): Bind: MultiFeedReplyViewHolder => feed_reply -> , at ItemViewBindingInterceptor.onBindData(null:134)
12-01 08:55:31.529 V/CoolMarketApplication( 5497): Send broadcast check for network state, at CoolMarketApplication.call(null:5)
12-01 08:55:31.530 V/ConnectivityReceiver( 5497): Start check for network state, at ConnectivityReceiver.onReceive(null:53)
12-01 08:55:31.532 D/EventBus( 5497): No subscribers registered for event class com.coolapk.market.event.WifiEvent
12-01 08:55:31.532 D/EventBus( 5497): No subscribers registered for event class org.greenrobot.eventbus.NoSubscriberEvent
12-01 08:55:33.360 I/Vision  (14709): Requesting optional module download of face.
12-01 08:55:33.362 I/Vision  (14709): Requesting optional module download of barcode.
12-01 08:55:33.364 I/Vision  (14709): Requesting optional module download of ocr.
12-01 08:55:33.365 I/Vision  (14709): Checking for download completion for 438606 -- face,barcode,ocr
12-01 08:55:33.517 I/NetworkScheduler.Stats(14696): Task com.google.android.gms/com.google.android.gms.icing.service.IcingGcmTaskService started execution. cause:4 exec_start_elapsed_seconds: 428 [CONTEXT service_id=218 ]
12-01 08:55:33.527 I/NetworkScheduler.Stats(14696): Task com.google.android.gms/com.google.android.gms.icing.service.IcingGcmTaskService finished executing. cause:4 result: 1 elapsed_millis: 35 uptime_millis: 35 exec_start_elapsed_seconds: 428 [CONTEXT service_id=218 ]
12-01 08:55:35.305 D/ItemViewBindingInterceptor( 5497): Bind: MultiFeedReplyViewHolder => feed_reply -> , at ItemViewBindingInterceptor.onBindData(null:134)
12-01 08:55:36.497 D/ItemViewBindingInterceptor( 5497): Bind: MultiFeedReplyViewHolder => feed_reply -> , at ItemViewBindingInterceptor.onBindData(null:134)
12-01 08:55:36.514 D/NATIVE-LIB( 5497): time 1606784136
12-01 08:55:36.514 D/NATIVE-LIB( 5497): time 5fc59488
12-01 08:55:36.524 V/HttpClientFactory$CoolMarketCookieJar( 5497): Add cookies, host: api.coolapk.com, at HttpClientFactory$CoolMarketCookieJar.loadForRequest(null:49)
12-01 08:55:40.754 I/GMS_MM_Logger(14696): Memory Metric Logging not allowed. Stopping.
12-01 08:55:42.248 I/QcrilOemhookMsgTunnel( 6626): [0]processOemHookIndication length=21
12-01 08:55:42.249 D/QcrilMsgTunnelIfaceManager( 6626): handleMessage what = 0
12-01 08:55:42.374 D/ServiceStateProvider( 6084): subId=4
12-01 08:55:42.380 D/CellBroadcastReceiver(15315): onReceive Intent { act=android.intent.action.SERVICE_STATE flg=0x1000010 cmp=com.android.cellbroadcastreceiver/.CellBroadcastReceiver (has extras) }
12-01 08:55:42.385 D/ConnectivityService( 2118): NetworkAgentInfo [MOBILE (LTE) - 102] EVENT_NETWORK_INFO_CHANGED, going from CONNECTED to CONNECTED
12-01 08:55:42.389 D/QCNEJ/WwanInfoRelay( 5950): Received action: android.intent.action.ANY_DATA_STATE
12-01 08:55:42.389 W/DPMJ    ( 5799): |SERVICE| DPM received ACTION_ANY_DATA_CONNECTION_STATE_CHANGEDdefault
12-01 08:55:42.390 W/DPMJ    ( 5799): |SERVICE| If apn type is default ->default
12-01 08:55:42.392 I/QCNEJ/WwanInfoRelay( 5950): cacheWwanInfo state = CONNECTED
12-01 08:55:42.392 I/QCNEJ/WwanInfoRelay( 5950): cacheWwanInfo subId = 4 phoneId = 0 slotId = 0
12-01 08:55:42.396 I/QCNEJ/NativeHalConnector( 5950): -> SND notifyWwanStatusChanged([WwanInfo]: signalStrength = 0 roaming = 0 mccMnc = 46001[RatInfo]: networkType = 0 subType = 13 networkState = CONNECTED netHdl = 441492361229 ipAddrV4 = 10.8.121.124 ipAddrV6 = 240e:47d:9250:ff88:851c:dfbb:a995:67ff ifNameV4 = rmnet_data3 ifNameV6 = rmnet_data3 slotIdx = 1 isAndroidValidated = false) timeStamp = 2020-12-01 08:55:42.396
12-01 08:55:42.396 D/QCNEJ/WwanInfoRelay( 5950): Received action: android.intent.action.ANY_DATA_STATE
12-01 08:55:42.399 W/DPMJ    ( 5799): |SERVICE| DPM received ACTION_ANY_DATA_CONNECTION_STATE_CHANGEDims
12-01 08:55:43.411 I/Vision  (14709): Requesting optional module download of face.
12-01 08:55:43.414 I/Vision  (14709): Requesting optional module download of barcode.
12-01 08:55:43.415 I/Vision  (14709): Requesting optional module download of ocr.
12-01 08:55:43.416 I/Vision  (14709): Exceeded maximum feature download tries for ocr
12-01 08:55:43.417 W/Vision  (14709): Request of optional module download of ocr failed.
12-01 08:55:43.419 I/Vision  (14709): Checking for download completion for 448660 -- face,barcode,ocr
12-01 08:55:43.437 I/LocationReportEnabler(14696): system_property_read_callback: gsm.sim.operator.numeric=46011,46001 -> 310030
12-01 08:55:44.324 D/ItemViewBindingInterceptor( 5497): Bind: MultiFeedReplyViewHolder => feed_reply -> , at ItemViewBindingInterceptor.onBindData(null:134)
12-01 08:55:44.345 D/ItemViewBindingInterceptor( 5497): Bind: MultiFeedReplyViewHolder => feed_reply -> , at ItemViewBindingInterceptor.onBindData(null:134)
12-01 08:55:44.393 D/ItemViewBindingInterceptor( 5497): Bind: FeedReplyTitleViewHolder => COMMENT_COUNT, at ItemViewBindingInterceptor.onBindData(null:134)
12-01 08:55:44.448 D/ItemViewBindingInterceptor( 5497): Bind: FeedShareActionViewHolder => ENTITY_TYPE_SHARE_ACTION, at ItemViewBindingInterceptor.onBindData(null:134)
12-01 08:55:44.489 D/ItemViewBindingInterceptor( 5497): Bind: FeedDetailViewHolderV8 => ENTITY_TYPE_DETAIL_TOP, at ItemViewBindingInterceptor.onBindData(null:134)
12-01 08:55:46.435 I/QcrilOemhookMsgTunnel( 6626): [0]processOemHookIndication length=21
12-01 08:55:46.436 D/QcrilMsgTunnelIfaceManager( 6626): handleMessage what = 0
12-01 08:55:46.545 D/ServiceStateProvider( 6084): subId=4
12-01 08:55:46.546 D/CellBroadcastReceiver(15315): onReceive Intent { act=android.intent.action.SERVICE_STATE flg=0x1000010 cmp=com.android.cellbroadcastreceiver/.CellBroadcastReceiver (has extras) }
12-01 08:55:46.575 D/QCNEJ/WwanInfoRelay( 5950): Received action: android.intent.action.ANY_DATA_STATE
12-01 08:55:46.577 I/QCNEJ/WwanInfoRelay( 5950): cacheWwanInfo state = CONNECTED
12-01 08:55:46.577 I/QCNEJ/WwanInfoRelay( 5950): cacheWwanInfo subId = 4 phoneId = 0 slotId = 0
12-01 08:55:46.579 W/DPMJ    ( 5799): |SERVICE| DPM received ACTION_ANY_DATA_CONNECTION_STATE_CHANGEDdefault
12-01 08:55:46.579 W/DPMJ    ( 5799): |SERVICE| If apn type is default ->default
12-01 08:55:46.583 W/DPMJ    ( 5799): |SERVICE| DPM received ACTION_ANY_DATA_CONNECTION_STATE_CHANGEDims
12-01 08:55:46.589 I/QCNEJ/NativeHalConnector( 5950): -> SND notifyWwanStatusChanged([WwanInfo]: signalStrength = 0 roaming = 0 mccMnc = 46001[RatInfo]: networkType = 0 subType = 13 networkState = CONNECTED netHdl = 441492361229 ipAddrV4 = 10.8.121.124 ipAddrV6 = 240e:47d:9250:ff88:851c:dfbb:a995:67ff ifNameV4 = rmnet_data3 ifNameV6 = rmnet_data3 slotIdx = 1 isAndroidValidated = false) timeStamp = 2020-12-01 08:55:46.588
12-01 08:55:46.589 D/QCNEJ/WwanInfoRelay( 5950): Received action: android.intent.action.ANY_DATA_STATE
12-01 08:55:47.512 I/QcrilOemhookMsgTunnel( 6626): [0]processOemHookIndication length=21
12-01 08:55:47.513 D/QcrilMsgTunnelIfaceManager( 6626): handleMessage what = 0
12-01 08:55:47.592 D/ServiceStateProvider( 6084): subId=4
12-01 08:55:47.595 D/CellBroadcastReceiver(15315): onReceive Intent { act=android.intent.action.SERVICE_STATE flg=0x1000010 cmp=com.android.cellbroadcastreceiver/.CellBroadcastReceiver (has extras) }
12-01 08:55:47.599 D/QCNEJ/WwanInfoRelay( 5950): Received action: android.intent.action.ANY_DATA_STATE
12-01 08:55:47.600 W/DPMJ    ( 5799): |SERVICE| DPM received ACTION_ANY_DATA_CONNECTION_STATE_CHANGEDdefault
12-01 08:55:47.600 W/DPMJ    ( 5799): |SERVICE| If apn type is default ->default
12-01 08:55:47.603 I/QCNEJ/WwanInfoRelay( 5950): cacheWwanInfo state = CONNECTED
12-01 08:55:47.603 I/QCNEJ/WwanInfoRelay( 5950): cacheWwanInfo subId = 4 phoneId = 0 slotId = 0
12-01 08:55:47.606 W/DPMJ    ( 5799): |SERVICE| DPM received ACTION_ANY_DATA_CONNECTION_STATE_CHANGEDims
12-01 08:55:47.611 I/chatty  (  750): uid=0(root) Binder:750_1 expire 15 lines
12-01 08:55:47.614 I/QCNEJ/NativeHalConnector( 5950): -> SND notifyWwanStatusChanged([WwanInfo]: signalStrength = 0 roaming = 0 mccMnc = 46001[RatInfo]: networkType = 0 subType = 13 networkState = CONNECTED netHdl = 441492361229 ipAddrV4 = 10.8.121.124 ipAddrV6 = 240e:47d:9250:ff88:851c:dfbb:a995:67ff ifNameV4 = rmnet_data3 ifNameV6 = rmnet_data3 slotIdx = 1 isAndroidValidated = false) timeStamp = 2020-12-01 08:55:47.614
12-01 08:55:47.615 D/QCNEJ/WwanInfoRelay( 5950): Received action: android.intent.action.ANY_DATA_STATE
12-01 08:55:47.948 D/ServiceStateProvider( 6084): subId=4
12-01 08:55:47.951 D/CellBroadcastReceiver(15315): onReceive Intent { act=android.intent.action.SERVICE_STATE flg=0x1000010 cmp=com.android.cellbroadcastreceiver/.CellBroadcastReceiver (has extras) }
12-01 08:55:48.521 I/QcrilOemhookMsgTunnel( 6626): [0]processOemHookIndication length=21
12-01 08:55:48.522 D/QcrilMsgTunnelIfaceManager( 6626): handleMessage what = 0
12-01 08:55:48.630 D/CellBroadcastReceiver(15315): onReceive Intent { act=android.intent.action.SERVICE_STATE flg=0x1000010 cmp=com.android.cellbroadcastreceiver/.CellBroadcastReceiver (has extras) }
12-01 08:55:48.631 D/ServiceStateProvider( 6084): subId=4
12-01 08:55:48.656 W/DPMJ    ( 5799): |SERVICE| DPM received ACTION_ANY_DATA_CONNECTION_STATE_CHANGEDdefault
12-01 08:55:48.656 W/DPMJ    ( 5799): |SERVICE| If apn type is default ->default
12-01 08:55:48.658 D/QCNEJ/WwanInfoRelay( 5950): Received action: android.intent.action.ANY_DATA_STATE
12-01 08:55:48.664 I/QCNEJ/WwanInfoRelay( 5950): cacheWwanInfo state = CONNECTED
12-01 08:55:48.664 I/QCNEJ/WwanInfoRelay( 5950): cacheWwanInfo subId = 4 phoneId = 0 slotId = 0
12-01 08:55:48.670 W/DPMJ    ( 5799): |SERVICE| DPM received ACTION_ANY_DATA_CONNECTION_STATE_CHANGEDims
12-01 08:55:48.679 I/QCNEJ/NativeHalConnector( 5950): -> SND notifyWwanStatusChanged([WwanInfo]: signalStrength = 0 roaming = 0 mccMnc = 46001[RatInfo]: networkType = 0 subType = 13 networkState = CONNECTED netHdl = 441492361229 ipAddrV4 = 10.8.121.124 ipAddrV6 = 240e:47d:9250:ff88:851c:dfbb:a995:67ff ifNameV4 = rmnet_data3 ifNameV6 = rmnet_data3 slotIdx = 1 isAndroidValidated = false) timeStamp = 2020-12-01 08:55:48.679
12-01 08:55:48.680 D/QCNEJ/WwanInfoRelay( 5950): Received action: android.intent.action.ANY_DATA_STATE
12-01 08:55:49.765 I/QcrilOemhookMsgTunnel( 6626): [0]processOemHookIndication length=21
12-01 08:55:49.791 D/QcrilMsgTunnelIfaceManager( 6626): handleMessage what = 0
12-01 08:55:49.861 D/ServiceStateProvider( 6084): subId=4
12-01 08:55:49.864 D/CellBroadcastReceiver(15315): onReceive Intent { act=android.intent.action.SERVICE_STATE flg=0x1000010 cmp=com.android.cellbroadcastreceiver/.CellBroadcastReceiver (has extras) }
12-01 08:55:49.870 W/DPMJ    ( 5799): |SERVICE| DPM received ACTION_ANY_DATA_CONNECTION_STATE_CHANGEDdefault
12-01 08:55:49.870 W/DPMJ    ( 5799): |SERVICE| If apn type is default ->default
12-01 08:55:49.873 D/QCNEJ/WwanInfoRelay( 5950): Received action: android.intent.action.ANY_DATA_STATE
12-01 08:55:49.877 I/QCNEJ/WwanInfoRelay( 5950): cacheWwanInfo state = CONNECTED
12-01 08:55:49.877 I/QCNEJ/WwanInfoRelay( 5950): cacheWwanInfo subId = 4 phoneId = 0 slotId = 0
12-01 08:55:49.882 W/DPMJ    ( 5799): |SERVICE| DPM received ACTION_ANY_DATA_CONNECTION_STATE_CHANGEDims
12-01 08:55:49.889 I/QCNEJ/NativeHalConnector( 5950): -> SND notifyWwanStatusChanged([WwanInfo]: signalStrength = 0 roaming = 0 mccMnc = 46001[RatInfo]: networkType = 0 subType = 13 networkState = CONNECTED netHdl = 441492361229 ipAddrV4 = 10.8.121.124 ipAddrV6 = 240e:47d:9250:ff88:851c:dfbb:a995:67ff ifNameV4 = rmnet_data3 ifNameV6 = rmnet_data3 slotIdx = 1 isAndroidValidated = false) timeStamp = 2020-12-01 08:55:49.889
12-01 08:55:49.889 D/QCNEJ/WwanInfoRelay( 5950): Received action: android.intent.action.ANY_DATA_STATE
12-01 08:55:50.276 D/ServiceStateProvider( 6084): subId=4
12-01 08:55:50.277 D/CellBroadcastReceiver(15315): onReceive Intent { act=android.intent.action.SERVICE_STATE flg=0x1000010 cmp=com.android.cellbroadcastreceiver/.CellBroadcastReceiver (has extras) }
12-01 08:55:50.915 I/QcrilOemhookMsgTunnel( 6626): [0]processOemHookIndication length=21
12-01 08:55:50.916 D/QcrilMsgTunnelIfaceManager( 6626): handleMessage what = 0
12-01 08:55:50.992 D/ServiceStateProvider( 6084): subId=4
12-01 08:55:50.997 D/CellBroadcastReceiver(15315): onReceive Intent { act=android.intent.action.SERVICE_STATE flg=0x1000010 cmp=com.android.cellbroadcastreceiver/.CellBroadcastReceiver (has extras) }
12-01 08:55:51.002 D/QCNEJ/WwanInfoRelay( 5950): Received action: android.intent.action.ANY_DATA_STATE
12-01 08:55:51.003 I/QCNEJ/WwanInfoRelay( 5950): cacheWwanInfo state = CONNECTED
12-01 08:55:51.003 I/QCNEJ/WwanInfoRelay( 5950): cacheWwanInfo subId = 4 phoneId = 0 slotId = 0
12-01 08:55:51.005 W/DPMJ    ( 5799): |SERVICE| DPM received ACTION_ANY_DATA_CONNECTION_STATE_CHANGEDdefault
12-01 08:55:51.005 W/DPMJ    ( 5799): |SERVICE| If apn type is default ->default
12-01 08:55:51.012 I/QCNEJ/NativeHalConnector( 5950): -> SND notifyWwanStatusChanged([WwanInfo]: signalStrength = 0 roaming = 0 mccMnc = 46001[RatInfo]: networkType = 0 subType = 13 networkState = CONNECTED netHdl = 441492361229 ipAddrV4 = 10.8.121.124 ipAddrV6 = 240e:47d:9250:ff88:851c:dfbb:a995:67ff ifNameV4 = rmnet_data3 ifNameV6 = rmnet_data3 slotIdx = 1 isAndroidValidated = false) timeStamp = 2020-12-01 08:55:51.012
12-01 08:55:51.013 D/QCNEJ/WwanInfoRelay( 5950): Received action: android.intent.action.ANY_DATA_STATE
12-01 08:55:51.020 W/DPMJ    ( 5799): |SERVICE| DPM received ACTION_ANY_DATA_CONNECTION_STATE_CHANGEDims
12-01 08:55:53.219 I/QcrilOemhookMsgTunnel( 6626): [0]processOemHookIndication length=21
12-01 08:55:53.219 E/WakeLock(14709): IntentOp:.chimera.container.InitConfigOperation ** IS FORCE-RELEASED ON TIMEOUT **
12-01 08:55:53.220 D/QcrilMsgTunnelIfaceManager( 6626): handleMessage what = 0
12-01 08:55:53.331 D/ServiceStateProvider( 6084): subId=4
12-01 08:55:53.342 D/CellBroadcastReceiver(15315): onReceive Intent { act=android.intent.action.SERVICE_STATE flg=0x1000010 cmp=com.android.cellbroadcastreceiver/.CellBroadcastReceiver (has extras) }
12-01 08:55:53.346 D/QCNEJ/WwanInfoRelay( 5950): Received action: android.intent.action.ANY_DATA_STATE
12-01 08:55:53.347 W/DPMJ    ( 5799): |SERVICE| DPM received ACTION_ANY_DATA_CONNECTION_STATE_CHANGEDdefault
12-01 08:55:53.347 W/DPMJ    ( 5799): |SERVICE| If apn type is default ->default
12-01 08:55:53.350 I/QCNEJ/WwanInfoRelay( 5950): cacheWwanInfo state = CONNECTED
12-01 08:55:53.350 I/QCNEJ/WwanInfoRelay( 5950): cacheWwanInfo subId = 4 phoneId = 0 slotId = 0
12-01 08:55:53.357 W/DPMJ    ( 5799): |SERVICE| DPM received ACTION_ANY_DATA_CONNECTION_STATE_CHANGEDims
12-01 08:55:53.361 I/QCNEJ/NativeHalConnector( 5950): -> SND notifyWwanStatusChanged([WwanInfo]: signalStrength = 0 roaming = 0 mccMnc = 46001[RatInfo]: networkType = 0 subType = 13 networkState = CONNECTED netHdl = 441492361229 ipAddrV4 = 10.8.121.124 ipAddrV6 = 240e:47d:9250:ff88:851c:dfbb:a995:67ff ifNameV4 = rmnet_data3 ifNameV6 = rmnet_data3 slotIdx = 1 isAndroidValidated = false) timeStamp = 2020-12-01 08:55:53.36
12-01 08:55:53.361 D/QCNEJ/WwanInfoRelay( 5950): Received action: android.intent.action.ANY_DATA_STATE
12-01 08:55:53.435 I/Vision  (14709): Requesting optional module download of face.
12-01 08:55:53.436 I/Vision  (14709): Requesting optional module download of barcode.
12-01 08:55:53.436 I/Vision  (14709): Requesting optional module download of ocr.
12-01 08:55:54.449 D/ImageWallpaper( 5577): wallpaper visibility changes to: true
12-01 08:55:50.997 I/chatty  ( 2118): uid=1000(system) ConnectivitySer identical 5 lines
12-01 08:55:53.344 D/ConnectivityService( 2118): NetworkAgentInfo [MOBILE (LTE) - 102] EVENT_NETWORK_INFO_CHANGED, going from CONNECTED to CONNECTED
12-01 08:55:54.478 W/ActivityManager( 2118): Unable to start service Intent { act=com.android.launcher3.WINDOW_OVERLAY dat=app://com.android.launcher3:10168?v=9&cv=14 pkg=com.google.android.googlequicksearchbox } U=0: not found
12-01 08:55:54.527 I/ActivityTaskManager( 2118): START u0 {flg=0x10000 cmp=com.coolapk.market/.view.feed.ReplyActivity (has extras)} from uid 10714
12-01 08:55:54.534 D/ImageWallpaper( 5577): wallpaper visibility changes to: false
12-01 08:55:54.544 D/ActivityLifecycle( 5497): application is in foreground: false, at ActivityLifecycle.onActivityPaused(null:39)
12-01 08:55:54.551 W/ActivityThread( 5497): handleWindowVisibility: no activity for token android.os.BinderProxy@73cc224
12-01 08:55:54.629 D/InstallQueue( 5497): App, at InstallQueue.onApplicationVisibleEventChanged(null:16)
12-01 08:55:54.651 V/AppLockService( 2118): setForegroundApp(com.coolapk.market)
12-01 08:55:54.799 V/PackageService( 5497): PackageService create, at PackageService.onCreate(null:8)
12-01 08:55:54.799 V/TaskService( 5497): Action: ACTION_INSTALL_QUEUEKey: ACTION_INSTALL_QUEUE, at TaskService.removeRepeatedIntentAction(null:46)
12-01 08:55:54.799 I/TaskService( 5497): (ACTION_INSTALL_QUEUE), at TaskService.removeRepeatedIntentAction(null:81)
12-01 08:55:54.801 V/TaskService( 5497): (ACTION_INSTALL_QUEUE), at TaskService.onHandleIntent(null:51)
12-01 08:55:54.820 I/GoogleInputMethodService( 6424): GoogleInputMethodService.onFinishInput():3308 
12-01 08:55:54.821 I/GoogleInputMethodService( 6424): GoogleInputMethodService.onStartInput():1887 
12-01 08:55:54.825 I/QcrilOemhookMsgTunnel( 6626): [0]processOemHookIndication length=21
12-01 08:55:54.825 D/QcrilMsgTunnelIfaceManager( 6626): handleMessage what = 0
12-01 08:55:54.829 V/PackageService( 5497): PackageService destroy, at PackageService.onDestroy(null:15)
12-01 08:55:54.831 I/GoogleInputMethodService( 6424): GoogleInputMethodService.onFinishInput():3308 
12-01 08:55:54.832 I/GoogleInputMethodService( 6424): GoogleInputMethodService.onStartInput():1887 
12-01 08:55:54.837 I/GoogleInputMethodService( 6424): GoogleInputMethodService.onStartInputView():2012 
12-01 08:55:54.841 I/KeyboardViewUtil( 6424): KeyboardViewUtil.getKeyboardHeightRatio():175 systemKeyboardHeightRatio:1.000000; userKeyboardHeightRatio:1.000000.
12-01 08:55:54.841 I/AndroidIME( 6424): AbstractIme.onActivate():84 AsyncChineseProcessorBasedIme.onActivate() : EditorInfo = Package = com.coolapk.market : Type = Text : Learning = Enable : Suggestion = Show : AutoCorrection = Enable : Microphone = Show : NoPersonalizedLearning = Disable : AutoStartVoiceInput = Disable, IncognitoMode = false
12-01 08:55:54.841 I/AndroidIME( 6424): AbstractIme.onActivate():84 ProcessorBasedIme.onActivate() : EditorInfo = Package = com.coolapk.market : Type = Text : Learning = Enable : Suggestion = Show : AutoCorrection = Enable : Microphone = Show : NoPersonalizedLearning = Disable : AutoStartVoiceInput = Disable, IncognitoMode = false
12-01 08:55:54.841 I/VoiceInputManagerWrapper( 6424): VoiceInputManagerWrapper.cancelShutdown():55 cancelShutdown()
12-01 08:55:54.842 I/VoiceInputManagerWrapper( 6424): VoiceInputManagerWrapper.syncLanguagePacks():67 syncLanguagePacks()
12-01 08:55:54.843 D/ConnectivityService( 2118): Blocked status changed to false for 10226(19) on netId 101
12-01 08:55:54.844 D/ConnectivityService( 2118): Blocked status changed to false for 10226(18) on netId 102
12-01 08:55:54.844 D/ConnectivityService( 2118): Blocked status changed to false for 10226(19) on netId 102
12-01 08:55:54.844 I/SpeechFactory( 6424): SpeechRecognitionFactory.maybeScheduleAutoPackDownloadForFallback():160 maybeScheduleAutoPackDownloadForFallback()
12-01 08:55:54.844 I/FallbackOnDeviceRecognitionProvider( 6424): FallbackOnDeviceRecognitionProvider.maybeScheduleAutoPackDownload():196 maybeScheduleAutoPackDownload() for language tag zh-CN
12-01 08:55:54.848 I/KeyboardViewUtil( 6424): KeyboardViewUtil.calculateMaxKeyboardBodyHeight():66 leave 354 height for app when screen height:2160, header height:116 and isFullscreenMode:false, so the max keyboard body height is:1690
12-01 08:55:54.848 E/putmethod.lati( 6424): Invalid ID 0x00000000.
12-01 08:55:54.848 E/putmethod.lati( 6424): Invalid ID 0x00000000.
12-01 08:55:54.848 W/Keyboard( 6424): Keyboard.getKeyboardViewHelper():633 null helper is returned: keyboardDef=KeyboardDef{className=.latin.keyboard.LatinPrimeKeyboard, id=keyboard_zh_pinyin, initialStates=0, keyboardViewDefs=[ljs{direction=null, id=default_keyboard_view, isScalable=true, layoutId=keyboard_latin_10_9_9_body_zh, type=BODY, touchable=true}, ljs{direction=null, id=default_keyboard_view, isScalable=false, layoutId=keyboard_prime_header_t13n_chinese, type=HEADER, touchable=true}], keyTextSizeRatio=1.0, persistentStates=0, persistentStatesPrefKey=null, popupBubbleLayoutId=popup_bubble_material, recentKeyLayoutId=#0x0, recentKeyPopupLayoutId=#0x0, recentKeyType=null, rememberRecentKey=NONE, sessionStates=3, stringId=keyboard_zh_pinyin}, type=FLOATING_CANDIDATES, helpersCreated=[eit@53a1530, eit@f4fd5a9, null], 
12-01 08:55:54.852 I/KeyboardViewUtil( 6424): KeyboardViewUtil.calculateMaxKeyboardBodyHeight():66 leave 354 height for app when screen height:2160, header height:116 and isFullscreenMode:false, so the max keyboard body height is:1690
12-01 08:55:54.858 W/KeyboardModeManager( 6424): KeyboardModeManager.setInputView():307 setInputView() : inputView = com.google.android.apps.inputmethod.libs.framework.core.InputView{5caad3a V.E...... ......ID 0,0-1080,2097}
12-01 08:55:54.858 I/NormalModeController( 6424): NormalModeController.getKeyboardBodyViewHolderPaddingBottom():112 currentPrimeKeyboardType:SOFT systemPaddingBottom:-1
12-01 08:55:54.860 I/AndroidIME( 6424): KeyboardViewManager.getInputViewBottomGapFromScreen():276 get inputViewBottomGapFromScreen = 0 from keyboard size helper.
12-01 08:55:54.860 I/GoogleInputMethodService( 6424): GoogleInputMethodService$10.getKeyboardBottomCoverNavigationHeight():3219 Returns default 0 as the coverNavigationHeight while extendsTouchBelowSpace=false decorViewWindowInsets=WindowInsets{systemWindowInsets=Insets{left=0, top=0, right=0, bottom=0} stableInsets=Insets{left=0, top=0, right=0, bottom=0} sysGestureInsets=Insets{left=63, top=63, right=63, bottom=84}}
12-01 08:55:54.861 W/AndroidIME( 6424): KeyboardViewManager.initializeViews():345 initializeViews() : keyboard full width = -1; root view width = 1080; measured keyboard height = 2097
12-01 08:55:54.861 I/AndroidIME( 6424): KeyboardViewManager.updateKeyboardHeaderViewWidth():767 keyboard header ratio:1.000000 body ratio:1.000000
12-01 08:55:54.861 I/AndroidIME( 6424): KeyboardViewManager.updateKeyboardHeaderViewWidth():767 keyboard header ratio:1.000000 body ratio:1.000000
12-01 08:55:54.862 I/AndroidIME( 6424): KeyboardViewManager.getInputViewBottomGapFromScreen():276 get inputViewBottomGapFromScreen = 0 from keyboard size helper.
12-01 08:55:54.862 I/GoogleInputMethodService( 6424): GoogleInputMethodService$10.getKeyboardBottomCoverNavigationHeight():3219 Returns default 0 as the coverNavigationHeight while extendsTouchBelowSpace=false decorViewWindowInsets=WindowInsets{systemWindowInsets=Insets{left=0, top=0, right=0, bottom=0} stableInsets=Insets{left=0, top=0, right=0, bottom=0} sysGestureInsets=Insets{left=63, top=63, right=63, bottom=84}}
12-01 08:55:54.865 I/CurrentMicStatusHolder( 6424): CurrentMicStatusHolder.onStartInputView():79 Current Mic status = {MicIconHidden-SettingOff,}
12-01 08:55:54.865 I/VoiceImeExtension( 6424): VoiceImeExtension.shouldStartVoiceInputAutomatically():342 No private IME option set to start voice input.
12-01 08:55:54.879 D/BoundBrokerSvc(14709): onBind: Intent { act=com.google.firebase.dynamiclinks.service.START pkg=com.google.android.gms }
12-01 08:55:54.879 D/BoundBrokerSvc(14709): Loading bound service for intent: Intent { act=com.google.firebase.dynamiclinks.service.START pkg=com.google.android.gms }
12-01 08:55:54.900 D/ServiceStateProvider( 6084): subId=4
12-01 08:55:54.907 D/ConnectivityService( 2118): NetworkAgentInfo [MOBILE (LTE) - 102] EVENT_NETWORK_INFO_CHANGED, going from CONNECTED to CONNECTED
12-01 08:55:54.907 D/CellBroadcastReceiver(15315): onReceive Intent { act=android.intent.action.SERVICE_STATE flg=0x1000010 cmp=com.android.cellbroadcastreceiver/.CellBroadcastReceiver (has extras) }
12-01 08:55:54.921 D/QCNEJ/WwanInfoRelay( 5950): Received action: android.intent.action.ANY_DATA_STATE
12-01 08:55:54.922 W/DPMJ    ( 5799): |SERVICE| DPM received ACTION_ANY_DATA_CONNECTION_STATE_CHANGEDdefault
12-01 08:55:54.922 W/DPMJ    ( 5799): |SERVICE| If apn type is default ->default
12-01 08:55:54.923 I/QCNEJ/WwanInfoRelay( 5950): cacheWwanInfo state = CONNECTED
12-01 08:55:54.923 I/QCNEJ/WwanInfoRelay( 5950): cacheWwanInfo subId = 4 phoneId = 0 slotId = 0
12-01 08:55:54.927 W/DPMJ    ( 5799): |SERVICE| DPM received ACTION_ANY_DATA_CONNECTION_STATE_CHANGEDims
12-01 08:55:54.937 I/QCNEJ/NativeHalConnector( 5950): -> SND notifyWwanStatusChanged([WwanInfo]: signalStrength = 0 roaming = 0 mccMnc = 46001[RatInfo]: networkType = 0 subType = 13 networkState = CONNECTED netHdl = 441492361229 ipAddrV4 = 10.8.121.124 ipAddrV6 = 240e:47d:9250:ff88:851c:dfbb:a995:67ff ifNameV4 = rmnet_data3 ifNameV6 = rmnet_data3 slotIdx = 1 isAndroidValidated = false) timeStamp = 2020-12-01 08:55:54.937
12-01 08:55:54.938 D/QCNEJ/WwanInfoRelay( 5950): Received action: android.intent.action.ANY_DATA_STATE
12-01 08:55:54.949 D/BoundBrokerSvc(14709): onBind: Intent { act=com.google.android.gms.common.BIND_SHARED_PREFS pkg=com.google.android.gms }
12-01 08:55:54.949 D/BoundBrokerSvc(14709): Loading bound service for intent: Intent { act=com.google.android.gms.common.BIND_SHARED_PREFS pkg=com.google.android.gms }
12-01 08:55:54.957 D/BoundBrokerSvc(14709): onUnbind: Intent { act=com.google.android.gms.common.BIND_SHARED_PREFS pkg=com.google.android.gms }
12-01 08:55:54.966 D/BoundBrokerSvc(14709): onBind: Intent { act=com.google.android.gms.common.BIND_SHARED_PREFS pkg=com.google.android.gms }
12-01 08:55:54.967 D/BoundBrokerSvc(14709): Loading bound service for intent: Intent { act=com.google.android.gms.common.BIND_SHARED_PREFS pkg=com.google.android.gms }
12-01 08:55:54.971 D/BoundBrokerSvc(14709): onUnbind: Intent { act=com.google.android.gms.common.BIND_SHARED_PREFS pkg=com.google.android.gms }
12-01 08:55:55.053 I/system_server( 2118): Background concurrent copying GC freed 879347(48MB) AllocSpace objects, 245(13MB) LOS objects, 75% free, 27MB/108MB, paused 256us total 402.860ms
12-01 08:55:55.652 I/QcrilOemhookMsgTunnel( 6626): [0]processOemHookIndication length=21
12-01 08:55:55.654 D/QcrilMsgTunnelIfaceManager( 6626): handleMessage what = 0
12-01 08:55:55.735 D/ServiceStateProvider( 6084): subId=4
12-01 08:55:55.738 D/CellBroadcastReceiver(15315): onReceive Intent { act=android.intent.action.SERVICE_STATE flg=0x1000010 cmp=com.android.cellbroadcastreceiver/.CellBroadcastReceiver (has extras) }
12-01 08:55:55.741 W/DPMJ    ( 5799): |SERVICE| DPM received ACTION_ANY_DATA_CONNECTION_STATE_CHANGEDdefault
12-01 08:55:55.741 W/DPMJ    ( 5799): |SERVICE| If apn type is default ->default
12-01 08:55:55.741 D/QCNEJ/WwanInfoRelay( 5950): Received action: android.intent.action.ANY_DATA_STATE
12-01 08:55:55.742 I/QCNEJ/WwanInfoRelay( 5950): cacheWwanInfo state = CONNECTED
12-01 08:55:55.742 I/QCNEJ/WwanInfoRelay( 5950): cacheWwanInfo subId = 4 phoneId = 0 slotId = 0
12-01 08:55:55.747 I/QCNEJ/NativeHalConnector( 5950): -> SND notifyWwanStatusChanged([WwanInfo]: signalStrength = 0 roaming = 0 mccMnc = 46001[RatInfo]: networkType = 0 subType = 13 networkState = CONNECTED netHdl = 441492361229 ipAddrV4 = 10.8.121.124 ipAddrV6 = 240e:47d:9250:ff88:851c:dfbb:a995:67ff ifNameV4 = rmnet_data3 ifNameV6 = rmnet_data3 slotIdx = 1 isAndroidValidated = false) timeStamp = 2020-12-01 08:55:55.746
12-01 08:55:55.747 D/QCNEJ/WwanInfoRelay( 5950): Received action: android.intent.action.ANY_DATA_STATE
12-01 08:55:55.748 W/DPMJ    ( 5799): |SERVICE| DPM received ACTION_ANY_DATA_CONNECTION_STATE_CHANGEDims
12-01 08:55:57.638 V/CoolMarketApplication( 5497): Send broadcast check for network state, at CoolMarketApplication.call(null:5)
12-01 08:55:57.640 V/ConnectivityReceiver( 5497): Start check for network state, at ConnectivityReceiver.onReceive(null:53)
12-01 08:55:57.643 D/EventBus( 5497): No subscribers registered for event class com.coolapk.market.event.WifiEvent
12-01 08:55:57.644 D/EventBus( 5497): No subscribers registered for event class org.greenrobot.eventbus.NoSubscriberEvent
12-01 08:55:57.708 I/InlineSuggestionCandidateViewController( 6424): InlineSuggestionCandidateViewController.textCandidatesUpdated():693 Not showing inline suggestion tooltip v2; has candidates
12-01 08:55:59.007 I/chatty  ( 6424): uid=10226(com.google.android.inputmethod.latin) identical 10 lines
12-01 08:55:59.222 I/InlineSuggestionCandidateViewController( 6424): InlineSuggestionCandidateViewController.textCandidatesUpdated():693 Not showing inline suggestion tooltip v2; has candidates
12-01 08:55:59.266 D/ServiceStateProvider( 6084): subId=4
12-01 08:55:59.270 D/CellBroadcastReceiver(15315): onReceive Intent { act=android.intent.action.SERVICE_STATE flg=0x1000010 cmp=com.android.cellbroadcastreceiver/.CellBroadcastReceiver (has extras) }
12-01 08:55:59.444 I/InlineSuggestionCandidateViewController( 6424): InlineSuggestionCandidateViewController.textCandidatesUpdated():693 Not showing inline suggestion tooltip v2; has candidates
12-01 08:55:59.802 I/InlineSuggestionCandidateViewController( 6424): InlineSuggestionCandidateViewController.textCandidatesUpdated():693 Not showing inline suggestion tooltip v2; has candidates
12-01 08:55:59.869 I/QcrilOemhookMsgTunnel( 6626): [0]processOemHookIndication length=21
12-01 08:55:59.869 D/QcrilMsgTunnelIfaceManager( 6626): handleMessage what = 0
12-01 08:55:59.905 D/ServiceStateProvider( 6084): subId=4
12-01 08:55:59.908 D/CellBroadcastReceiver(15315): onReceive Intent { act=android.intent.action.SERVICE_STATE flg=0x1000010 cmp=com.android.cellbroadcastreceiver/.CellBroadcastReceiver (has extras) }
12-01 08:55:59.911 I/chatty  (  750): uid=0(root) Binder:750_1 expire 7 lines
12-01 08:55:59.913 D/QCNEJ/WwanInfoRelay( 5950): Received action: android.intent.action.ANY_DATA_STATE
12-01 08:55:59.914 W/DPMJ    ( 5799): |SERVICE| DPM received ACTION_ANY_DATA_CONNECTION_STATE_CHANGEDdefault
12-01 08:55:59.914 W/DPMJ    ( 5799): |SERVICE| If apn type is default ->default
12-01 08:55:59.916 I/QCNEJ/WwanInfoRelay( 5950): cacheWwanInfo state = CONNECTED
12-01 08:55:59.916 I/QCNEJ/WwanInfoRelay( 5950): cacheWwanInfo subId = 4 phoneId = 0 slotId = 0
12-01 08:55:59.928 W/DPMJ    ( 5799): |SERVICE| DPM received ACTION_ANY_DATA_CONNECTION_STATE_CHANGEDims
12-01 08:55:59.930 I/QCNEJ/NativeHalConnector( 5950): -> SND notifyWwanStatusChanged([WwanInfo]: signalStrength = 0 roaming = 0 mccMnc = 46001[RatInfo]: networkType = 0 subType = 13 networkState = CONNECTED netHdl = 441492361229 ipAddrV4 = 10.8.121.124 ipAddrV6 = 240e:47d:9250:ff88:851c:dfbb:a995:67ff ifNameV4 = rmnet_data3 ifNameV6 = rmnet_data3 slotIdx = 1 isAndroidValidated = false) timeStamp = 2020-12-01 08:55:59.93
12-01 08:55:59.930 D/QCNEJ/WwanInfoRelay( 5950): Received action: android.intent.action.ANY_DATA_STATE
12-01 08:56:02.899 I/InlineSuggestionCandidateViewController( 6424): InlineSuggestionCandidateViewController.textCandidatesUpdated():693 Not showing inline suggestion tooltip v2; has candidates
12-01 08:56:04.028 I/InlineSuggestionCandidateViewController( 6424): InlineSuggestionCandidateViewController.textCandidatesUpdated():693 Not showing inline suggestion tooltip v2; has candidates
12-01 08:56:04.216 I/QcrilOemhookMsgTunnel( 6626): [0]processOemHookIndication length=21
12-01 08:56:04.217 D/QcrilMsgTunnelIfaceManager( 6626): handleMessage what = 0
12-01 08:56:04.282 I/InlineSuggestionCandidateViewController( 6424): InlineSuggestionCandidateViewController.textCandidatesUpdated():693 Not showing inline suggestion tooltip v2; has candidates
12-01 08:56:04.309 D/ServiceStateProvider( 6084): subId=4
12-01 08:56:04.312 D/CellBroadcastReceiver(15315): onReceive Intent { act=android.intent.action.SERVICE_STATE flg=0x1000010 cmp=com.android.cellbroadcastreceiver/.CellBroadcastReceiver (has extras) }
12-01 08:56:04.316 D/QCNEJ/WwanInfoRelay( 5950): Received action: android.intent.action.ANY_DATA_STATE
12-01 08:56:04.316 I/InlineSuggestionCandidateViewController( 6424): InlineSuggestionCandidateViewController.textCandidatesUpdated():693 Not showing inline suggestion tooltip v2; has candidates
12-01 08:56:04.317 W/DPMJ    ( 5799): |SERVICE| DPM received ACTION_ANY_DATA_CONNECTION_STATE_CHANGEDdefault
12-01 08:56:04.317 W/DPMJ    ( 5799): |SERVICE| If apn type is default ->default
12-01 08:56:04.319 I/QCNEJ/WwanInfoRelay( 5950): cacheWwanInfo state = CONNECTED
12-01 08:56:04.319 I/QCNEJ/WwanInfoRelay( 5950): cacheWwanInfo subId = 4 phoneId = 0 slotId = 0
12-01 08:56:04.325 W/DPMJ    ( 5799): |SERVICE| DPM received ACTION_ANY_DATA_CONNECTION_STATE_CHANGEDims
12-01 08:56:04.334 I/QCNEJ/NativeHalConnector( 5950): -> SND notifyWwanStatusChanged([WwanInfo]: signalStrength = 0 roaming = 0 mccMnc = 46001[RatInfo]: networkType = 0 subType = 13 networkState = CONNECTED netHdl = 441492361229 ipAddrV4 = 10.8.121.124 ipAddrV6 = 240e:47d:9250:ff88:851c:dfbb:a995:67ff ifNameV4 = rmnet_data3 ifNameV6 = rmnet_data3 slotIdx = 1 isAndroidValidated = false) timeStamp = 2020-12-01 08:56:04.334
12-01 08:56:04.335 D/QCNEJ/WwanInfoRelay( 5950): Received action: android.intent.action.ANY_DATA_STATE
12-01 08:56:04.629 I/InlineSuggestionCandidateViewController( 6424): InlineSuggestionCandidateViewController.textCandidatesUpdated():693 Not showing inline suggestion tooltip v2; has candidates
12-01 08:56:05.104 I/InlineSuggestionCandidateViewController( 6424): InlineSuggestionCandidateViewController.textCandidatesUpdated():693 Not showing inline suggestion tooltip v2; has candidates
12-01 08:56:05.247 E/SELinux (  600): avc:  denied  { find } for interface=android.hardware.memtrack::IMemtrack sid=u:r:priv_app:s0:c512,c768 pid=14696 scontext=u:r:priv_app:s0:c512,c768 tcontext=u:object_r:hal_memtrack_hwservice:s0 tclass=hwservice_manager permissive=0
12-01 08:56:05.249 E/memtrack(14696): Couldn't load memtrack module
12-01 08:56:05.249 W/android.os.Debug(14696): failed to get memory consumption info: -1
12-01 08:56:05.333 E/SELinux (  600): avc:  denied  { find } for interface=android.hardware.memtrack::IMemtrack sid=u:r:priv_app:s0:c512,c768 pid=14709 scontext=u:r:priv_app:s0:c512,c768 tcontext=u:object_r:hal_memtrack_hwservice:s0 tclass=hwservice_manager permissive=0
12-01 08:56:05.334 E/memtrack(14709): Couldn't load memtrack module
12-01 08:56:05.334 W/android.os.Debug(14709): failed to get memory consumption info: -1
12-01 08:56:05.645 I/KeyboardViewUtil( 6424): KeyboardViewUtil.calculateMaxKeyboardBodyHeight():66 leave 354 height for app when screen height:2160, header height:116 and isFullscreenMode:false, so the max keyboard body height is:1690
12-01 08:56:05.646 D/ImageWallpaper( 5577): wallpaper visibility changes to: true
12-01 08:56:05.666 W/Keyboard( 6424): Keyboard.getKeyboardViewHelper():633 null helper is returned: keyboardDef=KeyboardDef{className=.latin.keyboard.LatinSymbolsKeyboard, id=keyboard_non_prime_symbol, initialStates=0, keyboardViewDefs=[ljs{direction=null, id=default_keyboard_view, isScalable=false, layoutId=keyboard_non_prime_header, type=HEADER, touchable=true}, ljs{direction=null, id=default_keyboard_view, isScalable=true, layoutId=keyboard_non_prime_symbol_nonpageable_body, type=BODY, touchable=true}], keyTextSizeRatio=1.0, persistentStates=0, persistentStatesPrefKey=null, popupBubbleLayoutId=popup_bubble_material, recentKeyLayoutId=softkey_label_emoji_header, recentKeyPopupLayoutId=popup_bubble_rectangular_label_small_material_keep_order, recentKeyType=null, rememberRecentKey=NONE, sessionStates=0, stringId=keyboard_non_prime_symbol}, type=FLOATING_CANDIDATES, helpersCreated=[eit@a67c027, eit@fe2e2d4, null], 
12-01 08:56:05.674 W/Keyboard( 6424): Keyboard.getKeyboardViewHelper():633 null helper is returned: keyboardDef=KeyboardDef{className=.latin.keyboard.LatinSymbolsKeyboard, id=keyboard_non_prime_symbol, initialStates=0, keyboardViewDefs=[ljs{direction=null, id=default_keyboard_view, isScalable=false, layoutId=keyboard_non_prime_header, type=HEADER, touchable=true}, ljs{direction=null, id=default_keyboard_view, isScalable=true, layoutId=keyboard_non_prime_symbol_nonpageable_body, type=BODY, touchable=true}], keyTextSizeRatio=1.0, persistentStates=0, persistentStatesPrefKey=null, popupBubbleLayoutId=popup_bubble_material, recentKeyLayoutId=softkey_label_emoji_header, recentKeyPopupLayoutId=popup_bubble_rectangular_label_small_material_keep_order, recentKeyType=null, rememberRecentKey=NONE, sessionStates=0, stringId=keyboard_non_prime_symbol}, type=FLOATING_CANDIDATES, helpersCreated=[eit@a67c027, eit@fe2e2d4, null], 
12-01 08:56:05.675 I/KeyboardViewUtil( 6424): KeyboardViewUtil.calculateMaxKeyboardBodyHeight():66 leave 354 height for app when screen height:2160, header height:116 and isFullscreenMode:false, so the max keyboard body height is:1690
12-01 08:56:05.676 I/KeyboardManager( 6424): KeyboardManager.requestKeyboard():133 Using cached keyboard symbol, imeId=ime_zh_cn
12-01 08:55:59.910 I/chatty  ( 2118): uid=1000(system) ConnectivitySer identical 2 lines
12-01 08:56:04.313 D/ConnectivityService( 2118): NetworkAgentInfo [MOBILE (LTE) - 102] EVENT_NETWORK_INFO_CHANGED, going from CONNECTED to CONNECTED
12-01 08:56:05.699 W/ActivityManager( 2118): Unable to start service Intent { act=com.android.launcher3.WINDOW_OVERLAY dat=app://com.android.launcher3:10168?v=9&cv=14 pkg=com.google.android.googlequicksearchbox } U=0: not found
12-01 08:56:05.801 D/ImageWallpaper( 5577): wallpaper visibility changes to: false
12-01 08:56:07.076 D/ImageWallpaper( 5577): wallpaper visibility changes to: true
12-01 08:56:07.078 I/KeyboardViewUtil( 6424): KeyboardViewUtil.calculateMaxKeyboardBodyHeight():66 leave 354 height for app when screen height:2160, header height:116 and isFullscreenMode:false, so the max keyboard body height is:1690
12-01 08:56:07.079 W/ActivityManager( 2118): Unable to start service Intent { act=com.android.launcher3.WINDOW_OVERLAY dat=app://com.android.launcher3:10168?v=9&cv=14 pkg=com.google.android.googlequicksearchbox } U=0: not found
12-01 08:56:07.081 E/putmethod.lati( 6424): Invalid ID 0x00000000.
12-01 08:56:07.081 E/putmethod.lati( 6424): Invalid ID 0x00000000.
12-01 08:56:07.082 W/Keyboard( 6424): Keyboard.getKeyboardViewHelper():633 null helper is returned: keyboardDef=KeyboardDef{className=.latin.keyboard.LatinPrimeKeyboard, id=keyboard_zh_pinyin, initialStates=0, keyboardViewDefs=[ljs{direction=null, id=default_keyboard_view, isScalable=true, layoutId=keyboard_latin_10_9_9_body_zh, type=BODY, touchable=true}, ljs{direction=null, id=default_keyboard_view, isScalable=false, layoutId=keyboard_prime_header_t13n_chinese, type=HEADER, touchable=true}], keyTextSizeRatio=1.0, persistentStates=0, persistentStatesPrefKey=null, popupBubbleLayoutId=popup_bubble_material, recentKeyLayoutId=#0x0, recentKeyPopupLayoutId=#0x0, recentKeyType=null, rememberRecentKey=NONE, sessionStates=3, stringId=keyboard_zh_pinyin}, type=FLOATING_CANDIDATES, helpersCreated=[eit@53a1530, eit@f4fd5a9, null], 
12-01 08:56:07.085 I/KeyboardViewUtil( 6424): KeyboardViewUtil.calculateMaxKeyboardBodyHeight():66 leave 354 height for app when screen height:2160, header height:116 and isFullscreenMode:false, so the max keyboard body height is:1690
12-01 08:56:07.085 I/KeyboardManager( 6424): KeyboardManager.requestKeyboard():133 Using cached keyboard prime, imeId=ime_zh_cn
12-01 08:56:07.270 D/ImageWallpaper( 5577): wallpaper visibility changes to: false
12-01 08:56:07.558 I/QcrilOemhookMsgTunnel( 6626): [0]processOemHookIndication length=21
12-01 08:56:07.561 D/QcrilMsgTunnelIfaceManager( 6626): handleMessage what = 0
12-01 08:56:07.652 D/ServiceStateProvider( 6084): subId=4
12-01 08:56:07.660 D/CellBroadcastReceiver(15315): onReceive Intent { act=android.intent.action.SERVICE_STATE flg=0x1000010 cmp=com.android.cellbroadcastreceiver/.CellBroadcastReceiver (has extras) }
12-01 08:56:07.664 D/ConnectivityService( 2118): NetworkAgentInfo [MOBILE (LTE) - 102] EVENT_NETWORK_INFO_CHANGED, going from CONNECTED to CONNECTED
12-01 08:56:07.676 D/QCNEJ/WwanInfoRelay( 5950): Received action: android.intent.action.ANY_DATA_STATE
12-01 08:56:07.677 W/DPMJ    ( 5799): |SERVICE| DPM received ACTION_ANY_DATA_CONNECTION_STATE_CHANGEDdefault
12-01 08:56:07.677 W/DPMJ    ( 5799): |SERVICE| If apn type is default ->default
12-01 08:56:07.679 I/QCNEJ/WwanInfoRelay( 5950): cacheWwanInfo state = CONNECTED
12-01 08:56:07.679 I/QCNEJ/WwanInfoRelay( 5950): cacheWwanInfo subId = 4 phoneId = 0 slotId = 0
12-01 08:56:07.689 W/DPMJ    ( 5799): |SERVICE| DPM received ACTION_ANY_DATA_CONNECTION_STATE_CHANGEDims
12-01 08:56:07.691 I/QCNEJ/NativeHalConnector( 5950): -> SND notifyWwanStatusChanged([WwanInfo]: signalStrength = 0 roaming = 0 mccMnc = 46001[RatInfo]: networkType = 0 subType = 13 networkState = CONNECTED netHdl = 441492361229 ipAddrV4 = 10.8.121.124 ipAddrV6 = 240e:47d:9250:ff88:851c:dfbb:a995:67ff ifNameV4 = rmnet_data3 ifNameV6 = rmnet_data3 slotIdx = 1 isAndroidValidated = false) timeStamp = 2020-12-01 08:56:07.691
12-01 08:56:07.692 D/QCNEJ/WwanInfoRelay( 5950): Received action: android.intent.action.ANY_DATA_STATE
12-01 08:56:08.785 E/InputDispatcher( 2118): Window handle Window{bd43936 u0 PopupWindow:61c1bfe} has no registered input channel
12-01 08:56:09.620 D/ImageWallpaper( 5577): wallpaper visibility changes to: true
12-01 08:56:09.641 W/ActivityManager( 2118): Unable to start service Intent { act=com.android.launcher3.WINDOW_OVERLAY dat=app://com.android.launcher3:10168?v=9&cv=14 pkg=com.google.android.googlequicksearchbox } U=0: not found
12-01 08:56:09.726 E/InputDispatcher( 2118): Window handle Window{679c6c5 u0 PopupWindow:61c1bfe} has no registered input channel
12-01 08:56:09.783 D/ImageWallpaper( 5577): wallpaper visibility changes to: false
12-01 08:56:09.997 D/BoundBrokerSvc(14709): onUnbind: Intent { act=com.google.firebase.dynamiclinks.service.START pkg=com.google.android.gms }
12-01 08:56:11.272 W/HWComposer(  862): Ignoring duplicate VSYNC event from HWC for display 0 (t=425028057649)
12-01 08:56:11.380 D/NATIVE-LIB( 5497): time 1606784171
12-01 08:56:11.380 D/NATIVE-LIB( 5497): time 5fc594ab
12-01 08:56:11.398 V/HttpClientFactory$CoolMarketCookieJar( 5497): Add cookies, host: api.coolapk.com, at HttpClientFactory$CoolMarketCookieJar.loadForRequest(null:49)
12-01 08:56:11.429 I/chatty  (  750): uid=0(root) Binder:750_3 expire 1 line
12-01 08:56:11.479 E/InputDispatcher( 2118): Window handle Window{d32eb35 u0 PopupWindow:61c1bfe} has no registered input channel
12-01 08:56:12.012 E/InputDispatcher( 2118): Window handle Window{720e617 u0 com.coolapk.market/com.coolapk.market.view.feed.ReplyActivity} has no registered input channel
12-01 08:56:12.027 D/StatisticHelper( 5497): recordCustomEvent post_reply {reply_type=}, at StatisticHelper.recordCustomKVEvent(null:104)
12-01 08:56:12.030 E/InputDispatcher( 2118): Window handle Window{720e617 u0 com.coolapk.market/com.coolapk.market.view.feed.ReplyActivity} has no registered input channel
12-01 08:56:12.038 D/ItemViewBindingInterceptor( 5497): Bind: FeedDetailViewHolderV8 => ENTITY_TYPE_DETAIL_TOP, at ItemViewBindingInterceptor.onBindData(null:134)
12-01 08:56:12.045 D/ItemViewBindingInterceptor( 5497): Bind: MultiFeedReplyViewHolder => feed_reply -> , at ItemViewBindingInterceptor.onBindData(null:134)
12-01 08:56:12.082 D/ItemViewBindingInterceptor( 5497): Bind: MultiFeedReplyViewHolder => feed_reply -> , at ItemViewBindingInterceptor.onBindData(null:134)
12-01 08:56:12.347 D/ActivityLifecycle( 5497): application is in foreground: false, at ActivityLifecycle.onActivityPaused(null:39)
12-01 08:56:12.361 V/AppLockService( 2118): setForegroundApp(com.coolapk.market)
12-01 08:56:12.389 I/GoogleInputMethodService( 6424): GoogleInputMethodService.onFinishInputView():2221 
12-01 08:56:12.392 I/AndroidIME( 6424): AbstractIme.onDeactivate():161 AsyncChineseProcessorBasedIme.onDeactivate()
12-01 08:56:12.392 I/AndroidIME( 6424): AbstractIme.onDeactivate():161 ProcessorBasedIme.onDeactivate()
12-01 08:56:12.392 I/VoiceInputManagerWrapper( 6424): VoiceInputManagerWrapper.shutdown():77 shutdown()
12-01 08:56:12.396 D/ActivityLifecycle( 5497): application is visible: true, at ActivityLifecycle.onActivityStopped(null:39)
12-01 08:56:12.403 I/chatty  (  750): uid=0(root) Binder:750_4 expire 10 lines
12-01 08:56:12.405 D/ConnectivityService( 2118): Blocked status changed to true for 10226(19) on netId 101
12-01 08:56:12.405 D/ConnectivityService( 2118): Blocked status changed to true for 10226(18) on netId 102
12-01 08:56:12.405 D/ConnectivityService( 2118): Blocked status changed to true for 10226(19) on netId 102
12-01 08:56:12.406 I/GoogleInputMethodService( 6424): GoogleInputMethodService.onFinishInput():3308 
12-01 08:56:12.407 I/GoogleInputMethodService( 6424): GoogleInputMethodService.onStartInput():1887 
12-01 08:56:12.462 I/ndroid.systemu( 5577): NativeAlloc concurrent copying GC freed 76774(3371KB) AllocSpace objects, 59(1180KB) LOS objects, 75% free, 10MB/41MB, paused 75us total 121.037ms
12-01 08:56:14.002 I/BpBinder(  862): onLastStrongRef automatically unlinking death recipients
12-01 08:56:14.004 I/BpBinder(  862): onLastStrongRef automatically unlinking death recipients
12-01 08:56:14.021 I/BpBinder(  862): onLastStrongRef automatically unlinking death recipients
12-01 08:56:14.035 I/BpBinder(  862): onLastStrongRef automatically unlinking death recipients
