12-01 08:56:14.038 I/BpBinder(  862): onLastStrongRef automatically unlinking death recipients
12-01 08:56:14.051 V/InputDispatcher( 2118): Asynchronous input event injection succeeded.
12-01 08:56:14.055 V/InputDispatcher( 2118): Asynchronous input event injection succeeded.
12-01 08:56:14.056 I/BpBinder(  862): onLastStrongRef automatically unlinking death recipients
12-01 08:56:14.075 D/ActivityLifecycle( 5497): application is in foreground: false, at ActivityLifecycle.onActivityPaused(null:39)
12-01 08:56:14.090 D/InstallQueue( 5497): App, at InstallQueue.onApplicationVisibleEventChanged(null:16)
12-01 08:56:14.105 V/AppLockService( 2118): setForegroundApp(com.coolapk.market)
12-01 08:56:14.172 V/PackageService( 5497): PackageService create, at PackageService.onCreate(null:8)
12-01 08:56:14.173 V/TaskService( 5497): Action: ACTION_INSTALL_QUEUEKey: ACTION_INSTALL_QUEUE, at TaskService.removeRepeatedIntentAction(null:46)
12-01 08:56:14.173 I/TaskService( 5497): (ACTION_INSTALL_QUEUE), at TaskService.removeRepeatedIntentAction(null:81)
12-01 08:56:14.174 V/TaskService( 5497): (ACTION_INSTALL_QUEUE), at TaskService.onHandleIntent(null:51)
12-01 08:56:14.182 I/GoogleInputMethodService( 6424): GoogleInputMethodService.onFinishInput():3308 
12-01 08:56:14.183 I/GoogleInputMethodService( 6424): GoogleInputMethodService.onStartInput():1887 
12-01 08:56:14.185 V/PackageService( 5497): PackageService destroy, at PackageService.onDestroy(null:15)
12-01 08:56:14.490 D/ActivityLifecycle( 5497): application is visible: true, at ActivityLifecycle.onActivityStopped(null:39)
12-01 08:56:16.314 I/ActivityTaskManager( 2118): START u0 {cmp=com.coolapk.market/.view.feed.FeedDetailActivityV8 (has extras)} from uid 10714
12-01 08:56:16.342 D/ActivityLifecycle( 5497): application is in foreground: false, at ActivityLifecycle.onActivityPaused(null:39)
12-01 08:56:16.366 W/ActivityThread( 5497): handleWindowVisibility: no activity for token android.os.BinderProxy@28777af
12-01 08:56:16.423 D/InstallQueue( 5497): App, at InstallQueue.onApplicationVisibleEventChanged(null:16)
12-01 08:56:16.425 D/NATIVE-LIB( 5497): time 1606784176
12-01 08:56:16.425 D/NATIVE-LIB( 5497): time 5fc594b0
12-01 08:56:16.433 V/HttpClientFactory$CoolMarketCookieJar( 5497): Add cookies, host: api.coolapk.com, at HttpClientFactory$CoolMarketCookieJar.loadForRequest(null:49)
12-01 08:56:16.446 V/AppLockService( 2118): setForegroundApp(com.coolapk.market)
12-01 08:56:16.499 V/PackageService( 5497): PackageService create, at PackageService.onCreate(null:8)
12-01 08:56:16.500 V/TaskService( 5497): Action: ACTION_INSTALL_QUEUEKey: ACTION_INSTALL_QUEUE, at TaskService.removeRepeatedIntentAction(null:46)
12-01 08:56:16.501 I/TaskService( 5497): (ACTION_INSTALL_QUEUE), at TaskService.removeRepeatedIntentAction(null:81)
12-01 08:56:16.502 V/TaskService( 5497): (ACTION_INSTALL_QUEUE), at TaskService.onHandleIntent(null:51)
12-01 08:56:16.513 V/PackageService( 5497): PackageService destroy, at PackageService.onDestroy(null:15)
12-01 08:56:16.514 I/GoogleInputMethodService( 6424): GoogleInputMethodService.onFinishInput():3308 
12-01 08:56:16.515 I/GoogleInputMethodService( 6424): GoogleInputMethodService.onStartInput():1887 
12-01 08:56:16.824 D/ActivityLifecycle( 5497): application is visible: true, at ActivityLifecycle.onActivityStopped(null:39)
12-01 08:56:16.894 D/StatisticHelper( 5497): recordCustomEvent feed_click {feed_type=}, at StatisticHelper.recordCustomKVEvent(null:104)
12-01 08:56:16.909 D/NATIVE-LIB( 5497): time 1606784176
12-01 08:56:16.909 D/NATIVE-LIB( 5497): time 5fc594b0
12-01 08:56:16.912 V/HttpClientFactory$CoolMarketCookieJar( 5497): Add cookies, host: api.coolapk.com, at HttpClientFactory$CoolMarketCookieJar.loadForRequest(null:49)
12-01 08:56:16.968 D/ItemViewBindingInterceptor( 5497): Bind: FeedDetailViewHolderV8 => ENTITY_TYPE_DETAIL_TOP, at ItemViewBindingInterceptor.onBindData(null:134)
12-01 08:56:16.978 D/ItemViewBindingInterceptor( 5497): Bind: FeedShareActionViewHolder => ENTITY_TYPE_SHARE_ACTION, at ItemViewBindingInterceptor.onBindData(null:134)
12-01 08:56:16.980 D/ItemViewBindingInterceptor( 5497): Bind: FeedReplyTitleViewHolder => COMMENT_COUNT, at ItemViewBindingInterceptor.onBindData(null:134)
12-01 08:56:16.984 D/ItemViewBindingInterceptor( 5497): Bind: ProgressHintViewHolder => REFRESH_PROGRESS_BAR, at ItemViewBindingInterceptor.onBindData(null:134)
12-01 08:56:17.223 D/ItemViewBindingInterceptor( 5497): Bind: FeedShareActionViewHolder => ENTITY_TYPE_SHARE_ACTION, at ItemViewBindingInterceptor.onBindData(null:134)
12-01 08:56:17.225 D/ItemViewBindingInterceptor( 5497): Bind: FeedReplyTitleViewHolder => COMMENT_COUNT, at ItemViewBindingInterceptor.onBindData(null:134)
12-01 08:56:17.239 D/ItemViewBindingInterceptor( 5497): Bind: MultiFeedReplyViewHolder => feed_reply -> , at ItemViewBindingInterceptor.onBindData(null:134)
12-01 08:56:17.286 D/ItemViewBindingInterceptor( 5497): Bind: MultiFeedReplyViewHolder => feed_reply -> , at ItemViewBindingInterceptor.onBindData(null:134)
12-01 08:56:18.746 I/QcrilOemhookMsgTunnel( 6626): [0]processOemHookIndication length=21
12-01 08:56:18.747 D/QcrilMsgTunnelIfaceManager( 6626): handleMessage what = 0
12-01 08:56:18.833 D/ServiceStateProvider( 6084): subId=4
12-01 08:56:18.837 D/CellBroadcastReceiver(15315): onReceive Intent { act=android.intent.action.SERVICE_STATE flg=0x1000010 cmp=com.android.cellbroadcastreceiver/.CellBroadcastReceiver (has extras) }
12-01 08:56:18.841 D/ConnectivityService( 2118): NetworkAgentInfo [MOBILE (LTE) - 102] EVENT_NETWORK_INFO_CHANGED, going from CONNECTED to CONNECTED
12-01 08:56:18.841 D/QCNEJ/WwanInfoRelay( 5950): Received action: android.intent.action.ANY_DATA_STATE
12-01 08:56:18.842 W/DPMJ    ( 5799): |SERVICE| DPM received ACTION_ANY_DATA_CONNECTION_STATE_CHANGEDdefault
12-01 08:56:18.842 W/DPMJ    ( 5799): |SERVICE| If apn type is default ->default
12-01 08:56:18.844 I/QCNEJ/WwanInfoRelay( 5950): cacheWwanInfo state = CONNECTED
12-01 08:56:18.845 I/QCNEJ/WwanInfoRelay( 5950): cacheWwanInfo subId = 4 phoneId = 0 slotId = 0
12-01 08:56:18.848 W/DPMJ    ( 5799): |SERVICE| DPM received ACTION_ANY_DATA_CONNECTION_STATE_CHANGEDims
12-01 08:56:18.857 I/QCNEJ/NativeHalConnector( 5950): -> SND notifyWwanStatusChanged([WwanInfo]: signalStrength = 0 roaming = 0 mccMnc = 46001[RatInfo]: networkType = 0 subType = 13 networkState = CONNECTED netHdl = 441492361229 ipAddrV4 = 10.8.121.124 ipAddrV6 = 240e:47d:9250:ff88:851c:dfbb:a995:67ff ifNameV4 = rmnet_data3 ifNameV6 = rmnet_data3 slotIdx = 1 isAndroidValidated = false) timeStamp = 2020-12-01 08:56:18.857
12-01 08:56:18.858 D/QCNEJ/WwanInfoRelay( 5950): Received action: android.intent.action.ANY_DATA_STATE
12-01 08:56:19.428 V/CoolMarketApplication( 5497): Send broadcast check for network state, at CoolMarketApplication.call(null:5)
12-01 08:56:19.431 V/ConnectivityReceiver( 5497): Start check for network state, at ConnectivityReceiver.onReceive(null:53)
12-01 08:56:19.434 D/EventBus( 5497): No subscribers registered for event class com.coolapk.market.event.WifiEvent
12-01 08:56:19.435 D/EventBus( 5497): No subscribers registered for event class org.greenrobot.eventbus.NoSubscriberEvent
12-01 08:56:20.372 D/ServiceStateProvider( 6084): subId=4
12-01 08:56:20.374 D/CellBroadcastReceiver(15315): onReceive Intent { act=android.intent.action.SERVICE_STATE flg=0x1000010 cmp=com.android.cellbroadcastreceiver/.CellBroadcastReceiver (has extras) }
12-01 08:56:20.847 I/GMS_MM_Logger(14709): Memory Metric Logging not allowed. Stopping.
12-01 08:56:20.930 I/QcrilOemhookMsgTunnel( 6626): [0]processOemHookIndication length=21
12-01 08:56:20.931 D/QcrilMsgTunnelIfaceManager( 6626): handleMessage what = 0
12-01 08:56:21.062 D/CellBroadcastReceiver(15315): onReceive Intent { act=android.intent.action.SERVICE_STATE flg=0x1000010 cmp=com.android.cellbroadcastreceiver/.CellBroadcastReceiver (has extras) }
12-01 08:56:21.066 D/ServiceStateProvider( 6084): subId=4
12-01 08:56:21.084 D/QCNEJ/WwanInfoRelay( 5950): Received action: android.intent.action.ANY_DATA_STATE
12-01 08:56:21.085 W/DPMJ    ( 5799): |SERVICE| DPM received ACTION_ANY_DATA_CONNECTION_STATE_CHANGEDdefault
12-01 08:56:21.085 W/DPMJ    ( 5799): |SERVICE| If apn type is default ->default
12-01 08:56:21.085 I/QCNEJ/WwanInfoRelay( 5950): cacheWwanInfo state = CONNECTED
12-01 08:56:21.085 I/QCNEJ/WwanInfoRelay( 5950): cacheWwanInfo subId = 4 phoneId = 0 slotId = 0
12-01 08:56:21.091 W/DPMJ    ( 5799): |SERVICE| DPM received ACTION_ANY_DATA_CONNECTION_STATE_CHANGEDims
12-01 08:56:21.094 I/QCNEJ/NativeHalConnector( 5950): -> SND notifyWwanStatusChanged([WwanInfo]: signalStrength = 0 roaming = 0 mccMnc = 46001[RatInfo]: networkType = 0 subType = 13 networkState = CONNECTED netHdl = 441492361229 ipAddrV4 = 10.8.121.124 ipAddrV6 = 240e:47d:9250:ff88:851c:dfbb:a995:67ff ifNameV4 = rmnet_data3 ifNameV6 = rmnet_data3 slotIdx = 1 isAndroidValidated = false) timeStamp = 2020-12-01 08:56:21.094
12-01 08:56:21.095 D/QCNEJ/WwanInfoRelay( 5950): Received action: android.intent.action.ANY_DATA_STATE
12-01 08:56:21.206 I/QcrilOemhookMsgTunnel( 6626): [0]processOemHookIndication length=21
12-01 08:56:21.206 D/QcrilMsgTunnelIfaceManager( 6626): handleMessage what = 0
12-01 08:56:21.249 D/ServiceStateProvider( 6084): subId=4
12-01 08:56:21.252 D/CellBroadcastReceiver(15315): onReceive Intent { act=android.intent.action.SERVICE_STATE flg=0x1000010 cmp=com.android.cellbroadcastreceiver/.CellBroadcastReceiver (has extras) }
12-01 08:56:21.262 W/DPMJ    ( 5799): |SERVICE| DPM received ACTION_ANY_DATA_CONNECTION_STATE_CHANGEDdefault
12-01 08:56:21.262 W/DPMJ    ( 5799): |SERVICE| If apn type is default ->default
12-01 08:56:21.263 D/QCNEJ/WwanInfoRelay( 5950): Received action: android.intent.action.ANY_DATA_STATE
12-01 08:56:21.264 I/QCNEJ/WwanInfoRelay( 5950): cacheWwanInfo state = CONNECTED
12-01 08:56:21.264 I/QCNEJ/WwanInfoRelay( 5950): cacheWwanInfo subId = 4 phoneId = 0 slotId = 0
12-01 08:56:21.268 W/DPMJ    ( 5799): |SERVICE| DPM received ACTION_ANY_DATA_CONNECTION_STATE_CHANGEDims
12-01 08:56:21.270 I/QCNEJ/NativeHalConnector( 5950): -> SND notifyWwanStatusChanged([WwanInfo]: signalStrength = 0 roaming = 0 mccMnc = 46001[RatInfo]: networkType = 0 subType = 13 networkState = CONNECTED netHdl = 441492361229 ipAddrV4 = 10.8.121.124 ipAddrV6 = 240e:47d:9250:ff88:851c:dfbb:a995:67ff ifNameV4 = rmnet_data3 ifNameV6 = rmnet_data3 slotIdx = 1 isAndroidValidated = false) timeStamp = 2020-12-01 08:56:21.27
12-01 08:56:21.270 D/QCNEJ/WwanInfoRelay( 5950): Received action: android.intent.action.ANY_DATA_STATE
12-01 08:56:21.309 D/ServiceStateProvider( 6084): subId=4
12-01 08:56:21.312 D/CellBroadcastReceiver(15315): onReceive Intent { act=android.intent.action.SERVICE_STATE flg=0x1000010 cmp=com.android.cellbroadcastreceiver/.CellBroadcastReceiver (has extras) }
12-01 08:56:22.439 I/ProtoXDBCacheWrapper( 6424): ProtoXDBCacheWrapper.flushToStorage():79 Flushed 0 data item(s) to storage.
12-01 08:56:23.898 D/NATIVE-LIB( 5497): time 1606784183
12-01 08:56:23.898 D/NATIVE-LIB( 5497): time 5fc594b7
12-01 08:56:23.917 V/HttpClientFactory$CoolMarketCookieJar( 5497): Add cookies, host: api.coolapk.com, at HttpClientFactory$CoolMarketCookieJar.loadForRequest(null:49)
12-01 08:56:25.450 I/BpBinder(  862): onLastStrongRef automatically unlinking death recipients
12-01 08:56:25.475 I/chatty  (  862): uid=1000(system) Binder:862_5 identical 4 lines
12-01 08:56:25.484 I/BpBinder(  862): onLastStrongRef automatically unlinking death recipients
12-01 08:56:25.502 I/BpBinder(  862): onLastStrongRef automatically unlinking death recipients
12-01 08:56:25.559 I/BpBinder(  862): onLastStrongRef automatically unlinking death recipients
12-01 08:56:25.568 I/BpBinder(  862): onLastStrongRef automatically unlinking death recipients
12-01 08:56:25.595 I/BpBinder(  862): onLastStrongRef automatically unlinking death recipients
12-01 08:56:25.604 I/BpBinder(  862): onLastStrongRef automatically unlinking death recipients
12-01 08:56:25.621 I/BpBinder(  862): onLastStrongRef automatically unlinking death recipients
12-01 08:56:25.631 I/BpBinder(  862): onLastStrongRef automatically unlinking death recipients
12-01 08:56:25.638 I/BpBinder(  862): onLastStrongRef automatically unlinking death recipients
12-01 08:56:25.682 I/BpBinder(  862): onLastStrongRef automatically unlinking death recipients
12-01 08:56:25.689 I/BpBinder(  862): onLastStrongRef automatically unlinking death recipients
12-01 08:56:25.698 I/BpBinder(  862): onLastStrongRef automatically unlinking death recipients
12-01 08:56:25.718 V/InputDispatcher( 2118): Asynchronous input event injection succeeded.
12-01 08:56:25.720 I/BpBinder(  862): onLastStrongRef automatically unlinking death recipients
12-01 08:56:25.721 V/InputDispatcher( 2118): Asynchronous input event injection succeeded.
12-01 08:56:25.746 D/ActivityLifecycle( 5497): application is in foreground: false, at ActivityLifecycle.onActivityPaused(null:39)
12-01 08:56:25.764 D/InstallQueue( 5497): App, at InstallQueue.onApplicationVisibleEventChanged(null:16)
12-01 08:56:21.072 I/chatty  ( 2118): uid=1000(system) ConnectivitySer identical 1 line
12-01 08:56:21.259 D/ConnectivityService( 2118): NetworkAgentInfo [MOBILE (LTE) - 102] EVENT_NETWORK_INFO_CHANGED, going from CONNECTED to CONNECTED
12-01 08:56:25.786 V/AppLockService( 2118): setForegroundApp(com.coolapk.market)
12-01 08:56:25.847 V/PackageService( 5497): PackageService create, at PackageService.onCreate(null:8)
12-01 08:56:25.849 V/TaskService( 5497): Action: ACTION_INSTALL_QUEUEKey: ACTION_INSTALL_QUEUE, at TaskService.removeRepeatedIntentAction(null:46)
12-01 08:56:25.849 I/TaskService( 5497): (ACTION_INSTALL_QUEUE), at TaskService.removeRepeatedIntentAction(null:81)
12-01 08:56:25.851 V/TaskService( 5497): (ACTION_INSTALL_QUEUE), at TaskService.onHandleIntent(null:51)
12-01 08:56:25.860 I/GoogleInputMethodService( 6424): GoogleInputMethodService.onFinishInput():3308 
12-01 08:56:25.861 I/GoogleInputMethodService( 6424): GoogleInputMethodService.onStartInput():1887 
12-01 08:56:25.863 V/PackageService( 5497): PackageService destroy, at PackageService.onDestroy(null:15)
12-01 08:56:26.184 D/ActivityLifecycle( 5497): application is visible: true, at ActivityLifecycle.onActivityStopped(null:39)
12-01 08:56:27.300 I/BpBinder(  862): onLastStrongRef automatically unlinking death recipients
12-01 08:56:27.305 I/chatty  (  862): uid=1000(system) Binder:862_3 identical 2 lines
12-01 08:56:27.319 I/BpBinder(  862): onLastStrongRef automatically unlinking death recipients
12-01 08:56:27.321 I/BpBinder(  862): onLastStrongRef automatically unlinking death recipients
12-01 08:56:27.330 I/BpBinder(  862): onLastStrongRef automatically unlinking death recipients
12-01 08:56:27.341 V/InputDispatcher( 2118): Asynchronous input event injection succeeded.
12-01 08:56:27.346 V/InputDispatcher( 2118): Asynchronous input event injection succeeded.
12-01 08:56:27.347 I/BpBinder(  862): onLastStrongRef automatically unlinking death recipients
12-01 08:56:27.384 D/ActivityLifecycle( 5497): application is in foreground: false, at ActivityLifecycle.onActivityPaused(null:39)
12-01 08:56:27.407 D/InstallQueue( 5497): App, at InstallQueue.onApplicationVisibleEventChanged(null:16)
12-01 08:56:27.420 V/AppLockService( 2118): setForegroundApp(com.coolapk.market)
12-01 08:56:27.522 V/PackageService( 5497): PackageService create, at PackageService.onCreate(null:8)
12-01 08:56:27.523 V/TaskService( 5497): Action: ACTION_INSTALL_QUEUEKey: ACTION_INSTALL_QUEUE, at TaskService.removeRepeatedIntentAction(null:46)
12-01 08:56:27.524 I/TaskService( 5497): (ACTION_INSTALL_QUEUE), at TaskService.removeRepeatedIntentAction(null:81)
12-01 08:56:27.524 V/TaskService( 5497): (ACTION_INSTALL_QUEUE), at TaskService.onHandleIntent(null:51)
12-01 08:56:27.541 I/GoogleInputMethodService( 6424): GoogleInputMethodService.onFinishInput():3308 
12-01 08:56:27.541 I/GoogleInputMethodService( 6424): GoogleInputMethodService.onStartInput():1887 
12-01 08:56:27.543 V/PackageService( 5497): PackageService destroy, at PackageService.onDestroy(null:15)
12-01 08:56:27.871 D/ActivityLifecycle( 5497): application is visible: true, at ActivityLifecycle.onActivityStopped(null:39)
12-01 08:56:28.522 I/BpBinder(  862): onLastStrongRef automatically unlinking death recipients
12-01 08:56:28.547 I/BpBinder(  862): onLastStrongRef automatically unlinking death recipients
12-01 08:56:28.557 V/InputDispatcher( 2118): Asynchronous input event injection succeeded.
12-01 08:56:28.559 I/BpBinder(  862): onLastStrongRef automatically unlinking death recipients
12-01 08:56:28.562 V/InputDispatcher( 2118): Asynchronous input event injection succeeded.
12-01 08:56:28.611 D/ActivityLifecycle( 5497): application is in foreground: false, at ActivityLifecycle.onActivityPaused(null:39)
12-01 08:56:28.630 D/InstallQueue( 5497): App, at InstallQueue.onApplicationVisibleEventChanged(null:16)
12-01 08:56:28.644 V/AppLockService( 2118): setForegroundApp(com.coolapk.market)
12-01 08:56:28.720 I/ndroid.systemu( 5577): NativeAlloc concurrent copying GC freed 19676(897KB) AllocSpace objects, 10(200KB) LOS objects, 75% free, 10MB/40MB, paused 60us total 122.576ms
12-01 08:56:28.741 V/PackageService( 5497): PackageService create, at PackageService.onCreate(null:8)
12-01 08:56:28.741 V/TaskService( 5497): Action: ACTION_INSTALL_QUEUEKey: ACTION_INSTALL_QUEUE, at TaskService.removeRepeatedIntentAction(null:46)
12-01 08:56:28.742 I/TaskService( 5497): (ACTION_INSTALL_QUEUE), at TaskService.removeRepeatedIntentAction(null:81)
12-01 08:56:28.742 V/TaskService( 5497): (ACTION_INSTALL_QUEUE), at TaskService.onHandleIntent(null:51)
12-01 08:56:28.751 I/GoogleInputMethodService( 6424): GoogleInputMethodService.onFinishInput():3308 
12-01 08:56:28.752 I/GoogleInputMethodService( 6424): GoogleInputMethodService.onStartInput():1887 
12-01 08:56:28.756 V/PackageService( 5497): PackageService destroy, at PackageService.onDestroy(null:15)
12-01 08:56:29.073 D/ActivityLifecycle( 5497): application is visible: true, at ActivityLifecycle.onActivityStopped(null:39)
12-01 08:56:29.838 I/BpBinder(  862): onLastStrongRef automatically unlinking death recipients
12-01 08:56:29.851 I/BpBinder(  862): onLastStrongRef automatically unlinking death recipients
12-01 08:56:29.859 I/BpBinder(  862): onLastStrongRef automatically unlinking death recipients
12-01 08:56:29.867 I/BpBinder(  862): onLastStrongRef automatically unlinking death recipients
12-01 08:56:29.880 V/InputDispatcher( 2118): Asynchronous input event injection succeeded.
12-01 08:56:29.884 V/InputDispatcher( 2118): Asynchronous input event injection succeeded.
12-01 08:56:29.885 I/BpBinder(  862): onLastStrongRef automatically unlinking death recipients
12-01 08:56:29.908 D/ActivityLifecycle( 5497): application is in foreground: false, at ActivityLifecycle.onActivityPaused(null:39)
12-01 08:56:29.919 D/InstallQueue( 5497): App, at InstallQueue.onApplicationVisibleEventChanged(null:16)
12-01 08:56:29.943 D/skia    ( 5497): --- Failed to create image decoder with message 'unimplemented'
12-01 08:56:29.947 V/AppLockService( 2118): setForegroundApp(com.coolapk.market)
12-01 08:56:29.944 D/skia    ( 5497): --- Failed to create image decoder with message 'unimplemented'
12-01 08:56:29.948 D/NATIVE-LIB( 5497): time 1606784189
12-01 08:56:29.948 D/NATIVE-LIB( 5497): time 1606784189
12-01 08:56:29.948 D/NATIVE-LIB( 5497): time 5fc594bd
12-01 08:56:29.948 D/NATIVE-LIB( 5497): time 5fc594bd
12-01 08:56:29.953 V/HttpClientFactory$CoolMarketCookieJar( 5497): Add cookies, host: api.coolapk.com, at HttpClientFactory$CoolMarketCookieJar.loadForRequest(null:49)
12-01 08:56:29.959 V/HttpClientFactory$CoolMarketCookieJar( 5497): Add cookies, host: api.coolapk.com, at HttpClientFactory$CoolMarketCookieJar.loadForRequest(null:49)
12-01 08:56:29.964 I/chatty  (  750): uid=0(root) Binder:750_3 expire 1 line
12-01 08:56:30.049 V/PackageService( 5497): PackageService create, at PackageService.onCreate(null:8)
12-01 08:56:30.050 V/TaskService( 5497): Action: ACTION_INSTALL_QUEUEKey: ACTION_INSTALL_QUEUE, at TaskService.removeRepeatedIntentAction(null:46)
12-01 08:56:30.051 I/TaskService( 5497): (ACTION_INSTALL_QUEUE), at TaskService.removeRepeatedIntentAction(null:81)
12-01 08:56:30.052 V/TaskService( 5497): (ACTION_INSTALL_QUEUE), at TaskService.onHandleIntent(null:51)
12-01 08:56:30.072 I/GoogleInputMethodService( 6424): GoogleInputMethodService.onFinishInput():3308 
12-01 08:56:30.073 V/PackageService( 5497): PackageService destroy, at PackageService.onDestroy(null:15)
12-01 08:56:30.074 I/GoogleInputMethodService( 6424): GoogleInputMethodService.onStartInput():1887 
12-01 08:56:30.402 D/ActivityLifecycle( 5497): application is visible: true, at ActivityLifecycle.onActivityStopped(null:39)
12-01 08:56:30.531 D/EntityConvertUtils( 5497): Unknown entityType textLink, at EntityConvertUtils.handleType(null:1462)
12-01 08:56:30.531 D/EntityConvertUtils( 5497): Unknown entityType entity_type_user_card_manager, at EntityConvertUtils.handleType(null:1462)
12-01 08:56:30.568 D/ItemViewBindingInterceptor( 5497): Bind: CardManagerTitleViewHolder => entity_type_user_card_manager, at ItemViewBindingInterceptor.onBindData(null:134)
12-01 08:56:32.439 I/VoiceInputManagerWrapper( 6424): VoiceInputManagerWrapper.shutdownVoiceInternal():95 shutdownVoiceInternal()
12-01 08:56:32.667 D/ImageWallpaper( 5577): wallpaper visibility changes to: true
12-01 08:56:32.685 W/ActivityManager( 2118): Unable to start service Intent { act=com.android.launcher3.WINDOW_OVERLAY dat=app://com.android.launcher3:10168?v=9&cv=14 pkg=com.google.android.googlequicksearchbox } U=0: not found
12-01 08:56:32.755 E/BufferQueueProducer( 6305): [unnamed-6305-7] setMaxDequeuedBufferCount: 2 dequeued buffers would exceed the maxBufferCount (2) (maxAcquired 1 async 0 mDequeuedBufferCannotBlock 0)
12-01 08:56:32.755 E/Surface ( 6305): IGraphicBufferProducer::setBufferCount(3) returned Invalid argument
12-01 08:56:32.781 D/ServiceStateProvider( 6084): subId=4
12-01 08:56:32.781 D/CellBroadcastReceiver(15315): onReceive Intent { act=android.intent.action.SERVICE_STATE flg=0x1000010 cmp=com.android.cellbroadcastreceiver/.CellBroadcastReceiver (has extras) }
12-01 08:56:32.927 V/CoolMarketApplication( 5497): Send broadcast check for network state, at CoolMarketApplication.call(null:5)
12-01 08:56:32.928 V/ConnectivityReceiver( 5497): Start check for network state, at ConnectivityReceiver.onReceive(null:53)
12-01 08:56:32.929 D/EventBus( 5497): No subscribers registered for event class com.coolapk.market.event.WifiEvent
12-01 08:56:32.930 D/EventBus( 5497): No subscribers registered for event class org.greenrobot.eventbus.NoSubscriberEvent
12-01 08:56:33.228 I/QcrilOemhookMsgTunnel( 6626): [0]processOemHookIndication length=21
12-01 08:56:33.228 D/QcrilMsgTunnelIfaceManager( 6626): handleMessage what = 0
12-01 08:56:33.231 D/ActivityLifecycle( 5497): application is in foreground: false, at ActivityLifecycle.onActivityPaused(null:39)
12-01 08:56:33.235 V/AppLockService( 2118): setForegroundApp(com.android.launcher3)
12-01 08:56:33.271 I/GoogleInputMethodService( 6424): GoogleInputMethodService.onStartInput():1887 
12-01 08:56:33.271 W/SessionManager( 6424): SessionManager.beginSession():53 Try to begin an already begun session [INPUT_SESSION], end it first
12-01 08:56:33.277 D/CoolMarketApplication( 5497): OnTrimMemory level: 20, at CoolMarketApplication.onTrimMemory(null:35)
12-01 08:56:33.290 D/ActivityLifecycle( 5497): application is visible: false, at ActivityLifecycle.onActivityStopped(null:39)
12-01 08:56:33.294 D/ServiceStateProvider( 6084): subId=4
12-01 08:56:33.298 D/CellBroadcastReceiver(15315): onReceive Intent { act=android.intent.action.SERVICE_STATE flg=0x1000010 cmp=com.android.cellbroadcastreceiver/.CellBroadcastReceiver (has extras) }
12-01 08:56:33.303 D/ConnectivityService( 2118): NetworkAgentInfo [MOBILE (LTE) - 102] EVENT_NETWORK_INFO_CHANGED, going from CONNECTED to CONNECTED
12-01 08:56:33.305 D/QCNEJ/WwanInfoRelay( 5950): Received action: android.intent.action.ANY_DATA_STATE
12-01 08:56:33.306 W/DPMJ    ( 5799): |SERVICE| DPM received ACTION_ANY_DATA_CONNECTION_STATE_CHANGEDdefault
12-01 08:56:33.306 W/DPMJ    ( 5799): |SERVICE| If apn type is default ->default
12-01 08:56:33.311 I/QCNEJ/WwanInfoRelay( 5950): cacheWwanInfo state = CONNECTED
12-01 08:56:33.311 I/QCNEJ/WwanInfoRelay( 5950): cacheWwanInfo subId = 4 phoneId = 0 slotId = 0
12-01 08:56:33.320 W/DPMJ    ( 5799): |SERVICE| DPM received ACTION_ANY_DATA_CONNECTION_STATE_CHANGEDims
12-01 08:56:33.321 I/QCNEJ/NativeHalConnector( 5950): -> SND notifyWwanStatusChanged([WwanInfo]: signalStrength = 0 roaming = 0 mccMnc = 46001[RatInfo]: networkType = 0 subType = 13 networkState = CONNECTED netHdl = 441492361229 ipAddrV4 = 10.8.121.124 ipAddrV6 = 240e:47d:9250:ff88:851c:dfbb:a995:67ff ifNameV4 = rmnet_data3 ifNameV6 = rmnet_data3 slotIdx = 1 isAndroidValidated = false) timeStamp = 2020-12-01 08:56:33.321
12-01 08:56:33.322 D/QCNEJ/WwanInfoRelay( 5950): Received action: android.intent.action.ANY_DATA_STATE
12-01 08:56:33.893 I/ActivityTaskManager( 2118): START u0 {act=android.intent.action.MAIN cat=[android.intent.category.LAUNCHER] flg=0x10200000 cmp=rikka.appops/.home.HomeActivity bnds=[642,226][846,580]} from uid 10168
12-01 08:56:33.955 E/system_server( 2118): Invalid ID 0x00000000.
12-01 08:56:33.958 I/chatty  (16393): uid=10637(rikka.appops) expire 9 lines
12-01 08:56:33.988 I/chatty  (12922): uid=0(root) Binder:12922_A expire 1 line
12-01 08:56:34.024 I/chatty  (  750): uid=0(root) Binder:750_3 expire 1 line
12-01 08:56:34.083 E/RenderEngine(  862): GL error 0x0501
12-01 08:56:34.107 V/AppLockService( 2118): setForegroundApp(rikka.appops)
12-01 08:56:34.133 I/chatty  (16393): uid=10637(rikka.appops) expire 7 lines
12-01 08:56:34.188 I/hwservicemanager(  600): getTransport: Cannot find entry android.hardware.graphics.mapper@3.0::IMapper/default in either framework or device manifest.
12-01 08:56:34.204 I/ActivityTaskManager( 2118): Displayed rikka.appops/.home.HomeActivity: +307ms
12-01 08:56:34.249 I/GoogleInputMethodService( 6424): GoogleInputMethodService.onStartInput():1887 
12-01 08:56:34.250 W/SessionManager( 6424): SessionManager.beginSession():53 Try to begin an already begun session [INPUT_SESSION], end it first
12-01 08:56:34.315 I/chatty  (16393): uid=10637(rikka.appops) expire 14 lines
12-01 08:56:34.466 D/ImageWallpaper( 5577): wallpaper visibility changes to: false
12-01 08:56:34.480 E/Layer   (  862): [Surface(name=AppWindowToken{ddf9427 token=Token{4dbe6e6 ActivityRecord{464e141 u0 rikka.appops/.home.HomeActivity t9}}})/@0xebfd517 - animation-leash#0] No local sync point found
12-01 08:56:34.480 E/Layer   (  862): [Surface(name=AppWindowToken{4069ac3 token=Token{40eb672 ActivityRecord{c22477d u0 com.android.launcher3/.lineage.LineageLauncher t2}}})/@0x8c8136 - animation-leash#0] No local sync point found
12-01 08:56:35.944 I/ActivityTaskManager( 2118): START u0 {cmp=rikka.appops/.appdetail.AppDetailActivity (has extras)} from uid 10637
12-01 08:56:36.038 V/AppLockService( 2118): setForegroundApp(rikka.appops)
12-01 08:56:36.239 I/GoogleInputMethodService( 6424): GoogleInputMethodService.onFinishInput():3308 
12-01 08:56:36.242 I/GoogleInputMethodService( 6424): GoogleInputMethodService.onStartInput():1887 
12-01 08:56:36.314 I/chatty  (16393): uid=10637(rikka.appops) expire 1 line
12-01 08:56:37.710 I/chatty  ( 4067): uid=0(root) Binder:4067_5 expire 5 lines
12-01 08:56:37.713 E/AndroidRuntime(16393): FATAL EXCEPTION: main
12-01 08:56:37.713 E/AndroidRuntime(16393): Process: rikka.appops, PID: 16393
12-01 08:56:37.713 E/AndroidRuntime(16393): android.os.BadParcelableException: ClassNotFoundException when unmarshalling: moe.shizuku.redirectstorage.MountDirsConfig
12-01 08:56:37.713 E/AndroidRuntime(16393): 	at android.os.Parcel.readParcelableCreator(Parcel.java:3042)
12-01 08:56:37.713 E/AndroidRuntime(16393): 	at android.os.Parcel.readParcelable(Parcel.java:2964)
12-01 08:56:37.713 E/AndroidRuntime(16393): 	at moe.shizuku.redirectstorage.RedirectPackageInfo.<init>(SourceFile:11)
12-01 08:56:37.713 E/AndroidRuntime(16393): 	at moe.shizuku.redirectstorage.RedirectPackageInfo$a.createFromParcel(SourceFile:1)
12-01 08:56:37.713 E/AndroidRuntime(16393): 	at rikka.appops.e70$a$a.(SourceFile:11)
12-01 08:56:37.713 E/AndroidRuntime(16393): 	at rikka.appops.o51.(SourceFile:1)
12-01 08:56:37.713 E/AndroidRuntime(16393): 	at rikka.appops.sq0.m0(SourceFile:8)
12-01 08:56:37.713 E/AndroidRuntime(16393): 	at rikka.appops.sq0.f0(SourceFile:43)
12-01 08:56:37.713 E/AndroidRuntime(16393): 	at rikka.appops.h11.b0(SourceFile:5)
12-01 08:56:37.713 E/AndroidRuntime(16393): 	at rikka.appops.m9.l(SourceFile:4)
12-01 08:56:37.713 E/AndroidRuntime(16393): 	at androidx.fragment.app.Fragment.E(SourceFile:1)
12-01 08:56:37.713 E/AndroidRuntime(16393): 	at rikka.appops.ba.(SourceFile:103)
12-01 08:56:37.713 E/AndroidRuntime(16393): 	at rikka.appops.ba.(SourceFile:4)
12-01 08:56:37.713 E/AndroidRuntime(16393): 	at rikka.appops.ba.(SourceFile:6)
12-01 08:56:37.713 E/AndroidRuntime(16393): 	at rikka.appops.k9.(SourceFile:31)
12-01 08:56:37.713 E/AndroidRuntime(16393): 	at rikka.appops.ba.(SourceFile:51)
12-01 08:56:37.713 E/AndroidRuntime(16393): 	at rikka.appops.ba.c(SourceFile:10)
12-01 08:56:37.713 E/AndroidRuntime(16393): 	at rikka.appops.ba.(SourceFile:14)
12-01 08:56:37.713 E/AndroidRuntime(16393): 	at rikka.appops.ba$d.run(SourceFile:1)
12-01 08:56:37.713 E/AndroidRuntime(16393): 	at android.os.Handler.handleCallback(Handler.java:883)
12-01 08:56:37.713 E/AndroidRuntime(16393): 	at android.os.Handler.dispatchMessage(Handler.java:100)
12-01 08:56:37.713 E/AndroidRuntime(16393): 	at android.os.Looper.loop(Looper.java:214)
12-01 08:56:37.713 E/AndroidRuntime(16393): 	at android.app.ActivityThread.main(ActivityThread.java:7356)
12-01 08:56:37.713 E/AndroidRuntime(16393): 	at java.lang.reflect.Method.invoke(Native Method)
12-01 08:56:37.713 E/AndroidRuntime(16393): 	at com.android.internal.os.RuntimeInit$MethodAndArgsCaller.run(RuntimeInit.java:493)
12-01 08:56:37.713 E/AndroidRuntime(16393): 	at com.android.internal.os.ZygoteInit.main(ZygoteInit.java:940)
12-01 08:56:37.724 W/ActivityTaskManager( 2118):   Force finishing activity rikka.appops/.appdetail.AppDetailActivity
12-01 08:56:37.725 I/DropBoxManagerService( 2118): add tag=data_app_crash isTagEnabled=true flags=0x2
12-01 08:56:37.738 W/BroadcastQueue( 2118): Background execution not allowed: receiving Intent { act=android.intent.action.DROPBOX_ENTRY_ADDED flg=0x10 (has extras) } to com.google.android.gms/.stats.service.DropBoxEntryAddedReceiver
12-01 08:56:37.739 W/BroadcastQueue( 2118): Background execution not allowed: receiving Intent { act=android.intent.action.DROPBOX_ENTRY_ADDED flg=0x10 (has extras) } to com.google.android.gms/.chimera.GmsIntentOperationService$PersistentTrustedReceiver
12-01 08:56:37.777 W/InputDispatcher( 2118): channel '7d857c9 rikka.appops/rikka.appops.appdetail.AppDetailActivity (server)' ~ Consumer closed input channel or an error occurred.  events=0x9
12-01 08:56:37.778 E/InputDispatcher( 2118): channel '7d857c9 rikka.appops/rikka.appops.appdetail.AppDetailActivity (server)' ~ Channel is unrecoverably broken and will be disposed!
12-01 08:56:37.788 W/InputDispatcher( 2118): channel 'e430e9 rikka.appops/rikka.appops.home.HomeActivity (server)' ~ Consumer closed input channel or an error occurred.  events=0x9
12-01 08:56:37.788 E/InputDispatcher( 2118): channel 'e430e9 rikka.appops/rikka.appops.home.HomeActivity (server)' ~ Channel is unrecoverably broken and will be disposed!
12-01 08:56:37.789 D/ConnectivityService( 2118): ConnectivityService NetworkRequestInfo binderDied(NetworkRequest [ LISTEN id=48, [ Capabilities: INTERNET&NOT_RESTRICTED&TRUSTED&NOT_VPN&FOREGROUND Uid: 10637] ], android.os.BinderProxy@5bf0d7)
12-01 08:56:37.789 I/ActivityManager( 2118): Process rikka.appops (pid 16393) has died: fore TOP 
12-01 08:56:37.790 I/WindowManager( 2118): WIN DEATH: Window{7d857c9 u0 rikka.appops/rikka.appops.appdetail.AppDetailActivity}
12-01 08:56:37.790 W/InputDispatcher( 2118): Attempted to unregister already unregistered input channel '7d857c9 rikka.appops/rikka.appops.appdetail.AppDetailActivity (server)'
12-01 08:56:37.792 I/chatty  (  751): uid=0(root) main expire 1 line
12-01 08:56:37.793 I/WindowManager( 2118): WIN DEATH: Window{e430e9 u0 rikka.appops/rikka.appops.home.HomeActivity}
12-01 08:56:37.794 W/InputDispatcher( 2118): Attempted to unregister already unregistered input channel 'e430e9 rikka.appops/rikka.appops.home.HomeActivity (server)'
12-01 08:56:37.810 W/ActivityManager( 2118): setHasOverlayUi called on <private info omitted> pid: 16393
12-01 08:56:37.836 I/libprocessgroup( 2118): Successfully killed process cgroup uid 10637 pid 16393 in 46ms
12-01 08:56:37.843 I/ActivityManager( 2118): Start proc 5486:rikka.appops/u0a637 for top-activity {rikka.appops/rikka.appops.home.HomeActivity}
12-01 08:56:37.861 I/chatty  ( 5486): uid=10637(rikka.appops) expire 12 lines
12-01 08:56:37.919 I/chatty  ( 4067): uid=0(root) pool-2-thread-2 expire 1 line
12-01 08:56:38.027 I/chatty  (12922): uid=0(root) Binder:12922_5 expire 1 line
12-01 08:56:38.095 I/chatty  ( 5486): uid=10637(rikka.appops) expire 2 lines
12-01 08:56:38.098 E/NotificationService( 2118): Suppressing notification from package by user request.
12-01 08:56:38.134 I/chatty  (  750): uid=0(root) Binder:750_3 expire 1 line
12-01 08:56:38.198 V/AppLockService( 2118): setForegroundApp(rikka.appops)
12-01 08:56:38.203 E/NotificationService( 2118): Suppressing notification from package by user request.
12-01 08:56:38.232 W/ActivityTaskManager( 2118): Activity top resumed state loss timeout for ActivityRecord{d433d64 u0 rikka.appops/.appdetail.AppDetailActivity t-1 f}
12-01 08:56:38.233 I/chatty  ( 5486): uid=10637(rikka.appops) expire 7 lines
12-01 08:56:38.288 I/hwservicemanager(  600): getTransport: Cannot find entry android.hardware.graphics.mapper@3.0::IMapper/default in either framework or device manifest.
12-01 08:56:38.382 I/GoogleInputMethodService( 6424): GoogleInputMethodService.onStartInput():1887 
12-01 08:56:38.382 W/SessionManager( 6424): SessionManager.beginSession():53 Try to begin an already begun session [INPUT_SESSION], end it first
12-01 08:56:38.442 I/chatty  ( 4067): uid=0(root) Binder:4067_3 expire 1 line
12-01 08:56:38.442 I/chatty  ( 4067): uid=0(root) Binder:4067_5 expire 6 lines
12-01 08:56:38.443 I/chatty  ( 5486): uid=10637(rikka.appops) expire 34 lines
12-01 08:56:38.443 I/chatty  ( 4067): uid=0(root) Binder:4067_2 expire 3 lines
12-01 08:56:38.445 I/chatty  ( 4067): uid=0(root) Binder:4067_7 expire 3 lines
12-01 08:56:38.445 I/chatty  ( 4067): uid=0(root) Binder:4067_3 expire 5 lines
12-01 08:56:38.453 I/chatty  ( 4067): uid=0(root) Binder:4067_7 expire 22 lines
12-01 08:56:38.454 I/chatty  ( 5486): uid=10637(rikka.appops) expire 51 lines
12-01 08:56:38.458 I/chatty  ( 5486): uid=10637(rikka.appops) expire 51 lines
12-01 08:56:38.463 I/chatty  ( 4067): uid=0(root) Binder:4067_3 expire 3 lines
12-01 08:56:38.467 I/chatty  ( 5486): uid=10637(rikka.appops) expire 17 lines
12-01 08:56:38.473 I/chatty  ( 5486): uid=10637(rikka.appops) expire 34 lines
12-01 08:56:38.500 I/chatty  ( 5486): uid=10637(rikka.appops) expire 34 lines
12-01 08:56:38.507 I/chatty  ( 4067): uid=0(root) Binder:4067_7 expire 9 lines
12-01 08:56:38.540 I/chatty  ( 5486): uid=10637(rikka.appops) expire 17 lines
12-01 08:56:38.541 V/StorageRedirect( 4067): lock from moe.shizuku.redirectstorage.server.f3.onTransact(:554)
12-01 08:56:38.541 V/StorageRedirect( 4067): unlock from moe.shizuku.redirectstorage.server.f3.onTransact(:556)
12-01 08:56:38.543 W/StorageRedirect( 4067): add MATCH_ENABLED_ONLY for sdk app call
12-01 08:56:38.543 V/StorageRedirect( 4067): lock from moe.shizuku.redirectstorage.server.f3.onTransact(:554)
12-01 08:56:38.543 V/StorageRedirect( 4067): unlock from moe.shizuku.redirectstorage.server.f3.onTransact(:556)
12-01 08:56:38.558 W/StorageRedirect( 4067): add MATCH_ENABLED_ONLY for sdk app call
12-01 08:56:38.558 V/StorageRedirect( 4067): lock from moe.shizuku.redirectstorage.server.f3.onTransact(:554)
12-01 08:56:38.558 V/StorageRedirect( 4067): unlock from moe.shizuku.redirectstorage.server.f3.onTransact(:556)
12-01 08:56:38.559 I/chatty  ( 5486): uid=10637(rikka.appops) expire 17 lines
12-01 08:56:38.565 W/StorageRedirect( 4067): add MATCH_ENABLED_ONLY for sdk app call
12-01 08:56:38.566 V/StorageRedirect( 4067): lock from moe.shizuku.redirectstorage.server.f3.onTransact(:554)
12-01 08:56:38.567 V/StorageRedirect( 4067): unlock from moe.shizuku.redirectstorage.server.f3.onTransact(:556)
12-01 08:56:38.568 W/StorageRedirect( 4067): add MATCH_ENABLED_ONLY for sdk app call
12-01 08:56:38.568 V/StorageRedirect( 4067): lock from moe.shizuku.redirectstorage.server.f3.onTransact(:554)
12-01 08:56:38.568 V/StorageRedirect( 4067): unlock from moe.shizuku.redirectstorage.server.f3.onTransact(:556)
12-01 08:56:38.569 I/chatty  ( 5486): uid=10637(rikka.appops) expire 17 lines
12-01 08:56:38.571 W/StorageRedirect( 4067): add MATCH_ENABLED_ONLY for sdk app call
12-01 08:56:38.572 V/StorageRedirect( 4067): lock from moe.shizuku.redirectstorage.server.f3.onTransact(:554)
12-01 08:56:38.572 V/StorageRedirect( 4067): unlock from moe.shizuku.redirectstorage.server.f3.onTransact(:556)
12-01 08:56:38.582 W/StorageRedirect( 4067): add MATCH_ENABLED_ONLY for sdk app call
12-01 08:56:38.582 V/StorageRedirect( 4067): lock from moe.shizuku.redirectstorage.server.f3.onTransact(:554)
12-01 08:56:38.582 V/StorageRedirect( 4067): unlock from moe.shizuku.redirectstorage.server.f3.onTransact(:556)
12-01 08:56:38.583 W/StorageRedirect( 4067): add MATCH_ENABLED_ONLY for sdk app call
12-01 08:56:38.583 V/StorageRedirect( 4067): lock from moe.shizuku.redirectstorage.server.f3.onTransact(:554)
12-01 08:56:38.583 V/StorageRedirect( 4067): unlock from moe.shizuku.redirectstorage.server.f3.onTransact(:556)
12-01 08:56:38.584 I/chatty  ( 5486): uid=10637(rikka.appops) expire 34 lines
12-01 08:56:38.585 W/StorageRedirect( 4067): add MATCH_ENABLED_ONLY for sdk app call
12-01 08:56:38.586 V/StorageRedirect( 4067): lock from moe.shizuku.redirectstorage.server.f3.onTransact(:554)
12-01 08:56:38.586 V/StorageRedirect( 4067): unlock from moe.shizuku.redirectstorage.server.f3.onTransact(:556)
12-01 08:56:38.588 I/chatty  ( 5486): uid=10637(rikka.appops) expire 14 lines
12-01 08:56:38.592 W/StorageRedirect( 4067): add MATCH_ENABLED_ONLY for sdk app call
12-01 08:56:38.592 V/StorageRedirect( 4067): lock from moe.shizuku.redirectstorage.server.f3.onTransact(:554)
12-01 08:56:38.592 V/StorageRedirect( 4067): unlock from moe.shizuku.redirectstorage.server.f3.onTransact(:556)
12-01 08:56:38.595 W/StorageRedirect( 4067): add MATCH_ENABLED_ONLY for sdk app call
12-01 08:56:38.595 V/StorageRedirect( 4067): lock from moe.shizuku.redirectstorage.server.f3.onTransact(:554)
12-01 08:56:38.595 V/StorageRedirect( 4067): unlock from moe.shizuku.redirectstorage.server.f3.onTransact(:556)
12-01 08:56:38.597 W/StorageRedirect( 4067): add MATCH_ENABLED_ONLY for sdk app call
12-01 08:56:38.597 V/StorageRedirect( 4067): lock from moe.shizuku.redirectstorage.server.f3.onTransact(:554)
12-01 08:56:38.598 V/StorageRedirect( 4067): unlock from moe.shizuku.redirectstorage.server.f3.onTransact(:556)
12-01 08:56:38.601 W/StorageRedirect( 4067): add MATCH_ENABLED_ONLY for sdk app call
12-01 08:56:38.601 V/StorageRedirect( 4067): lock from moe.shizuku.redirectstorage.server.f3.onTransact(:554)
12-01 08:56:38.601 V/StorageRedirect( 4067): unlock from moe.shizuku.redirectstorage.server.f3.onTransact(:556)
12-01 08:56:38.605 W/StorageRedirect( 4067): add MATCH_ENABLED_ONLY for sdk app call
12-01 08:56:38.605 V/StorageRedirect( 4067): lock from moe.shizuku.redirectstorage.server.f3.onTransact(:554)
12-01 08:56:38.605 V/StorageRedirect( 4067): unlock from moe.shizuku.redirectstorage.server.f3.onTransact(:556)
12-01 08:56:38.611 W/StorageRedirect( 4067): add MATCH_ENABLED_ONLY for sdk app call
12-01 08:56:38.611 V/StorageRedirect( 4067): lock from moe.shizuku.redirectstorage.server.f3.onTransact(:554)
12-01 08:56:38.611 V/StorageRedirect( 4067): unlock from moe.shizuku.redirectstorage.server.f3.onTransact(:556)
12-01 08:56:38.612 I/chatty  ( 5486): uid=10637(rikka.appops) expire 34 lines
12-01 08:56:38.614 W/StorageRedirect( 4067): add MATCH_ENABLED_ONLY for sdk app call
12-01 08:56:38.614 V/StorageRedirect( 4067): lock from moe.shizuku.redirectstorage.server.f3.onTransact(:554)
12-01 08:56:38.614 V/StorageRedirect( 4067): unlock from moe.shizuku.redirectstorage.server.f3.onTransact(:556)
12-01 08:56:38.618 I/chatty  ( 5486): uid=10637(rikka.appops) expire 34 lines
12-01 08:56:38.627 W/StorageRedirect( 4067): add MATCH_ENABLED_ONLY for sdk app call
12-01 08:56:38.627 V/StorageRedirect( 4067): lock from moe.shizuku.redirectstorage.server.f3.onTransact(:554)
12-01 08:56:38.628 V/StorageRedirect( 4067): unlock from moe.shizuku.redirectstorage.server.f3.onTransact(:556)
12-01 08:56:38.634 W/StorageRedirect( 4067): add MATCH_ENABLED_ONLY for sdk app call
12-01 08:56:38.634 V/StorageRedirect( 4067): lock from moe.shizuku.redirectstorage.server.f3.onTransact(:554)
12-01 08:56:38.635 V/StorageRedirect( 4067): unlock from moe.shizuku.redirectstorage.server.f3.onTransact(:556)
12-01 08:56:38.641 W/StorageRedirect( 4067): add MATCH_ENABLED_ONLY for sdk app call
12-01 08:56:38.641 V/StorageRedirect( 4067): lock from moe.shizuku.redirectstorage.server.f3.onTransact(:554)
12-01 08:56:38.641 V/StorageRedirect( 4067): unlock from moe.shizuku.redirectstorage.server.f3.onTransact(:556)
12-01 08:56:38.641 W/StorageRedirect( 4067): add MATCH_ENABLED_ONLY for sdk app call
12-01 08:56:38.641 V/StorageRedirect( 4067): lock from moe.shizuku.redirectstorage.server.f3.onTransact(:554)
12-01 08:56:38.641 V/StorageRedirect( 4067): unlock from moe.shizuku.redirectstorage.server.f3.onTransact(:556)
12-01 08:56:38.644 W/StorageRedirect( 4067): add MATCH_ENABLED_ONLY for sdk app call
12-01 08:56:38.644 V/StorageRedirect( 4067): lock from moe.shizuku.redirectstorage.server.f3.onTransact(:554)
12-01 08:56:38.644 V/StorageRedirect( 4067): unlock from moe.shizuku.redirectstorage.server.f3.onTransact(:556)
12-01 08:56:38.648 W/StorageRedirect( 4067): add MATCH_ENABLED_ONLY for sdk app call
12-01 08:56:38.648 V/StorageRedirect( 4067): lock from moe.shizuku.redirectstorage.server.f3.onTransact(:554)
12-01 08:56:38.648 V/StorageRedirect( 4067): unlock from moe.shizuku.redirectstorage.server.f3.onTransact(:556)
12-01 08:56:38.657 W/StorageRedirect( 4067): add MATCH_ENABLED_ONLY for sdk app call
12-01 08:56:38.657 V/StorageRedirect( 4067): lock from moe.shizuku.redirectstorage.server.f3.onTransact(:554)
12-01 08:56:38.657 V/StorageRedirect( 4067): unlock from moe.shizuku.redirectstorage.server.f3.onTransact(:556)
12-01 08:56:38.659 W/StorageRedirect( 4067): add MATCH_ENABLED_ONLY for sdk app call
12-01 08:56:38.659 V/StorageRedirect( 4067): lock from moe.shizuku.redirectstorage.server.f3.onTransact(:554)
12-01 08:56:38.659 V/StorageRedirect( 4067): unlock from moe.shizuku.redirectstorage.server.f3.onTransact(:556)
12-01 08:56:38.676 W/StorageRedirect( 4067): add MATCH_ENABLED_ONLY for sdk app call
12-01 08:56:38.676 V/StorageRedirect( 4067): lock from moe.shizuku.redirectstorage.server.f3.onTransact(:554)
12-01 08:56:38.676 V/StorageRedirect( 4067): unlock from moe.shizuku.redirectstorage.server.f3.onTransact(:556)
12-01 08:56:38.682 W/StorageRedirect( 4067): add MATCH_ENABLED_ONLY for sdk app call
12-01 08:56:38.683 W/StorageRedirect( 4067): add MATCH_ENABLED_ONLY for sdk app call
12-01 08:56:38.683 V/StorageRedirect( 4067): lock from moe.shizuku.redirectstorage.server.f3.onTransact(:554)
12-01 08:56:38.683 V/StorageRedirect( 4067): unlock from moe.shizuku.redirectstorage.server.f3.onTransact(:556)
12-01 08:56:38.683 V/StorageRedirect( 4067): lock from moe.shizuku.redirectstorage.server.f3.onTransact(:554)
12-01 08:56:38.683 V/StorageRedirect( 4067): unlock from moe.shizuku.redirectstorage.server.f3.onTransact(:556)
12-01 08:56:38.694 W/StorageRedirect( 4067): add MATCH_ENABLED_ONLY for sdk app call
12-01 08:56:38.695 V/StorageRedirect( 4067): lock from moe.shizuku.redirectstorage.server.f3.onTransact(:554)
12-01 08:56:38.695 V/StorageRedirect( 4067): unlock from moe.shizuku.redirectstorage.server.f3.onTransact(:556)
12-01 08:56:38.695 I/chatty  ( 5486): uid=10637(rikka.appops) expire 34 lines
12-01 08:56:38.696 W/StorageRedirect( 4067): add MATCH_ENABLED_ONLY for sdk app call
12-01 08:56:38.696 V/StorageRedirect( 4067): lock from moe.shizuku.redirectstorage.server.f3.onTransact(:554)
12-01 08:56:38.696 V/StorageRedirect( 4067): unlock from moe.shizuku.redirectstorage.server.f3.onTransact(:556)
12-01 08:56:38.701 W/StorageRedirect( 4067): add MATCH_ENABLED_ONLY for sdk app call
12-01 08:56:38.701 V/StorageRedirect( 4067): lock from moe.shizuku.redirectstorage.server.f3.onTransact(:554)
12-01 08:56:38.701 V/StorageRedirect( 4067): unlock from moe.shizuku.redirectstorage.server.f3.onTransact(:556)
12-01 08:56:38.703 I/chatty  ( 5486): uid=10637(rikka.appops) expire 34 lines
12-01 08:56:38.724 W/StorageRedirect( 4067): add MATCH_ENABLED_ONLY for sdk app call
12-01 08:56:38.724 V/StorageRedirect( 4067): lock from moe.shizuku.redirectstorage.server.f3.onTransact(:554)
12-01 08:56:38.725 V/StorageRedirect( 4067): unlock from moe.shizuku.redirectstorage.server.f3.onTransact(:556)
12-01 08:56:38.731 W/StorageRedirect( 4067): add MATCH_ENABLED_ONLY for sdk app call
12-01 08:56:38.731 V/StorageRedirect( 4067): lock from moe.shizuku.redirectstorage.server.f3.onTransact(:554)
12-01 08:56:38.731 V/StorageRedirect( 4067): unlock from moe.shizuku.redirectstorage.server.f3.onTransact(:556)
12-01 08:56:38.733 W/StorageRedirect( 4067): add MATCH_ENABLED_ONLY for sdk app call
12-01 08:56:38.733 V/StorageRedirect( 4067): lock from moe.shizuku.redirectstorage.server.f3.onTransact(:554)
12-01 08:56:38.733 V/StorageRedirect( 4067): unlock from moe.shizuku.redirectstorage.server.f3.onTransact(:556)
12-01 08:56:38.738 W/StorageRedirect( 4067): add MATCH_ENABLED_ONLY for sdk app call
12-01 08:56:38.738 V/StorageRedirect( 4067): lock from moe.shizuku.redirectstorage.server.f3.onTransact(:554)
12-01 08:56:38.739 V/StorageRedirect( 4067): unlock from moe.shizuku.redirectstorage.server.f3.onTransact(:556)
12-01 08:56:38.742 W/StorageRedirect( 4067): add MATCH_ENABLED_ONLY for sdk app call
12-01 08:56:38.742 V/StorageRedirect( 4067): lock from moe.shizuku.redirectstorage.server.f3.onTransact(:554)
12-01 08:56:38.743 V/StorageRedirect( 4067): unlock from moe.shizuku.redirectstorage.server.f3.onTransact(:556)
12-01 08:56:38.746 W/StorageRedirect( 4067): add MATCH_ENABLED_ONLY for sdk app call
12-01 08:56:38.747 W/StorageRedirect( 4067): add MATCH_ENABLED_ONLY for sdk app call
12-01 08:56:38.747 V/StorageRedirect( 4067): lock from moe.shizuku.redirectstorage.server.f3.onTransact(:554)
12-01 08:56:38.747 V/StorageRedirect( 4067): unlock from moe.shizuku.redirectstorage.server.f3.onTransact(:556)
12-01 08:56:38.747 V/StorageRedirect( 4067): lock from moe.shizuku.redirectstorage.server.f3.onTransact(:554)
12-01 08:56:38.747 V/StorageRedirect( 4067): unlock from moe.shizuku.redirectstorage.server.f3.onTransact(:556)
12-01 08:56:38.747 W/StorageRedirect( 4067): add MATCH_ENABLED_ONLY for sdk app call
12-01 08:56:38.747 V/StorageRedirect( 4067): lock from moe.shizuku.redirectstorage.server.f3.onTransact(:554)
12-01 08:56:38.747 V/StorageRedirect( 4067): unlock from moe.shizuku.redirectstorage.server.f3.onTransact(:556)
12-01 08:56:38.751 W/StorageRedirect( 4067): add MATCH_ENABLED_ONLY for sdk app call
12-01 08:56:38.751 V/StorageRedirect( 4067): lock from moe.shizuku.redirectstorage.server.f3.onTransact(:554)
12-01 08:56:38.751 V/StorageRedirect( 4067): unlock from moe.shizuku.redirectstorage.server.f3.onTransact(:556)
12-01 08:56:38.752 I/chatty  ( 5486): uid=10637(rikka.appops) expire 17 lines
12-01 08:56:38.752 W/StorageRedirect( 4067): add MATCH_ENABLED_ONLY for sdk app call
12-01 08:56:38.752 V/StorageRedirect( 4067): lock from moe.shizuku.redirectstorage.server.f3.onTransact(:554)
12-01 08:56:38.752 V/StorageRedirect( 4067): unlock from moe.shizuku.redirectstorage.server.f3.onTransact(:556)
12-01 08:56:38.753 W/StorageRedirect( 4067): add MATCH_ENABLED_ONLY for sdk app call
12-01 08:56:38.753 V/StorageRedirect( 4067): lock from moe.shizuku.redirectstorage.server.f3.onTransact(:554)
12-01 08:56:38.753 V/StorageRedirect( 4067): unlock from moe.shizuku.redirectstorage.server.f3.onTransact(:556)
12-01 08:56:38.754 I/chatty  ( 5486): uid=10637(rikka.appops) expire 17 lines
12-01 08:56:38.754 W/StorageRedirect( 4067): add MATCH_ENABLED_ONLY for sdk app call
12-01 08:56:38.755 V/StorageRedirect( 4067): lock from moe.shizuku.redirectstorage.server.f3.onTransact(:554)
12-01 08:56:38.755 V/StorageRedirect( 4067): unlock from moe.shizuku.redirectstorage.server.f3.onTransact(:556)
12-01 08:56:39.055 I/QcrilOemhookMsgTunnel( 6626): [0]processOemHookIndication length=21
12-01 08:56:39.056 D/QcrilMsgTunnelIfaceManager( 6626): handleMessage what = 0
12-01 08:56:39.142 D/ServiceStateProvider( 6084): subId=4
12-01 08:56:39.145 D/CellBroadcastReceiver(15315): onReceive Intent { act=android.intent.action.SERVICE_STATE flg=0x1000010 cmp=com.android.cellbroadcastreceiver/.CellBroadcastReceiver (has extras) }
12-01 08:56:39.154 D/ConnectivityService( 2118): NetworkAgentInfo [MOBILE (LTE) - 102] EVENT_NETWORK_INFO_CHANGED, going from CONNECTED to CONNECTED
12-01 08:56:39.155 D/QCNEJ/WwanInfoRelay( 5950): Received action: android.intent.action.ANY_DATA_STATE
