12-01 08:53:42.511 E/ActivityThread(14696): android.app.ServiceConnectionLeaked: Service com.google.android.gms.nearby.discovery.service.DiscoveryService has leaked ServiceConnection android.bluetooth.BluetoothProfileConnector$2@1d52f2f that was originally bound here
12-01 08:53:42.511 E/ActivityThread(14696): 	at android.app.LoadedApk$ServiceDispatcher.<init>(LoadedApk.java:1810)
12-01 08:53:42.511 E/ActivityThread(14696): 	at android.app.LoadedApk.getServiceDispatcherCommon(LoadedApk.java:1682)
12-01 08:53:42.511 E/ActivityThread(14696): 	at android.app.LoadedApk.getServiceDispatcher(LoadedApk.java:1661)
12-01 08:53:42.511 E/ActivityThread(14696): 	at android.app.ContextImpl.bindServiceCommon(ContextImpl.java:1721)
12-01 08:53:42.511 E/ActivityThread(14696): 	at android.app.ContextImpl.bindServiceAsUser(ContextImpl.java:1675)
12-01 08:53:42.511 E/ActivityThread(14696): 	at android.content.ContextWrapper.bindServiceAsUser(ContextWrapper.java:724)
12-01 08:53:42.511 E/ActivityThread(14696): 	at android.content.ContextWrapper.bindServiceAsUser(ContextWrapper.java:724)
12-01 08:53:42.511 E/ActivityThread(14696): 	at android.content.ContextWrapper.bindServiceAsUser(ContextWrapper.java:724)
12-01 08:53:42.511 E/ActivityThread(14696): 	at android.content.ContextWrapper.bindServiceAsUser(ContextWrapper.java:724)
12-01 08:53:42.511 E/ActivityThread(14696): 	at android.content.ContextWrapper.bindServiceAsUser(ContextWrapper.java:724)
12-01 08:53:42.511 E/ActivityThread(14696): 	at android.bluetooth.BluetoothProfileConnector.doBind(BluetoothProfileConnector.java:90)
12-01 08:53:42.511 E/ActivityThread(14696): 	at android.bluetooth.BluetoothProfileConnector.connect(BluetoothProfileConnector.java:130)
12-01 08:53:42.511 E/ActivityThread(14696): 	at android.bluetooth.BluetoothA2dp.<init>(BluetoothA2dp.java:221)
12-01 08:53:42.511 E/ActivityThread(14696): 	at android.bluetooth.BluetoothAdapter.getProfileProxy(BluetoothAdapter.java:2527)
12-01 08:53:42.511 E/ActivityThread(14696): 	at byug.<init>(:com.google.android.gms@204217037@20.42.17 (120400-342117392):6)
12-01 08:53:42.511 E/ActivityThread(14696): 	at ajes.a(:com.google.android.gms@204217037@20.42.17 (120400-342117392):64)
12-01 08:53:42.511 E/ActivityThread(14696): 	at aitq.i(:com.google.android.gms@204217037@20.42.17 (120400-342117392):3)
12-01 08:53:42.511 E/ActivityThread(14696): 	at aitq.b(:com.google.android.gms@204217037@20.42.17 (120400-342117392):0)
12-01 08:53:42.511 E/ActivityThread(14696): 	at aitq.a(:com.google.android.gms@204217037@20.42.17 (120400-342117392):1)
12-01 08:53:42.511 E/ActivityThread(14696): 	at aitq.e(:com.google.android.gms@204217037@20.42.17 (120400-342117392):3)
12-01 08:53:42.511 E/ActivityThread(14696): 	at ajjq.<init>(:com.google.android.gms@204217037@20.42.17 (120400-342117392):6)
12-01 08:53:42.511 E/ActivityThread(14696): 	at ajes.a(:com.google.android.gms@204217037@20.42.17 (120400-342117392):35)
12-01 08:53:42.511 E/ActivityThread(14696): 	at aitq.i(:com.google.android.gms@204217037@20.42.17 (120400-342117392):3)
12-01 08:53:42.511 E/ActivityThread(14696): 	at aitq.b(:com.google.android.gms@204217037@20.42.17 (120400-342117392):0)
12-01 08:53:42.511 E/ActivityThread(14696): 	at aitq.a(:com.google.android.gms@204217037@20.42.17 (120400-342117392):1)
12-01 08:53:42.511 E/ActivityThread(14696): 	at aitq.e(:com.google.android.gms@204217037@20.42.17 (120400-342117392):3)
12-01 08:53:42.511 E/ActivityThread(14696): 	at ajso.<init>(:com.google.android.gms@204217037@20.42.17 (120400-342117392):7)
12-01 08:53:42.511 E/ActivityThread(14696): 	at ajes.a(:com.google.android.gms@204217037@20.42.17 (120400-342117392):66)
12-01 08:53:42.511 E/ActivityThread(14696): 	at aitq.i(:com.google.android.gms@204217037@20.42.17 (120400-342117392):3)
12-01 08:53:42.511 E/ActivityThread(14696): 	at aitq.b(:com.google.android.gms@204217037@20.42.17 (120400-342117392):0)
12-01 08:53:42.511 E/ActivityThread(14696): 	at aitq.a(:com.google.android.gms@204217037@20.42.17 (120400-342117392):1)
12-01 08:53:42.511 E/ActivityThread(14696): 	at aitq.e(:com.google.android.gms@204217037@20.42.17 (120400-342117392):3)
12-01 08:53:42.511 E/ActivityThread(14696): 	at com.google.android.gms.nearby.discovery.service.DiscoveryChimeraService.onCreate(:com.google.android.gms@204217037@20.42.17 (120400-342117392):2)
12-01 08:53:42.511 E/ActivityThread(14696): 	at cxu.onCreate(:com.google.android.gms@204217037@20.42.17 (120400-342117392):1)
12-01 08:53:42.511 E/ActivityThread(14696): 	at qxf.onCreate(:com.google.android.gms@204217037@20.42.17 (120400-342117392):4)
12-01 08:53:42.511 E/ActivityThread(14696): 	at android.app.ActivityThread.handleCreateService(ActivityThread.java:3953)
12-01 08:53:42.511 E/ActivityThread(14696): 	at android.app.ActivityThread.access$1500(ActivityThread.java:219)
12-01 08:53:42.511 E/ActivityThread(14696): 	at android.app.ActivityThread$H.handleMessage(ActivityThread.java:1875)
12-01 08:53:42.511 E/ActivityThread(14696): 	at android.os.Handler.dispatchMessage(Handler.java:107)
12-01 08:53:42.511 E/ActivityThread(14696): 	at android.os.Looper.loop(Looper.java:214)
12-01 08:53:42.511 E/ActivityThread(14696): 	at android.app.ActivityThread.main(ActivityThread.java:7356)
12-01 08:53:42.511 E/ActivityThread(14696): 	at java.lang.reflect.Method.invoke(Native Method)
12-01 08:53:42.511 E/ActivityThread(14696): 	at com.android.internal.os.RuntimeInit$MethodAndArgsCaller.run(RuntimeInit.java:493)
12-01 08:53:42.511 E/ActivityThread(14696): 	at com.android.internal.os.ZygoteInit.main(ZygoteInit.java:940)
12-01 08:53:42.614 I/ActivityManager( 2118): Killing 13604:com.tencent.mm:push/u0a203 (adj 975): empty #17
12-01 08:53:42.640 W/BroadcastQueue( 2118): Background execution not allowed: receiving Intent { act=android.location.PROVIDERS_CHANGED flg=0x10 (has extras) } to com.google.android.gms/com.google.android.location.internal.NlpNetworkProviderSettingsUpdateReceiver
12-01 08:53:42.641 W/BroadcastQueue( 2118): Background execution not allowed: receiving Intent { act=android.location.PROVIDERS_CHANGED flg=0x10 (has extras) } to com.google.android.gms/.chimera.GmsIntentOperationService$PersistentTrustedReceiver
12-01 08:53:42.642 W/BroadcastQueue( 2118): Background execution not allowed: receiving Intent { act=android.location.PROVIDERS_CHANGED flg=0x10 (has extras) } to com.google.android.gms/com.google.android.location.internal.NlpNetworkProviderSettingsUpdateReceiver
12-01 08:53:42.642 W/BroadcastQueue( 2118): Background execution not allowed: receiving Intent { act=android.location.PROVIDERS_CHANGED flg=0x10 (has extras) } to com.google.android.gms/.chimera.GmsIntentOperationService$PersistentTrustedReceiver
12-01 08:53:42.642 W/BroadcastQueue( 2118): Background execution not allowed: receiving Intent { act=android.location.MODE_CHANGED flg=0x10 } to com.google.android.gms/.chimera.GmsIntentOperationService$PersistentTrustedReceiver
12-01 08:53:42.642 W/BroadcastQueue( 2118): Background execution not allowed: receiving Intent { act=android.intent.action.DROPBOX_ENTRY_ADDED flg=0x10 (has extras) } to com.google.android.gms/.stats.service.DropBoxEntryAddedReceiver
12-01 08:53:42.642 W/BroadcastQueue( 2118): Background execution not allowed: receiving Intent { act=android.intent.action.DROPBOX_ENTRY_ADDED flg=0x10 (has extras) } to com.google.android.gms/.chimera.GmsIntentOperationService$PersistentTrustedReceiver
12-01 08:53:42.642 W/BroadcastQueue( 2118): Background execution not allowed: receiving Intent { act=android.intent.action.USER_PRESENT flg=0x24200010 } to cn.wps.moffice_eng/cn.wps.moffice.service.receivers.MonitorServiceReceiver
12-01 08:53:42.642 W/BroadcastQueue( 2118): Background execution not allowed: receiving Intent { act=android.intent.action.USER_PRESENT flg=0x24200010 } to com.eg.android.AlipayGphone/com.alipay.pushsdk.BroadcastActionReceiver
12-01 08:53:42.642 W/BroadcastQueue( 2118): Background execution not allowed: receiving Intent { act=android.intent.action.USER_PRESENT flg=0x24200010 } to com.google.android.gms/.auth.setup.devicesignals.LockScreenReceiver
12-01 08:53:42.642 W/BroadcastQueue( 2118): Background execution not allowed: receiving Intent { act=android.intent.action.USER_PRESENT flg=0x24200010 } to com.google.android.gms/.trustagent.UserPresentBroadcastReceiver
12-01 08:53:42.642 W/BroadcastQueue( 2118): Background execution not allowed: receiving Intent { act=android.intent.action.USER_PRESENT flg=0x24200010 } to com.google.android.gms/.chimera.GmsIntentOperationService$PersistentTrustedReceiver
12-01 08:53:42.642 W/BroadcastQueue( 2118): Permission Denial: broadcasting Intent { act=android.intent.action.USER_PRESENT flg=0x24200010 } from com.android.systemui (pid=5577, uid=10161) is not exported from uid 10613 due to receiver com.miHoYo.enterprise.NGHSoD/cn.jpush.android.service.PushReceiver
12-01 08:53:42.671 W/ActivityManager( 2118): Scheduling restart of crashed service com.tencent.mm/.booter.CoreService in 1000ms
12-01 08:53:42.691 I/ActivityManager( 2118): Start proc 16018:com.tencent.mm:push/u0a203 for service {com.tencent.mm/com.tencent.mm.booter.CoreService}
12-01 08:53:43.833 E/ActivityThread(14696): Service com.google.android.gms.nearby.discovery.service.DiscoveryService has leaked ServiceConnection android.bluetooth.BluetoothProfileConnector$2@704671e that was originally bound here
12-01 08:53:43.833 E/ActivityThread(14696): android.app.ServiceConnectionLeaked: Service com.google.android.gms.nearby.discovery.service.DiscoveryService has leaked ServiceConnection android.bluetooth.BluetoothProfileConnector$2@704671e that was originally bound here
12-01 08:53:43.833 E/ActivityThread(14696): 	at android.app.LoadedApk$ServiceDispatcher.<init>(LoadedApk.java:1810)
12-01 08:53:43.833 E/ActivityThread(14696): 	at android.app.LoadedApk.getServiceDispatcherCommon(LoadedApk.java:1682)
12-01 08:53:43.833 E/ActivityThread(14696): 	at android.app.LoadedApk.getServiceDispatcher(LoadedApk.java:1661)
12-01 08:53:43.833 E/ActivityThread(14696): 	at android.app.ContextImpl.bindServiceCommon(ContextImpl.java:1721)
12-01 08:53:43.833 E/ActivityThread(14696): 	at android.app.ContextImpl.bindServiceAsUser(ContextImpl.java:1675)
12-01 08:53:43.833 E/ActivityThread(14696): 	at android.content.ContextWrapper.bindServiceAsUser(ContextWrapper.java:724)
12-01 08:53:43.833 E/ActivityThread(14696): 	at android.content.ContextWrapper.bindServiceAsUser(ContextWrapper.java:724)
12-01 08:53:43.833 E/ActivityThread(14696): 	at android.content.ContextWrapper.bindServiceAsUser(ContextWrapper.java:724)
12-01 08:53:43.833 E/ActivityThread(14696): 	at android.content.ContextWrapper.bindServiceAsUser(ContextWrapper.java:724)
12-01 08:53:43.833 E/ActivityThread(14696): 	at android.content.ContextWrapper.bindServiceAsUser(ContextWrapper.java:724)
12-01 08:53:43.833 E/ActivityThread(14696): 	at android.bluetooth.BluetoothProfileConnector.doBind(BluetoothProfileConnector.java:90)
12-01 08:53:43.833 E/ActivityThread(14696): 	at android.bluetooth.BluetoothProfileConnector.connect(BluetoothProfileConnector.java:130)
12-01 08:53:43.833 E/ActivityThread(14696): 	at android.bluetooth.BluetoothA2dp.<init>(BluetoothA2dp.java:221)
12-01 08:53:43.833 E/ActivityThread(14696): 	at android.bluetooth.BluetoothAdapter.getProfileProxy(BluetoothAdapter.java:2527)
12-01 08:53:43.833 E/ActivityThread(14696): 	at byug.<init>(:com.google.android.gms@204217037@20.42.17 (120400-342117392):6)
12-01 08:53:43.833 E/ActivityThread(14696): 	at ajes.a(:com.google.android.gms@204217037@20.42.17 (120400-342117392):64)
12-01 08:53:43.833 E/ActivityThread(14696): 	at aitq.i(:com.google.android.gms@204217037@20.42.17 (120400-342117392):3)
12-01 08:53:43.833 E/ActivityThread(14696): 	at aitq.b(:com.google.android.gms@204217037@20.42.17 (120400-342117392):0)
12-01 08:53:43.833 E/ActivityThread(14696): 	at aitq.a(:com.google.android.gms@204217037@20.42.17 (120400-342117392):1)
12-01 08:53:43.833 E/ActivityThread(14696): 	at aitq.e(:com.google.android.gms@204217037@20.42.17 (120400-342117392):3)
12-01 08:53:43.833 E/ActivityThread(14696): 	at ajjq.<init>(:com.google.android.gms@204217037@20.42.17 (120400-342117392):6)
12-01 08:53:43.833 E/ActivityThread(14696): 	at ajes.a(:com.google.android.gms@204217037@20.42.17 (120400-342117392):35)
12-01 08:53:43.833 E/ActivityThread(14696): 	at aitq.i(:com.google.android.gms@204217037@20.42.17 (120400-342117392):3)
12-01 08:53:43.833 E/ActivityThread(14696): 	at aitq.b(:com.google.android.gms@204217037@20.42.17 (120400-342117392):0)
12-01 08:53:43.833 E/ActivityThread(14696): 	at aitq.a(:com.google.android.gms@204217037@20.42.17 (120400-342117392):1)
12-01 08:53:43.833 E/ActivityThread(14696): 	at aitq.e(:com.google.android.gms@204217037@20.42.17 (120400-342117392):3)
12-01 08:53:43.833 E/ActivityThread(14696): 	at ajso.<init>(:com.google.android.gms@204217037@20.42.17 (120400-342117392):7)
12-01 08:53:43.833 E/ActivityThread(14696): 	at ajes.a(:com.google.android.gms@204217037@20.42.17 (120400-342117392):66)
12-01 08:53:43.833 E/ActivityThread(14696): 	at aitq.i(:com.google.android.gms@204217037@20.42.17 (120400-342117392):3)
12-01 08:53:43.833 E/ActivityThread(14696): 	at aitq.b(:com.google.android.gms@204217037@20.42.17 (120400-342117392):0)
12-01 08:53:43.833 E/ActivityThread(14696): 	at aitq.a(:com.google.android.gms@204217037@20.42.17 (120400-342117392):1)
12-01 08:53:43.833 E/ActivityThread(14696): 	at aitq.e(:com.google.android.gms@204217037@20.42.17 (120400-342117392):3)
12-01 08:53:43.833 E/ActivityThread(14696): 	at com.google.android.gms.nearby.discovery.service.DiscoveryChimeraService.onCreate(:com.google.android.gms@204217037@20.42.17 (120400-342117392):2)
12-01 08:53:43.833 E/ActivityThread(14696): 	at cxu.onCreate(:com.google.android.gms@204217037@20.42.17 (120400-342117392):1)
12-01 08:53:43.833 E/ActivityThread(14696): 	at qxf.onCreate(:com.google.android.gms@204217037@20.42.17 (120400-342117392):4)
12-01 08:53:43.833 E/ActivityThread(14696): 	at android.app.ActivityThread.handleCreateService(ActivityThread.java:3953)
12-01 08:53:43.833 E/ActivityThread(14696): 	at android.app.ActivityThread.access$1500(ActivityThread.java:219)
12-01 08:53:43.833 E/ActivityThread(14696): 	at android.app.ActivityThread$H.handleMessage(ActivityThread.java:1875)
12-01 08:53:43.833 E/ActivityThread(14696): 	at android.os.Handler.dispatchMessage(Handler.java:107)
12-01 08:53:43.833 E/ActivityThread(14696): 	at android.os.Looper.loop(Looper.java:214)
12-01 08:53:43.833 E/ActivityThread(14696): 	at android.app.ActivityThread.main(ActivityThread.java:7356)
12-01 08:53:43.833 E/ActivityThread(14696): 	at java.lang.reflect.Method.invoke(Native Method)
12-01 08:53:43.833 E/ActivityThread(14696): 	at com.android.internal.os.RuntimeInit$MethodAndArgsCaller.run(RuntimeInit.java:493)
12-01 08:53:43.833 E/ActivityThread(14696): 	at com.android.internal.os.ZygoteInit.main(ZygoteInit.java:940)
12-01 08:53:44.250 E/WifiService( 2118): Permission violation - startScan not allowed for uid=10165, packageName=com.google.android.gms, reason=java.lang.SecurityException: Location mode is disabled for the device
12-01 08:53:44.288 I/ActivityManager( 2118): Start proc 16089:org.telegram.plus/u0a709 for broadcast {org.telegram.plus/org.telegram.messenger.NotificationDismissReceiver}
12-01 08:53:44.671 I/ActivityManager( 2118): Killing 14794:com.google.android.gms.unstable/u0a165 (adj 975): empty #17
12-01 08:53:45.011 I/ActivityManager( 2118): Killing 15337:com.android.carrierdefaultapp/u0a146 (adj 975): empty #17
12-01 08:53:45.561 D/ConnectivityService( 2118): registerNetworkAgent NetworkAgentInfo{ ni{[type: MOBILE[LTE], state: CONNECTED/CONNECTED, reason: connected, extra: ctlte, failover: false, available: true, roaming: false]}  network{102}  nethandle{441492361229}  lp{{InterfaceName: rmnet_data3 LinkAddresses: [ 10.8.121.124/29 ] DnsAddresses: [ /202.96.134.33,/202.96.128.166 ] Domains: null MTU: 1500 TcpBufferSizes: 2097152,4194304,8388608,262144,524288,1048576 Routes: [ 0.0.0.0/0 -> 10.8.121.125 rmnet_data3,10.8.121.120/29 -> 0.0.0.0 rmnet_data3 ]}}  nc{[ Transports: CELLULAR Capabilities: SUPL&INTERNET&NOT_RESTRICTED&TRUSTED&NOT_VPN&NOT_ROAMING&FOREGROUND&NOT_CONGESTED&NOT_SUSPENDED LinkUpBandwidth>=15000Kbps LinkDnBandwidth>=30000Kbps Specifier: <4>]}  Score{10}  everValidated{false}  lastValidated{false}  created{false} lingering{false} explicitlySelected{false} acceptUnvalidated{false} everCaptivePortalDetected{false} lastCaptivePortalDetected{false} captivePortalValidationPending{false} partialConnectivity{false} acceptPartialConnectivity{false} clat{mBaseIface: null, mIface: null, mState: IDLE} }
12-01 08:53:45.581 D/ConnectivityService( 2118): NetworkAgentInfo [MOBILE (LTE) - 102] EVENT_NETWORK_INFO_CHANGED, going from null to CONNECTED
12-01 08:53:45.582 W/DnsManager( 2118): updatePrivateDns(102, PrivateDnsConfig{false:/[]})
12-01 08:53:45.583 D/ConnectivityService( 2118): Setting DNS servers for network 102 to [/202.96.134.33, /202.96.128.166]
12-01 08:53:45.583 D/DnsManager( 2118): setDnsConfigurationForNetwork(102, [202.96.134.33, 202.96.128.166], [], 1800, 25, 8, 64, 0, 0, , [])
12-01 08:53:45.584 D/ConnectivityService( 2118): Adding iface rmnet_data3 to network 102
12-01 08:53:45.591 D/ConnectivityService( 2118): Setting DNS servers for network 102 to [/202.96.134.33, /202.96.128.166]
12-01 08:53:45.591 D/DnsManager( 2118): setDnsConfigurationForNetwork(102, [202.96.134.33, 202.96.128.166], [], 1800, 25, 8, 64, 0, 0, , [])
12-01 08:53:45.628 E/NetlinkEvent(  750): NetlinkEvent::FindParam(): Parameter 'INTERFACE' not found
12-01 08:53:45.628 E/NetlinkEvent(  750): NetlinkEvent::FindParam(): Parameter 'STATE' not found
12-01 08:53:45.628 E/NetlinkEvent(  750): NetlinkEvent::FindParam(): Parameter 'TIME_NS' not found
12-01 08:53:45.628 E/NetlinkEvent(  750): NetlinkEvent::FindParam(): Parameter 'UID' not found
12-01 08:53:45.631 D/ConnectivityService( 2118): Switching to new default network: NetworkAgentInfo{ ni{[type: MOBILE[LTE], state: CONNECTED/CONNECTED, reason: connected, extra: ctlte, failover: false, available: true, roaming: false]}  network{102}  nethandle{441492361229}  lp{{InterfaceName: rmnet_data3 LinkAddresses: [ 10.8.121.124/29 ] DnsAddresses: [ /202.96.134.33,/202.96.128.166 ] Domains: null MTU: 1500 TcpBufferSizes: 2097152,4194304,8388608,262144,524288,1048576 Routes: [ 0.0.0.0/0 -> 10.8.121.125 rmnet_data3,10.8.121.120/29 -> 0.0.0.0 rmnet_data3 ]}}  nc{[ Transports: CELLULAR Capabilities: SUPL&INTERNET&NOT_RESTRICTED&TRUSTED&NOT_VPN&NOT_ROAMING&FOREGROUND&NOT_CONGESTED&NOT_SUSPENDED LinkUpBandwidth>=15000Kbps LinkDnBandwidth>=30000Kbps Specifier: <4>]}  Score{10}  everValidated{false}  lastValidated{false}  created{true} lingering{false} explicitlySelected{false} acceptUnvalidated{false} everCaptivePortalDetected{false} lastCaptivePortalDetected{false} captivePortalValidationPending{false} partialConnectivity{false} acceptPartialConnectivity{false} clat{mBaseIface: null, mIface: null, mState: IDLE} }
12-01 08:53:45.647 D/ConnectivityService( 2118): Network NetworkAgentInfo [VPN () - 101] stopped satisfying request 13
12-01 08:53:45.648 D/ConnectivityService( 2118): Network NetworkAgentInfo [VPN () - 101] stopped satisfying request 46
12-01 08:53:45.649 D/ConnectivityService( 2118): Network NetworkAgentInfo [VPN () - 101] stopped satisfying request 18
12-01 08:53:45.650 D/ConnectivityService( 2118): Network NetworkAgentInfo [VPN () - 101] stopped satisfying request 28
12-01 08:53:45.655 E/NetlinkEvent(  750): NetlinkEvent::FindParam(): Parameter 'INTERFACE' not found
12-01 08:53:45.655 E/NetlinkEvent(  750): NetlinkEvent::FindParam(): Parameter 'STATE' not found
12-01 08:53:45.655 E/NetlinkEvent(  750): NetlinkEvent::FindParam(): Parameter 'TIME_NS' not found
12-01 08:53:45.655 E/NetlinkEvent(  750): NetlinkEvent::FindParam(): Parameter 'UID' not found
12-01 08:53:45.662 D/ConnectivityService( 2118): Sending CONNECTED broadcast for type 0 NetworkAgentInfo [MOBILE (LTE) - 102] isDefaultNetwork=true
12-01 08:53:45.670 D/ConnectivityService( 2118): Returning BLOCKED NetworkInfo to uid=10203
12-01 08:53:45.670 D/ConnectivityService( 2118): Returning BLOCKED NetworkInfo to uid=10587
12-01 08:53:45.674 D/ConnectivityService( 2118): Returning BLOCKED NetworkInfo to uid=10201
12-01 08:53:45.713 D/ConnectivityService( 2118): Setting DNS servers for network 102 to [/202.96.134.33, /202.96.128.166, /240e:1f:1::1, /240e:1f:1::33]
12-01 08:53:45.714 D/DnsManager( 2118): setDnsConfigurationForNetwork(102, [202.96.134.33, 202.96.128.166, 240e:1f:1::1, 240e:1f:1::33], [], 1800, 25, 8, 64, 0, 0, , [])
12-01 08:53:46.165 W/BroadcastQueue( 2118): Background execution not allowed: receiving Intent { act=android.net.conn.NETWORK_CONDITIONS_MEASURED flg=0x10 (has extras) } to com.google.android.gms/.chimera.GmsIntentOperationService$PersistentTrustedReceiver
12-01 08:53:46.171 D/ConnectivityService( 2118): NetworkAgentInfo [MOBILE (LTE) - 102] validation passed
12-01 08:53:48.086 I/ActivityTaskManager( 2118): START u0 {act=android.intent.action.MAIN cat=[android.intent.category.LAUNCHER] flg=0x10200000 cmp=com.coolapk.market/.view.main.MainActivity bnds=[635,1300][825,1520]} from uid 10168
12-01 08:53:48.124 I/ActivityManager( 2118): Start proc 5489:com.coolapk.market/u0a714 for pre-top-activity {com.coolapk.market/com.coolapk.market.view.main.MainActivity}
12-01 08:53:48.467 I/ActivityTaskManager( 2118): START u0 {act=android.content.pm.action.REQUEST_PERMISSIONS pkg=com.android.permissioncontroller cmp=com.android.permissioncontroller/com.android.packageinstaller.permission.ui.GrantPermissionsActivity (has extras)} from uid 10714
12-01 08:53:48.489 I/ActivityManager( 2118): Start proc 5467:com.android.permissioncontroller/u0a125 for pre-top-activity {com.android.permissioncontroller/com.android.packageinstaller.permission.ui.GrantPermissionsActivity}
12-01 08:53:48.520 I/ActivityManager( 2118): Killing 14557:com.google.android.play.games/u0a590 (adj 975): empty #17
12-01 08:53:48.570 V/AppLockService( 2118): setForegroundApp(com.coolapk.market)
12-01 08:53:48.653 D/ConnectivityService( 2118): NetworkAgentInfo [MOBILE (LTE) - 102] EVENT_NETWORK_INFO_CHANGED, going from CONNECTED to CONNECTED
12-01 08:53:48.792 V/AppLockService( 2118): setForegroundApp(com.android.permissioncontroller)
12-01 08:53:48.807 V/AppLockService( 2118): setForegroundApp(com.coolapk.market)
12-01 08:53:49.241 D/ConnectivityService( 2118): NetworkAgentInfo [MOBILE (LTE) - 102] EVENT_NETWORK_INFO_CHANGED, going from CONNECTED to CONNECTED
12-01 08:53:49.455 I/RoleManagerService( 2118): Granting default permissions...
12-01 08:53:49.562 I/Telecom ( 2118): DefaultDialerCache: Refreshing default dialer for user 0: now com.android.dialer: DDC.oR@APg
12-01 08:53:49.622 W/VoiceInteractionManagerService( 2118): no available voice interaction services found for user 0
12-01 08:53:49.883 I/RoleUserState( 2118): Wrote roles.xml successfully
12-01 08:53:50.224 I/ActivityManager( 2118): Start proc 16393:rikka.appops/u0a637 for service {rikka.appops/rikka.appops.monitor.RecoveryService}
12-01 08:53:50.438 E/NotificationService( 2118): Suppressing notification from package by user request.
12-01 08:53:50.479 E/NotificationService( 2118): Suppressing notification from package by user request.
12-01 08:53:50.553 D/ConnectivityService( 2118): NetworkAgentInfo [MOBILE (LTE) - 102] EVENT_NETWORK_INFO_CHANGED, going from CONNECTED to CONNECTED
12-01 08:53:50.615 I/RoleManagerService( 2118): Granting default permissions...
12-01 08:53:50.637 I/Telecom ( 2118): DefaultDialerCache: Refreshing default dialer for user 0: now com.android.dialer: DDC.oR@APk
12-01 08:53:50.721 W/VoiceInteractionManagerService( 2118): no available voice interaction services found for user 0
12-01 08:53:51.034 I/ActivityTaskManager( 2118): START u0 {cmp=com.coolapk.market/.view.notification.NotificationActivity (has extras)} from uid 10714
12-01 08:53:51.110 V/AppLockService( 2118): setForegroundApp(com.coolapk.market)
12-01 08:53:51.202 I/RoleUserState( 2118): Wrote roles.xml successfully
12-01 08:53:53.547 I/ActivityTaskManager( 2118): START u0 {cmp=com.coolapk.market/.view.feed.FeedDetailActivityV8 (has extras)} from uid 10714
12-01 08:53:53.686 V/AppLockService( 2118): setForegroundApp(com.coolapk.market)
12-01 08:53:54.079 W/BroadcastQueue( 2118): Firewall blocked: broadcasting Intent { act=com.tencent.mm.plugin.report.service.KVCommCrossProcessReceiver flg=0x10 cmp=com.tencent.mm/.plugin.report.service.KVCommCrossProcessReceiver (has extras) } from com.tencent.mm (pid=16018, uid=10203) to com.tencent.mm/.plugin.report.service.KVCommCrossProcessReceiver
12-01 08:53:54.754 I/ActivityTaskManager( 2118): START u0 {flg=0x10000 cmp=com.coolapk.market/.view.feed.ReplyActivity (has extras)} from uid 10714
12-01 08:53:54.889 V/AppLockService( 2118): setForegroundApp(com.coolapk.market)
12-01 08:53:55.061 D/ConnectivityService( 2118): Blocked status changed to false for 10226(19) on netId 101
12-01 08:53:55.062 D/ConnectivityService( 2118): Blocked status changed to false for 10226(18) on netId 102
12-01 08:53:55.062 D/ConnectivityService( 2118): Blocked status changed to false for 10226(19) on netId 102
12-01 08:53:55.793 D/ConnectivityService( 2118): Blocked status changed to true for 10226(19) on netId 101
12-01 08:53:55.794 D/ConnectivityService( 2118): Blocked status changed to true for 10226(18) on netId 102
12-01 08:53:55.794 D/ConnectivityService( 2118): Blocked status changed to true for 10226(19) on netId 102
12-01 08:53:59.018 D/ConnectivityService( 2118): Blocked status changed to false for 10226(19) on netId 101
12-01 08:53:59.018 D/ConnectivityService( 2118): Blocked status changed to false for 10226(18) on netId 102
12-01 08:53:59.019 D/ConnectivityService( 2118): Blocked status changed to false for 10226(19) on netId 102
12-01 08:54:02.716 I/ActivityManager( 2118): Killing 15537:com.topjohnwu.magisk/u0a715 (adj 975): empty #17
12-01 08:54:02.836 W/ActivityManager( 2118): setHasOverlayUi called on <private info omitted> pid: 15537
12-01 08:54:05.073 W/BroadcastQueue( 2118): Firewall blocked: broadcasting Intent { act=com.tencent.mm.plugin.report.service.KVCommCrossProcessReceiver flg=0x10 cmp=com.tencent.mm/.plugin.report.service.KVCommCrossProcessReceiver (has extras) } from com.tencent.mm (pid=16018, uid=10203) to com.tencent.mm/.plugin.report.service.KVCommCrossProcessReceiver
12-01 08:54:05.995 I/ActivityManager( 2118): Killing 15616:com.android.providers.calendar/u0a129 (adj 975): empty #17
12-01 08:54:06.687 W/ActivityManager( 2118): Unable to start service Intent { act=com.android.launcher3.WINDOW_OVERLAY dat=app://com.android.launcher3:10168?v=9&cv=14 pkg=com.google.android.googlequicksearchbox } U=0: not found
12-01 08:54:07.222 W/ActivityManager( 2118): Unable to start service Intent { act=com.android.launcher3.WINDOW_OVERLAY dat=app://com.android.launcher3:10168?v=9&cv=14 pkg=com.google.android.googlequicksearchbox } U=0: not found
12-01 08:54:09.779 D/ConnectivityService( 2118): NetworkAgentInfo [MOBILE (LTE) - 102] EVENT_NETWORK_INFO_CHANGED, going from CONNECTED to CONNECTED
12-01 08:54:13.905 D/KernelCpuUidUserSysTimeReader( 2118): Removing uids 99000-99000
12-01 08:54:17.206 W/BroadcastQueue( 2118): Firewall blocked: broadcasting Intent { act=com.tencent.mm.plugin.report.service.KVCommCrossProcessReceiver flg=0x10 cmp=com.tencent.mm/.plugin.report.service.KVCommCrossProcessReceiver (has extras) } from com.tencent.mm (pid=16018, uid=10203) to com.tencent.mm/.plugin.report.service.KVCommCrossProcessReceiver
12-01 08:54:17.246 W/ActivityManager( 2118): Unable to start service Intent { act=com.android.launcher3.WINDOW_OVERLAY dat=app://com.android.launcher3:10168?v=9&cv=14 pkg=com.google.android.googlequicksearchbox } U=0: not found
12-01 08:54:17.843 D/ConnectivityService( 2118): reportNetworkConnectivity(102, false) by 10165
12-01 08:54:18.659 W/BroadcastQueue( 2118): Background execution not allowed: receiving Intent { act=android.net.conn.NETWORK_CONDITIONS_MEASURED flg=0x10 (has extras) } to com.google.android.gms/.chimera.GmsIntentOperationService$PersistentTrustedReceiver
12-01 08:54:18.664 D/ConnectivityService( 2118): NetworkAgentInfo [MOBILE (LTE) - 102] validation passed
12-01 08:54:18.771 D/ConnectivityService( 2118): NetworkAgentInfo [MOBILE (LTE) - 102] EVENT_NETWORK_INFO_CHANGED, going from CONNECTED to CONNECTED
12-01 08:54:23.164 I/ActivityManager( 2118): Start proc 16538:com.google.android.gms.unstable/u0a165 for service {com.google.android.gms/com.google.android.gms.droidguard.DroidGuardService}
12-01 08:54:31.074 W/ActivityManager( 2118): Unable to start service Intent { act=com.android.launcher3.WINDOW_OVERLAY dat=app://com.android.launcher3:10168?v=9&cv=14 pkg=com.google.android.googlequicksearchbox } U=0: not found
12-01 08:54:35.344 W/ActivityManager( 2118): Unable to start service Intent { act=com.android.launcher3.WINDOW_OVERLAY dat=app://com.android.launcher3:10168?v=9&cv=14 pkg=com.google.android.googlequicksearchbox } U=0: not found
12-01 08:54:39.158 D/ConnectivityService( 2118): NetworkAgentInfo [MOBILE (LTE) - 102] EVENT_NETWORK_INFO_CHANGED, going from CONNECTED to CONNECTED
12-01 08:54:40.714 D/ConnectivityService( 2118): NetworkAgentInfo [MOBILE (LTE) - 102] EVENT_NETWORK_INFO_CHANGED, going from CONNECTED to CONNECTED
12-01 08:54:41.131 V/AppLockService( 2118): setForegroundApp(com.coolapk.market)
12-01 08:54:41.153 D/ConnectivityService( 2118): Blocked status changed to true for 10226(19) on netId 101
12-01 08:54:41.154 D/ConnectivityService( 2118): Blocked status changed to true for 10226(18) on netId 102
12-01 08:54:41.154 D/ConnectivityService( 2118): Blocked status changed to true for 10226(19) on netId 102
12-01 08:54:43.096 V/AppLockService( 2118): setForegroundApp(com.coolapk.market)
12-01 08:54:44.988 I/ActivityTaskManager( 2118): START u0 {cmp=com.coolapk.market/.view.feed.FeedDetailActivityV8 (has extras)} from uid 10714
12-01 08:54:45.142 V/AppLockService( 2118): setForegroundApp(com.coolapk.market)
12-01 08:54:46.458 D/ConnectivityService( 2118): NetworkAgentInfo [MOBILE (LTE) - 102] EVENT_NETWORK_INFO_CHANGED, going from CONNECTED to CONNECTED
12-01 08:54:48.176 V/AppLockService( 2118): setForegroundApp(com.coolapk.market)
12-01 08:54:48.692 W/ActivityTaskManager( 2118): Duplicate finish request for ActivityRecord{26aebd6 u0 com.coolapk.market/.view.notification.NotificationActivity t7 f}
12-01 08:54:48.722 V/AppLockService( 2118): setForegroundApp(com.coolapk.market)
12-01 08:54:53.095 I/ActivityManager( 2118): Killing 15604:com.android.deskclock/u0a181 (adj 975): empty #17
12-01 08:54:57.093 W/ActivityManager( 2118): Unable to start service Intent { act=com.android.launcher3.WINDOW_OVERLAY dat=app://com.android.launcher3:10168?v=9&cv=14 pkg=com.google.android.googlequicksearchbox } U=0: not found
12-01 08:54:57.848 V/AppLockService( 2118): setForegroundApp(com.android.launcher3)
12-01 08:54:57.863 D/ConnectivityService( 2118): NetworkAgentInfo [MOBILE (LTE) - 102] EVENT_NETWORK_INFO_CHANGED, going from CONNECTED to CONNECTED
12-01 08:54:58.277 I/ActivityManager( 2118): Killing 15193:com.google.android.apps.turbo:aab/u0a147 (adj 975): empty #17
12-01 08:54:58.287 I/ActivityManager( 2118): Killing 5489:com.coolapk.market/u0a714 (adj 905): remove task
12-01 08:54:58.370 W/ActivityManager( 2118): setHasOverlayUi called on <private info omitted> pid: 5489
12-01 08:55:01.219 I/ActivityTaskManager( 2118): START u0 {act=android.intent.action.MAIN cat=[android.intent.category.LAUNCHER] flg=0x10200000 cmp=com.coolapk.market/.view.main.MainActivity bnds=[635,1300][825,1520]} from uid 10168
12-01 08:55:01.262 I/ActivityManager( 2118): Start proc 5497:com.coolapk.market/u0a714 for pre-top-activity {com.coolapk.market/com.coolapk.market.view.main.MainActivity}
12-01 08:55:01.669 I/ActivityTaskManager( 2118): START u0 {act=android.content.pm.action.REQUEST_PERMISSIONS pkg=com.android.permissioncontroller cmp=com.android.permissioncontroller/com.android.packageinstaller.permission.ui.GrantPermissionsActivity (has extras)} from uid 10714
12-01 08:55:01.766 V/AppLockService( 2118): setForegroundApp(com.coolapk.market)
12-01 08:55:01.810 W/ActivityManager( 2118): Unable to start service Intent { act=com.google.android.gms.ads.identifier.service.START pkg=com.google.android.gms } U=0: not found
12-01 08:55:01.919 V/AppLockService( 2118): setForegroundApp(com.android.permissioncontroller)
12-01 08:55:01.948 V/AppLockService( 2118): setForegroundApp(com.coolapk.market)
12-01 08:55:02.011 W/ActivityManager( 2118): Unable to start service Intent { act=com.google.android.gms.ads.identifier.service.START pkg=com.google.android.gms } U=0: not found
12-01 08:55:02.677 I/RoleManagerService( 2118): Granting default permissions...
12-01 08:55:02.735 I/Telecom ( 2118): DefaultDialerCache: Refreshing default dialer for user 0: now com.android.dialer: DDC.oR@APo
12-01 08:55:02.766 W/VoiceInteractionManagerService( 2118): no available voice interaction services found for user 0
12-01 08:55:03.132 I/RoleUserState( 2118): Wrote roles.xml successfully
12-01 08:55:03.142 W/ActivityManager( 2118): Unable to start service Intent { act=com.android.launcher3.WINDOW_OVERLAY dat=app://com.android.launcher3:10168?v=9&cv=14 pkg=com.google.android.googlequicksearchbox } U=0: not found
12-01 08:55:03.973 I/RoleManagerService( 2118): Granting default permissions...
12-01 08:55:04.006 I/Telecom ( 2118): DefaultDialerCache: Refreshing default dialer for user 0: now com.android.dialer: DDC.oR@APs
12-01 08:55:04.103 W/VoiceInteractionManagerService( 2118): no available voice interaction services found for user 0
12-01 08:55:04.477 I/RoleUserState( 2118): Wrote roles.xml successfully
12-01 08:55:09.784 I/ActivityTaskManager( 2118): START u0 {cmp=com.coolapk.market/.view.appmanager.AppManagerActivity (has extras)} from uid 10714
12-01 08:55:09.961 V/AppLockService( 2118): setForegroundApp(com.coolapk.market)
12-01 08:55:10.293 D/ConnectivityService( 2118): NetworkAgentInfo [MOBILE (LTE) - 102] EVENT_NETWORK_INFO_CHANGED, going from CONNECTED to CONNECTED
12-01 08:55:13.736 I/ActivityTaskManager( 2118): START u0 {cmp=com.coolapk.market/.view.node.DynamicNodePageActivity (has extras)} from uid 10714
12-01 08:55:14.074 V/AppLockService( 2118): setForegroundApp(com.coolapk.market)
12-01 08:55:15.049 D/ConnectivityService( 2118): NetworkAgentInfo [MOBILE (LTE) - 102] EVENT_NETWORK_INFO_CHANGED, going from CONNECTED to CONNECTED
12-01 08:55:19.472 I/ActivityTaskManager( 2118): START u0 {cmp=com.coolapk.market/.view.feed.FeedDetailActivityV8 (has extras)} from uid 10714
12-01 08:55:19.582 V/AppLockService( 2118): setForegroundApp(com.coolapk.market)
--------- beginning of main
12-01 08:55:20.484 D/ItemViewBindingInterceptor( 5497): Bind: FeedShareActionViewHolder => ENTITY_TYPE_SHARE_ACTION, at ItemViewBindingInterceptor.onBindData(null:134)
12-01 08:55:20.487 D/ItemViewBindingInterceptor( 5497): Bind: FeedReplyTitleViewHolder => COMMENT_COUNT, at ItemViewBindingInterceptor.onBindData(null:134)
12-01 08:55:20.503 D/ItemViewBindingInterceptor( 5497): Bind: MultiFeedReplyViewHolder => feed_reply -> , at ItemViewBindingInterceptor.onBindData(null:134)
12-01 08:55:20.505 I/chatty  (  750): uid=0(root) Binder:750_3 expire 1 line
12-01 08:55:21.241 I/BpBinder(  862): onLastStrongRef automatically unlinking death recipients
12-01 08:55:21.267 I/chatty  (  862): uid=1000(system) Binder:862_4 identical 6 lines
12-01 08:55:21.270 I/BpBinder(  862): onLastStrongRef automatically unlinking death recipients
12-01 08:55:21.279 I/BpBinder(  862): onLastStrongRef automatically unlinking death recipients
12-01 08:55:21.287 I/BpBinder(  862): onLastStrongRef automatically unlinking death recipients
12-01 08:55:21.296 I/BpBinder(  862): onLastStrongRef automatically unlinking death recipients
12-01 08:55:21.304 I/BpBinder(  862): onLastStrongRef automatically unlinking death recipients
12-01 08:55:21.313 I/BpBinder(  862): onLastStrongRef automatically unlinking death recipients
12-01 08:55:21.321 I/BpBinder(  862): onLastStrongRef automatically unlinking death recipients
12-01 08:55:21.332 I/BpBinder(  862): onLastStrongRef automatically unlinking death recipients
12-01 08:55:21.339 I/BpBinder(  862): onLastStrongRef automatically unlinking death recipients
12-01 08:55:21.349 V/InputDispatcher( 2118): Asynchronous input event injection succeeded.
12-01 08:55:21.353 I/BpBinder(  862): onLastStrongRef automatically unlinking death recipients
12-01 08:55:21.356 V/InputDispatcher( 2118): Asynchronous input event injection succeeded.
12-01 08:55:21.380 D/ActivityLifecycle( 5497): application is in foreground: false, at ActivityLifecycle.onActivityPaused(null:39)
12-01 08:55:21.398 D/InstallQueue( 5497): App, at InstallQueue.onApplicationVisibleEventChanged(null:16)
12-01 08:55:21.499 V/PackageService( 5497): PackageService create, at PackageService.onCreate(null:8)
12-01 08:55:21.500 V/TaskService( 5497): Action: ACTION_INSTALL_QUEUEKey: ACTION_INSTALL_QUEUE, at TaskService.removeRepeatedIntentAction(null:46)
12-01 08:55:21.501 I/TaskService( 5497): (ACTION_INSTALL_QUEUE), at TaskService.removeRepeatedIntentAction(null:81)
12-01 08:55:21.503 V/TaskService( 5497): (ACTION_INSTALL_QUEUE), at TaskService.onHandleIntent(null:51)
12-01 08:55:21.510 I/GoogleInputMethodService( 6424): GoogleInputMethodService.onFinishInput():3308 
12-01 08:55:21.510 I/GoogleInputMethodService( 6424): GoogleInputMethodService.onStartInput():1887 
12-01 08:55:21.513 V/PackageService( 5497): PackageService destroy, at PackageService.onDestroy(null:15)
12-01 08:55:21.905 D/ActivityLifecycle( 5497): application is visible: true, at ActivityLifecycle.onActivityStopped(null:39)
12-01 08:55:22.826 W/ZappPhoneskyConn(14709): Timed out waiting for zapp response
12-01 08:55:22.827 I/ChmraDebugLogger(14709): [74] null
12-01 08:55:22.856 E/DynamicModuleDownloader(14709): Zapp module request failed: null
12-01 08:55:22.857 I/ChmraDebugLogger(14709): [30] [VisionOcr.optional:204217100400]
12-01 08:55:22.870 W/ChimeraConfigService(14709): Retry attempt was throttled.
12-01 08:55:22.871 I/ChmraDebugLogger(14709): [83] 1 [vision.ocr]
12-01 08:55:22.876 I/ChimeraConfigurator(14709): Starting update, reason: 4 urgentFeatures: vision.ocr:-1
12-01 08:55:21.417 V/AppLockService( 2118): setForegroundApp(com.coolapk.market)
12-01 08:55:22.951 I/ActivityTaskManager( 2118): START u0 {cmp=com.coolapk.market/.view.userv9.UserSpaceV9Activity (has extras)} from uid 10714
12-01 08:55:22.960 D/ActivityLifecycle( 5497): application is in foreground: false, at ActivityLifecycle.onActivityPaused(null:39)
12-01 08:55:22.968 W/ActivityThread( 5497): handleWindowVisibility: no activity for token android.os.BinderProxy@bbfce17
12-01 08:55:22.995 I/Finsky  ( 9804): [77] ankh.j(25): Module info request for [# bcjs@ed6d2e70] modules from package com.google.android.gms v=204217037 hasAccount:true authEnabled:false
12-01 08:55:23.013 I/Finsky  ( 9804): [70] ltm.l(1): Account name null when calculating account hash
12-01 08:55:23.026 D/StatisticHelper( 5497): recordCustomEvent node_click {action=}, at StatisticHelper.recordCustomKVEvent(null:104)
12-01 08:55:23.030 D/InstallQueue( 5497): App, at InstallQueue.onApplicationVisibleEventChanged(null:16)
12-01 08:55:23.030 D/NATIVE-LIB( 5497): time 1606784123
12-01 08:55:23.030 D/NATIVE-LIB( 5497): time 5fc5947b
12-01 08:55:23.041 V/HttpClientFactory$CoolMarketCookieJar( 5497): Add cookies, host: api.coolapk.com, at HttpClientFactory$CoolMarketCookieJar.loadForRequest(null:49)
12-01 08:55:23.052 V/AppLockService( 2118): setForegroundApp(com.coolapk.market)
12-01 08:55:23.108 V/PackageService( 5497): PackageService create, at PackageService.onCreate(null:8)
12-01 08:55:23.109 V/TaskService( 5497): Action: ACTION_INSTALL_QUEUEKey: ACTION_INSTALL_QUEUE, at TaskService.removeRepeatedIntentAction(null:46)
12-01 08:55:23.109 I/TaskService( 5497): (ACTION_INSTALL_QUEUE), at TaskService.removeRepeatedIntentAction(null:81)
12-01 08:55:23.109 V/TaskService( 5497): (ACTION_INSTALL_QUEUE), at TaskService.onHandleIntent(null:51)
12-01 08:55:23.120 I/GoogleInputMethodService( 6424): GoogleInputMethodService.onFinishInput():3308 
12-01 08:55:23.121 I/GoogleInputMethodService( 6424): GoogleInputMethodService.onStartInput():1887 
12-01 08:55:23.129 V/PackageService( 5497): PackageService destroy, at PackageService.onDestroy(null:15)
12-01 08:55:23.303 I/Vision  (14709): Requesting optional module download of face.
12-01 08:55:23.304 I/Vision  (14709): Requesting optional module download of barcode.
12-01 08:55:23.304 I/Vision  (14709): Requesting optional module download of ocr.
12-01 08:55:23.305 I/Vision  (14709): Checking for download completion for 428546 -- face,barcode,ocr
12-01 08:55:23.430 D/ActivityLifecycle( 5497): application is visible: true, at ActivityLifecycle.onActivityStopped(null:39)
12-01 08:55:24.181 I/.coolapk.marke( 5497): Compiler allocated 4770KB to compile com.coolapk.market.model.ServiceApp com.coolapk.market.model.$AutoValue_ServiceApp$GsonTypeAdapter.read(com.google.gson.stream.JsonReader)
12-01 08:55:24.228 I/.coolapk.marke( 5497): Compiler allocated 4714KB to compile com.coolapk.market.model.ServiceApp com.coolapk.market.model.$AutoValue_ServiceApp$GsonTypeAdapter.read(com.google.gson.stream.JsonReader)
12-01 08:55:24.465 W/GLSUser (14696): [AppCertManager] IOException while requesting key: 
12-01 08:55:24.465 W/GLSUser (14696): java.net.SocketTimeoutException: failed to connect to android.googleapis.com/172.217.160.106 (port 443) from /172.18.11.218 (port 48455) after 30000ms
12-01 08:55:24.465 W/GLSUser (14696): 	at libcore.io.IoBridge.connectErrno(IoBridge.java:191)
12-01 08:55:24.465 W/GLSUser (14696): 	at libcore.io.IoBridge.connect(IoBridge.java:135)
12-01 08:55:24.465 W/GLSUser (14696): 	at java.net.PlainSocketImpl.socketConnect(PlainSocketImpl.java:142)
12-01 08:55:24.465 W/GLSUser (14696): 	at java.net.AbstractPlainSocketImpl.doConnect(AbstractPlainSocketImpl.java:390)
12-01 08:55:24.465 W/GLSUser (14696): 	at java.net.AbstractPlainSocketImpl.connectToAddress(AbstractPlainSocketImpl.java:230)
12-01 08:55:24.465 W/GLSUser (14696): 	at java.net.AbstractPlainSocketImpl.connect(AbstractPlainSocketImpl.java:212)
12-01 08:55:24.465 W/GLSUser (14696): 	at java.net.SocksSocketImpl.connect(SocksSocketImpl.java:436)
12-01 08:55:24.465 W/GLSUser (14696): 	at java.net.Socket.connect(Socket.java:621)
12-01 08:55:24.465 W/GLSUser (14696): 	at com.android.okhttp.internal.Platform.connectSocket(Platform.java:182)
12-01 08:55:24.465 W/GLSUser (14696): 	at com.android.okhttp.internal.io.RealConnection.connectSocket(RealConnection.java:145)
12-01 08:55:24.465 W/GLSUser (14696): 	at com.android.okhttp.internal.io.RealConnection.connect(RealConnection.java:116)
12-01 08:55:24.465 W/GLSUser (14696): 	at com.android.okhttp.internal.http.StreamAllocation.findConnection(StreamAllocation.java:186)
12-01 08:55:24.465 W/GLSUser (14696): 	at com.android.okhttp.internal.http.StreamAllocation.findHealthyConnection(StreamAllocation.java:128)
12-01 08:55:24.465 W/GLSUser (14696): 	at com.android.okhttp.internal.http.StreamAllocation.newStream(StreamAllocation.java:97)
12-01 08:55:24.465 W/GLSUser (14696): 	at com.android.okhttp.internal.http.HttpEngine.connect(HttpEngine.java:289)
12-01 08:55:24.465 W/GLSUser (14696): 	at com.android.okhttp.internal.http.HttpEngine.sendRequest(HttpEngine.java:232)
12-01 08:55:24.465 W/GLSUser (14696): 	at com.android.okhttp.internal.huc.HttpURLConnectionImpl.execute(HttpURLConnectionImpl.java:465)
12-01 08:55:24.465 W/GLSUser (14696): 	at com.android.okhttp.internal.huc.HttpURLConnectionImpl.connect(HttpURLConnectionImpl.java:131)
12-01 08:55:24.465 W/GLSUser (14696): 	at com.android.okhttp.internal.huc.HttpURLConnectionImpl.getOutputStream(HttpURLConnectionImpl.java:262)
12-01 08:55:24.465 W/GLSUser (14696): 	at com.android.okhttp.internal.huc.DelegatingHttpsURLConnection.getOutputStream(DelegatingHttpsURLConnection.java:219)
12-01 08:55:24.465 W/GLSUser (14696): 	at com.android.okhttp.internal.huc.HttpsURLConnectionImpl.getOutputStream(HttpsURLConnectionImpl.java:30)
12-01 08:55:24.465 W/GLSUser (14696): 	at acoj.d(:com.google.android.gms@204217037@20.42.17 (120400-342117392):38)
12-01 08:55:24.465 W/GLSUser (14696): 	at jdd.a(:com.google.android.gms@204217037@20.42.17 (120400-342117392):6)
12-01 08:55:24.465 W/GLSUser (14696): 	at gfl.b(:com.google.android.gms@204217037@20.42.17 (120400-342117392):5)
12-01 08:55:24.465 W/GLSUser (14696): 	at gfl.a(:com.google.android.gms@204217037@20.42.17 (120400-342117392):5)
12-01 08:55:24.465 W/GLSUser (14696): 	at hzi.b(:com.google.android.gms@204217037@20.42.17 (120400-342117392):29)
12-01 08:55:24.465 W/GLSUser (14696): 	at hzg.a(:com.google.android.gms@204217037@20.42.17 (120400-342117392):2)
12-01 08:55:24.465 W/GLSUser (14696): 	at hzb.a(:com.google.android.gms@204217037@20.42.17 (120400-342117392):0)
12-01 08:55:24.465 W/GLSUser (14696): 	at hze.b(:com.google.android.gms@204217037@20.42.17 (120400-342117392):6)
12-01 08:55:24.465 W/GLSUser (14696): 	at gec.call(:com.google.android.gms@204217037@20.42.17 (120400-342117392):0)
12-01 08:55:24.465 W/GLSUser (14696): 	at java.util.concurrent.FutureTask.run(FutureTask.java:266)
12-01 08:55:24.465 W/GLSUser (14696): 	at tco.c(:com.google.android.gms@204217037@20.42.17 (120400-342117392):6)
12-01 08:55:24.465 W/GLSUser (14696): 	at tco.run(:com.google.android.gms@204217037@20.42.17 (120400-342117392):7)
12-01 08:55:24.465 W/GLSUser (14696): 	at java.util.concurrent.ThreadPoolExecutor.runWorker(ThreadPoolExecutor.java:1167)
12-01 08:55:24.465 W/GLSUser (14696): 	at java.util.concurrent.ThreadPoolExecutor$Worker.run(ThreadPoolExecutor.java:641)
12-01 08:55:24.465 W/GLSUser (14696): 	at tij.run(:com.google.android.gms@204217037@20.42.17 (120400-342117392):0)
12-01 08:55:24.465 W/GLSUser (14696): 	at java.lang.Thread.run(Thread.java:919)
12-01 08:55:25.538 E/DG      (16538): FSC error [CONTEXT service_id=25 ]
12-01 08:55:25.538 E/DG      (16538): javax.net.ssl.SSLHandshakeException: Connection closed by peer
12-01 08:55:25.538 E/DG      (16538): 	at com.google.android.gms.org.conscrypt.NativeCrypto.SSL_do_handshake(Native Method)
12-01 08:55:25.538 E/DG      (16538): 	at com.google.android.gms.org.conscrypt.NativeSsl.doHandshake(:com.google.android.gms@204217037@20.42.17 (120400-342117392):6)
12-01 08:55:25.538 E/DG      (16538): 	at com.google.android.gms.org.conscrypt.ConscryptFileDescriptorSocket.startHandshake(:com.google.android.gms@204217037@20.42.17 (120400-342117392):16)
12-01 08:55:25.538 E/DG      (16538): 	at com.android.okhttp.internal.io.RealConnection.connectTls(RealConnection.java:196)
12-01 08:55:25.538 E/DG      (16538): 	at com.android.okhttp.internal.io.RealConnection.connectSocket(RealConnection.java:153)
12-01 08:55:25.538 E/DG      (16538): 	at com.android.okhttp.internal.io.RealConnection.connect(RealConnection.java:116)
12-01 08:55:25.538 E/DG      (16538): 	at com.android.okhttp.internal.http.StreamAllocation.findConnection(StreamAllocation.java:186)
12-01 08:55:25.538 E/DG      (16538): 	at com.android.okhttp.internal.http.StreamAllocation.findHealthyConnection(StreamAllocation.java:128)
12-01 08:55:25.538 E/DG      (16538): 	at com.android.okhttp.internal.http.StreamAllocation.newStream(StreamAllocation.java:97)
12-01 08:55:25.538 E/DG      (16538): 	at com.android.okhttp.internal.http.HttpEngine.connect(HttpEngine.java:289)
12-01 08:55:25.538 E/DG      (16538): 	at com.android.okhttp.internal.http.HttpEngine.sendRequest(HttpEngine.java:232)
12-01 08:55:25.538 E/DG      (16538): 	at com.android.okhttp.internal.huc.HttpURLConnectionImpl.execute(HttpURLConnectionImpl.java:465)
12-01 08:55:25.538 E/DG      (16538): 	at com.android.okhttp.internal.huc.HttpURLConnectionImpl.connect(HttpURLConnectionImpl.java:131)
12-01 08:55:25.538 E/DG      (16538): 	at com.android.okhttp.internal.huc.HttpURLConnectionImpl.getOutputStream(HttpURLConnectionImpl.java:262)
12-01 08:55:25.538 E/DG      (16538): 	at com.android.okhttp.internal.huc.DelegatingHttpsURLConnection.getOutputStream(DelegatingHttpsURLConnection.java:219)
12-01 08:55:25.538 E/DG      (16538): 	at com.android.okhttp.internal.huc.HttpsURLConnectionImpl.getOutputStream(HttpsURLConnectionImpl.java:30)
12-01 08:55:25.538 E/DG      (16538): 	at wju.f(:com.google.android.gms@204217037@20.42.17 (120400-342117392):6)
12-01 08:55:25.538 E/DG      (16538): 	at wju.b(:com.google.android.gms@204217037@20.42.17 (120400-342117392):1)
12-01 08:55:25.538 E/DG      (16538): 	at wll.c(:com.google.android.gms@204217037@20.42.17 (120400-342117392):1)
12-01 08:55:25.538 E/DG      (16538): 	at wll.b(:com.google.android.gms@204217037@20.42.17 (120400-342117392):0)
12-01 08:55:25.538 E/DG      (16538): 	at com.google.android.gms.droidguard.DroidGuardChimeraService.c(:com.google.android.gms@204217037@20.42.17 (120400-342117392):30)
12-01 08:55:25.538 E/DG      (16538): 	at com.google.android.gms.droidguard.DroidGuardChimeraService.a(:com.google.android.gms@204217037@20.42.17 (120400-342117392):4)
12-01 08:55:25.538 E/DG      (16538): 	at com.google.android.gms.framework.tracing.wrapper.TracingIntentService.onHandleIntent(:com.google.android.gms@204217037@20.42.17 (120400-342117392):1)
12-01 08:55:25.538 E/DG      (16538): 	at cua.handleMessage(:com.google.android.gms@204217037@20.42.17 (120400-342117392):0)
12-01 08:55:25.538 E/DG      (16538): 	at android.os.Handler.dispatchMessage(Handler.java:107)
12-01 08:55:25.538 E/DG      (16538): 	at android.os.Looper.loop(Looper.java:214)
12-01 08:55:25.538 E/DG      (16538): 	at android.os.HandlerThread.run(HandlerThread.java:67)
12-01 08:55:25.722 D/NATIVE-LIB( 5497): time 1606784125
12-01 08:55:25.722 D/NATIVE-LIB( 5497): time 5fc5947d
